07-26 09:50:55.139 27575 28517 E RequestContextBuilder:         at android.content.ContentResolver.query(ContentResolver.java:1255)
07-26 09:50:55.139 27575 28517 E RequestContextBuilder:         at android.content.ContentResolver.query(ContentResolver.java:1182)
07-26 09:50:55.139 27575 28517 E RequestContextBuilder:         at android.content.ContentResolver.query(ContentResolver.java:1138)
07-26 09:50:55.139 27575 28517 E RequestContextBuilder:         at fxjk.c(:com.google.android.gms@252635029@25.26.35 (190400-783060121):113)
07-26 09:50:55.139 27575 28517 E RequestContextBuilder:         at fvyy.c(:com.google.android.gms@252635029@25.26.35 (190400-783060121):434)
07-26 09:50:55.139 27575 28517 E RequestContextBuilder:         at fvxi.b(:com.google.android.gms@252635029@25.26.35 (190400-783060121):44)
07-26 09:50:55.139 27575 28517 E RequestContextBuilder:         at hvjb.v(:com.google.android.gms@252635029@25.26.35 (190400-783060121):11)
07-26 09:50:55.139 27575 28517 E RequestContextBuilder:         at hvtu.run(:com.google.android.gms@252635029@25.26.35 (190400-783060121):112)
07-26 09:50:55.139 27575 28517 E RequestContextBuilder:         at azsg.c(:com.google.android.gms@252635029@25.26.35 (190400-783060121):50)
07-26 09:50:55.139 27575 28517 E RequestContextBuilder:         at azsg.run(:com.google.android.gms@252635029@25.26.35 (190400-783060121):70)
07-26 09:50:55.139 27575 28517 E RequestContextBuilder:         at java.util.concurrent.ThreadPoolExecutor.runWorker(ThreadPoolExecutor.java:1156)
07-26 09:50:55.139 27575 28517 E RequestContextBuilder:         at java.util.concurrent.ThreadPoolExecutor$Worker.run(ThreadPoolExecutor.java:651)
07-26 09:50:55.139 27575 28517 E RequestContextBuilder:         at azxy.run(:com.google.android.gms@252635029@25.26.35 (190400-783060121):8)
07-26 09:50:55.139 27575 28517 E RequestContextBuilder:         at java.lang.Thread.run(Thread.java:1119)
07-26 09:50:55.227 26176 26176 E MethodChannel#lyokone/location: Failed to handle method call
07-26 09:50:55.227 26176 26176 E MethodChannel#lyokone/location: android.content.ActivityNotFoundException
07-26 09:50:55.227 26176 26176 E MethodChannel#lyokone/location:        at lfo.g(PG:1)
07-26 09:50:55.227 26176 26176 E MethodChannel#lyokone/location:        at lfq.onMethodCall(PG:20)
07-26 09:50:55.227 26176 26176 E MethodChannel#lyokone/location:        at io.flutter.plugin.common.MethodChannel$IncomingMethodCallHandler.onMessage(PG:2)
07-26 09:50:55.227 26176 26176 E MethodChannel#lyokone/location:        at io.flutter.embedding.engine.dart.DartMessenger.invokeHandler(PG:1)
07-26 09:50:55.227 26176 26176 E MethodChannel#lyokone/location:        at io.flutter.embedding.engine.dart.DartMessenger.lambda$dispatchMessageToQueue$0$io-flutter-embedding-engine-dart-DartMessenger(PG:3)
07-26 09:50:55.227 26176 26176 E MethodChannel#lyokone/location:        at io.flutter.embedding.engine.dart.DartMessenger$$ExternalSyntheticLambda0.run(Unknown Source:12)
07-26 09:50:55.227 26176 26176 E MethodChannel#lyokone/location:        at android.os.Handler.handleCallback(Handler.java:942)
07-26 09:50:55.227 26176 26176 E MethodChannel#lyokone/location:        at android.os.Handler.dispatchMessage(Handler.java:99)
07-26 09:50:55.227 26176 26176 E MethodChannel#lyokone/location:        at android.os.Looper.loopOnce(Looper.java:223)
07-26 09:50:55.227 26176 26176 E MethodChannel#lyokone/location:        at android.os.Looper.loop(Looper.java:324)
07-26 09:50:55.227 26176 26176 E MethodChannel#lyokone/location:        at android.app.ActivityThread.main(ActivityThread.java:8346)
07-26 09:50:55.227 26176 26176 E MethodChannel#lyokone/location:        at java.lang.reflect.Method.invoke(Native Method)
07-26 09:50:55.227 26176 26176 E MethodChannel#lyokone/location:        at com.android.internal.os.RuntimeInit$MethodAndArgsCaller.run(RuntimeInit.java:582)
07-26 09:50:55.227 26176 26176 E MethodChannel#lyokone/location:        at com.android.internal.os.ZygoteInit.main(ZygoteInit.java:1059)
07-26 09:50:55.285 26176 28539 E FirebaseInstanceId: Failed to get FIS auth token
07-26 09:50:55.285 26176 28539 E FirebaseInstanceId: java.util.concurrent.ExecutionException: jox: Firebase Installations Service is unavailable. Please try again later.
07-26 09:50:55.285 26176 28539 E FirebaseInstanceId:    at bpn.q(PG:5)
07-26 09:50:55.285 26176 28539 E FirebaseInstanceId:    at bpn.k(PG:9)
07-26 09:50:55.285 26176 28539 E FirebaseInstanceId:    at jol.a(PG:11)
07-26 09:50:55.285 26176 28539 E FirebaseInstanceId:    at jnk.d(PG:3)
07-26 09:50:55.285 26176 28539 E FirebaseInstanceId:    at joi.a(PG:5)
07-26 09:50:55.285 26176 28539 E FirebaseInstanceId:    at elh.run(PG:19)
07-26 09:50:55.285 26176 28539 E FirebaseInstanceId:    at java.util.concurrent.ThreadPoolExecutor.runWorker(ThreadPoolExecutor.java:1156)
07-26 09:50:55.285 26176 28539 E FirebaseInstanceId:    at java.util.concurrent.ThreadPoolExecutor$Worker.run(ThreadPoolExecutor.java:651)
07-26 09:50:55.285 26176 28539 E FirebaseInstanceId:    at sn.run(PG:25)
07-26 09:50:55.285 26176 28539 E FirebaseInstanceId:    at java.lang.Thread.run(Thread.java:1119)
07-26 09:50:55.285 26176 28539 E FirebaseInstanceId: Caused by: jox: Firebase Installations Service is unavailable. Please try again later.
07-26 09:50:55.285 26176 28539 E FirebaseInstanceId:    at jpj.b(PG:2)
07-26 09:50:55.285 26176 28539 E FirebaseInstanceId:    at jou.run(PG:19)
07-26 09:50:55.285 26176 28539 E FirebaseInstanceId:    at java.util.concurrent.ThreadPoolExecutor.runWorker(ThreadPoolExecutor.java:1156)
07-26 09:50:55.285 26176 28539 E FirebaseInstanceId:    at java.util.concurrent.ThreadPoolExecutor$Worker.run(ThreadPoolExecutor.java:651)
07-26 09:50:55.285 26176 28539 E FirebaseInstanceId:    ... 1 more
07-26 09:50:55.520 28123 28559 E chromium: [0726/095055.512976:ERROR:android_webview/browser/variations/variations_seed_loader.cc:39] Seed missing signature.
07-26 09:50:55.667 28570 28570 E libc    : SetHeapTaggingLevel: re-enabling tagging after it was disabled is not supported
07-26 09:50:55.675 28570 28570 E ocessService0:0: Not starting debugger since process cannot load thejdwp agent.
07-26 09:50:55.765 26176 28535 E FirebaseInstanceId: Topic sync or token retrieval failed on hard failure exceptions: FIS_AUTH_ERROR. Won't retry the operation.
07-26 09:50:56.141 26176 26176 E MethodChannel#lyokone/location: Failed to handle method call
07-26 09:50:56.141 26176 26176 E MethodChannel#lyokone/location: android.content.ActivityNotFoundException
07-26 09:50:56.141 26176 26176 E MethodChannel#lyokone/location:        at lfo.g(PG:1)
07-26 09:50:56.141 26176 26176 E MethodChannel#lyokone/location:        at lfq.onMethodCall(PG:20)
07-26 09:50:56.141 26176 26176 E MethodChannel#lyokone/location:        at io.flutter.plugin.common.MethodChannel$IncomingMethodCallHandler.onMessage(PG:2)
07-26 09:50:56.141 26176 26176 E MethodChannel#lyokone/location:        at io.flutter.embedding.engine.dart.DartMessenger.invokeHandler(PG:1)
07-26 09:50:56.141 26176 26176 E MethodChannel#lyokone/location:        at io.flutter.embedding.engine.dart.DartMessenger.lambda$dispatchMessageToQueue$0$io-flutter-embedding-engine-dart-DartMessenger(PG:3)
07-26 09:50:56.141 26176 26176 E MethodChannel#lyokone/location:        at io.flutter.embedding.engine.dart.DartMessenger$$ExternalSyntheticLambda0.run(Unknown Source:12)
07-26 09:50:56.141 26176 26176 E MethodChannel#lyokone/location:        at android.os.Handler.handleCallback(Handler.java:942)
07-26 09:50:56.141 26176 26176 E MethodChannel#lyokone/location:        at android.os.Handler.dispatchMessage(Handler.java:99)
07-26 09:50:56.141 26176 26176 E MethodChannel#lyokone/location:        at android.os.Looper.loopOnce(Looper.java:223)
07-26 09:50:56.141 26176 26176 E MethodChannel#lyokone/location:        at android.os.Looper.loop(Looper.java:324)
07-26 09:50:56.141 26176 26176 E MethodChannel#lyokone/location:        at android.app.ActivityThread.main(ActivityThread.java:8346)
07-26 09:50:56.141 26176 26176 E MethodChannel#lyokone/location:        at java.lang.reflect.Method.invoke(Native Method)
07-26 09:50:56.141 26176 26176 E MethodChannel#lyokone/location:        at com.android.internal.os.RuntimeInit$MethodAndArgsCaller.run(RuntimeInit.java:582)
07-26 09:50:56.141 26176 26176 E MethodChannel#lyokone/location:        at com.android.internal.os.ZygoteInit.main(ZygoteInit.java:1059)
07-26 09:50:56.293 28648 28648 E com.ubercab: Not starting debugger since process cannot load the jdwp agent.
07-26 09:50:57.207 28648 28728 E com.ubercab: No package ID 6a found for ID 0x6a0b000f.
07-26 09:50:57.636 28763 28763 E oid.apps.photos: Not starting debugger since process cannot load thejdwp agent.
07-26 09:50:57.785 28788 28788 E m.udemy.android: Not starting debugger since process cannot load thejdwp agent.
07-26 09:50:57.957 28763 28763 E oid.apps.photos: hiddenapi: Accessing hidden field Ljava/util/Collections$SynchronizedCollection;->mutex:Ljava/lang/Object; (runtime_flags=0, domain=core-platform, api=max-target-o) from Lj$/util/DesugarCollections; (domain=app) using reflection: denied
07-26 09:50:57.958 28763 28763 E oid.apps.photos: hiddenapi: Accessing hidden method Ljava/util/Collections$SynchronizedSet;-><init>(Ljava/util/Set;Ljava/lang/Object;)V (runtime_flags=0, domain=core-platform, api=max-target-o) from Lj$/util/DesugarCollections; (domain=app) using reflection: denied
07-26 09:50:57.958 28763 28763 E oid.apps.photos: hiddenapi: Accessing hidden method Ljava/util/Collections$SynchronizedCollection;-><init>(Ljava/util/Collection;Ljava/lang/Object;)V (runtime_flags=0, domain=core-platform, api=max-target-o) from Lj$/util/DesugarCollections; (domain=app) using reflection:denied
07-26 09:50:58.067 28648 28809 E GoogleApiManager: Failed to get service from broker.
07-26 09:50:58.067 28648 28809 E GoogleApiManager: java.lang.SecurityException: Unknown calling package name 'com.google.android.gms'.
07-26 09:50:58.067 28648 28809 E GoogleApiManager:      at android.os.Parcel.createExceptionOrNull(Parcel.java:3025)
07-26 09:50:58.067 28648 28809 E GoogleApiManager:      at android.os.Parcel.createException(Parcel.java:3009)
07-26 09:50:58.067 28648 28809 E GoogleApiManager:      at android.os.Parcel.readException(Parcel.java:2992)
07-26 09:50:58.067 28648 28809 E GoogleApiManager:      at android.os.Parcel.readException(Parcel.java:2934)
07-26 09:50:58.067 28648 28809 E GoogleApiManager:      at ayzf.a(:com.google.android.gms@252635029@25.26.35 (190400-783060121):36)
07-26 09:50:58.067 28648 28809 E GoogleApiManager:      at ayxm.z(:com.google.android.gms@252635029@25.26.35 (190400-783060121):143)
07-26 09:50:58.067 28648 28809 E GoogleApiManager:      at ayej.run(:com.google.android.gms@252635029@25.26.35 (190400-783060121):42)
07-26 09:50:58.067 28648 28809 E GoogleApiManager:      at android.os.Handler.handleCallback(Handler.java:942)
07-26 09:50:58.067 28648 28809 E GoogleApiManager:      at android.os.Handler.dispatchMessage(Handler.java:99)
07-26 09:50:58.067 28648 28809 E GoogleApiManager:      at civv.mw(:com.google.android.gms@252635029@25.26.35 (190400-783060121):1)
07-26 09:50:58.067 28648 28809 E GoogleApiManager:      at civv.dispatchMessage(:com.google.android.gms@252635029@25.26.35 (190400-783060121):5)
07-26 09:50:58.067 28648 28809 E GoogleApiManager:      at android.os.Looper.loopOnce(Looper.java:223)
07-26 09:50:58.067 28648 28809 E GoogleApiManager:      at android.os.Looper.loop(Looper.java:324)
07-26 09:50:58.067 28648 28809 E GoogleApiManager:      at android.os.HandlerThread.run(HandlerThread.java:67)
07-26 09:50:59.014 28788 28899 E m.udemy.android: No package ID 6a found for ID 0x6a0b000f.
07-26 09:50:59.991 28788 28788 E UDEMY:Timber.kt:12: User component has not been initialized
07-26 09:50:59.991 28788 28788 E UDEMY:Timber.kt:12: com.udemy.android.core.util.UnspecifiedException
07-26 09:50:59.991 28788 28788 E UDEMY:Timber.kt:12:    at com.udemy.android.CombinedUserManager.c(CombinedUserManager.kt:9)
07-26 09:50:59.991 28788 28788 E UDEMY:Timber.kt:12:    at com.udemy.android.user.AbstractUserManager.androidInjector(AbstractUserManager.kt:1)
07-26 09:50:59.991 28788 28788 E UDEMY:Timber.kt:12:    at com.udemy.android.CombinedApplication.androidInjector(CombinedApplication.kt:5)
07-26 09:50:59.991 28788 28788 E UDEMY:Timber.kt:12:    at com.udemy.android.core.di.InjectionKt.a(Injection.kt:34)
07-26 09:50:59.991 28788 28788 E UDEMY:Timber.kt:12:    at com.udemy.android.data.DataModuleInitializer.a(DataModule.kt:17)
07-26 09:50:59.991 28788 28788 E UDEMY:Timber.kt:12:    at com.udemy.android.CombinedApplication.b(CombinedApplication.kt:176)
07-26 09:50:59.991 28788 28788 E UDEMY:Timber.kt:12:    at com.udemy.android.UdemyApplication.onCreate(UdemyApplication.java:129)
07-26 09:50:59.991 28788 28788 E UDEMY:Timber.kt:12:    at com.udemy.android.CombinedApplication.onCreate(CombinedApplication.kt:5)
07-26 09:50:59.991 28788 28788 E UDEMY:Timber.kt:12:    at android.app.Instrumentation.callApplicationOnCreate(Instrumentation.java:1266)
07-26 09:50:59.991 28788 28788 E UDEMY:Timber.kt:12:    at android.app.ActivityThread.handleBindApplication(ActivityThread.java:7177)
07-26 09:50:59.991 28788 28788 E UDEMY:Timber.kt:12:    at android.app.ActivityThread.-$$Nest$mhandleBindApplication(Unknown Source:0)
07-26 09:50:59.991 28788 28788 E UDEMY:Timber.kt:12:    at android.app.ActivityThread$H.handleMessage(ActivityThread.java:2302)
07-26 09:50:59.991 28788 28788 E UDEMY:Timber.kt:12:    at android.os.Handler.dispatchMessage(Handler.java:106)
07-26 09:50:59.991 28788 28788 E UDEMY:Timber.kt:12:    at android.os.Looper.loopOnce(Looper.java:223)
07-26 09:50:59.991 28788 28788 E UDEMY:Timber.kt:12:    at android.os.Looper.loop(Looper.java:324)
07-26 09:50:59.991 28788 28788 E UDEMY:Timber.kt:12:    at android.app.ActivityThread.main(ActivityThread.java:8346)
07-26 09:50:59.991 28788 28788 E UDEMY:Timber.kt:12:    at java.lang.reflect.Method.invoke(Native Method)
07-26 09:50:59.991 28788 28788 E UDEMY:Timber.kt:12:    at com.android.internal.os.RuntimeInit$MethodAndArgsCaller.run(RuntimeInit.java:582)
07-26 09:50:59.991 28788 28788 E UDEMY:Timber.kt:12:    at com.android.internal.os.ZygoteInit.main(ZygoteInit.java:1059)
07-26 09:50:59.991 28788 28788 E UDEMY:Timber.kt:12:
07-26 09:50:59.991 28788 28788 E UDEMY:Timber.kt:12: com.udemy.android.core.util.UnspecifiedException
07-26 09:50:59.991 28788 28788 E UDEMY:Timber.kt:12:    at com.udemy.android.CombinedUserManager.c(CombinedUserManager.kt:9)
07-26 09:50:59.991 28788 28788 E UDEMY:Timber.kt:12:    at com.udemy.android.user.AbstractUserManager.androidInjector(AbstractUserManager.kt:1)
07-26 09:50:59.991 28788 28788 E UDEMY:Timber.kt:12:    at com.udemy.android.CombinedApplication.androidInjector(CombinedApplication.kt:5)
07-26 09:50:59.991 28788 28788 E UDEMY:Timber.kt:12:    at com.udemy.android.core.di.InjectionKt.a(Injection.kt:34)
07-26 09:50:59.991 28788 28788 E UDEMY:Timber.kt:12:    at com.udemy.android.data.DataModuleInitializer.a(DataModule.kt:17)
07-26 09:50:59.991 28788 28788 E UDEMY:Timber.kt:12:    at com.udemy.android.CombinedApplication.b(CombinedApplication.kt:176)
07-26 09:50:59.991 28788 28788 E UDEMY:Timber.kt:12:    at com.udemy.android.UdemyApplication.onCreate(UdemyApplication.java:129)
07-26 09:50:59.991 28788 28788 E UDEMY:Timber.kt:12:    at com.udemy.android.CombinedApplication.onCreate(CombinedApplication.kt:5)
07-26 09:50:59.991 28788 28788 E UDEMY:Timber.kt:12:    at android.app.Instrumentation.callApplicationOnCreate(Instrumentation.java:1266)
07-26 09:50:59.991 28788 28788 E UDEMY:Timber.kt:12:    at android.app.ActivityThread.handleBindApplication(ActivityThread.java:7177)
07-26 09:50:59.991 28788 28788 E UDEMY:Timber.kt:12:    at android.app.ActivityThread.-$$Nest$mhandleBindApplication(Unknown Source:0)
07-26 09:50:59.991 28788 28788 E UDEMY:Timber.kt:12:    at android.app.ActivityThread$H.handleMessage(ActivityThread.java:2302)
07-26 09:50:59.991 28788 28788 E UDEMY:Timber.kt:12:    at android.os.Handler.dispatchMessage(Handler.java:106)
07-26 09:50:59.991 28788 28788 E UDEMY:Timber.kt:12:    at android.os.Looper.loopOnce(Looper.java:223)
07-26 09:50:59.991 28788 28788 E UDEMY:Timber.kt:12:    at android.os.Looper.loop(Looper.java:324)
07-26 09:50:59.991 28788 28788 E UDEMY:Timber.kt:12:    at android.app.ActivityThread.main(ActivityThread.java:8346)
07-26 09:50:59.991 28788 28788 E UDEMY:Timber.kt:12:    at java.lang.reflect.Method.invoke(Native Method)
07-26 09:50:59.991 28788 28788 E UDEMY:Timber.kt:12:    at com.android.internal.os.RuntimeInit$MethodAndArgsCaller.run(RuntimeInit.java:582)
07-26 09:50:59.991 28788 28788 E UDEMY:Timber.kt:12:    at com.android.internal.os.ZygoteInit.main(ZygoteInit.java:1059)
07-26 09:51:00.669 29088 29088 E eptoconsumerapp: Not starting debugger since process cannot load thejdwp agent.
07-26 09:51:00.792 28788 29116 E IBG-Core: Instabug API {Instabug.setUserAttribute} was called beforethe SDK is built. To build it, please call Instabug.Builder().build().
07-26 09:51:01.016 28788 29116 E IBG-Core: NDK Plugin wasn't loaded
07-26 09:51:01.252 28788 29200 E IBG-Core: Couldn't sync attributes current user is not identified
07-26 09:51:01.677 29246 29246 E cebook.services: Not starting debugger since process cannot load thejdwp agent.
07-26 09:51:01.759 28375 29228 E RoleControllerServiceImpl: Default/fallback role holder package doesn't qualify for the role, package: com.google.android.gms.supervision, role: android.app.role.SYSTEM_SUPERVISION
07-26 09:51:01.917 29230 29275 E ogle.android.gm: hiddenapi: Accessing hidden field Ljava/util/Collections$SynchronizedCollection;->mutex:Ljava/lang/Object; (runtime_flags=0, domain=core-platform, api=max-target-o) from Lj$/util/DesugarCollections; (domain=app) using reflection: denied
07-26 09:51:01.937 29230 29275 E ogle.android.gm: hiddenapi: Accessing hidden method Ljava/util/Collections$SynchronizedSet;-><init>(Ljava/util/Set;Ljava/lang/Object;)V (runtime_flags=0, domain=core-platform, api=max-target-o) from Lj$/util/DesugarCollections; (domain=app) using reflection: denied
07-26 09:51:01.937 29230 29275 E ogle.android.gm: hiddenapi: Accessing hidden method Ljava/util/Collections$SynchronizedCollection;-><init>(Ljava/util/Collection;Ljava/lang/Object;)V (runtime_flags=0, domain=core-platform, api=max-target-o) from Lj$/util/DesugarCollections; (domain=app) using reflection:denied
07-26 09:51:02.480 29230 29230 E ogle.android.gm: Invalid ID 0x00000000.
07-26 09:51:02.576 29230 29376 E ambz    : Sync subscriptions not available
07-26 09:51:02.700 29230 29230 E ogle.android.gm: Invalid ID 0x00000000.
07-26 09:51:02.744 29449 29449 E nk:link.monitor: Not starting debugger since process cannot load thejdwp agent.
07-26 09:51:03.335 29230 29559 E ambz    : Sync subscriptions not available
07-26 09:51:03.470 29230 29580 E ambz    : Sync subscriptions not available
07-26 09:51:03.503 29230 29567 E ambz    : Sync subscriptions not available
07-26 09:51:03.505 27100 29694 E FilePhenotypeFlags: Config package com.google.android.gms.clearcut_client#com.msf.angelmobile cannot use FILE backing without declarative registration. See go/phenotype-android-integration#phenotype for more information. This will lead to stale flags.
07-26 09:51:03.615 27100 29694 E FilePhenotypeFlags: Config package com.google.android.gms.clearcut_client#com.msf.angelmobile cannot use FILE backing without declarative registration. See go/phenotype-android-integration#phenotype for more information. This will lead to stale flags.
07-26 09:51:03.740 28375 29228 E RoleControllerServiceImpl: Default/fallback role holder package doesn't qualify for the role, package: com.google.android.gms.supervision, role: android.app.role.SYSTEM_SUPERVISION
07-26 09:51:03.772 29088 29626 E eptoconsumerapp: No package ID 6a found for ID 0x6a0b000f.
07-26 09:51:04.000 29230 29289 E aaiq    : Account requirement [MailAccountRequirement] for account id 6 terminated. Assuming valid result.
07-26 09:51:04.000 29230 29289 E aaiq    : bcow: Timed out waiting for 1000 ms
07-26 09:51:04.000 29230 29289 E aaiq    :      at bcox.run(PG:24)
07-26 09:51:04.000 29230 29289 E aaiq    :      at java.util.concurrent.Executors$RunnableAdapter.call(Executors.java:524)
07-26 09:51:04.000 29230 29289 E aaiq    :      at java.util.concurrent.FutureTask.run(FutureTask.java:317)
07-26 09:51:04.000 29230 29289 E aaiq    :      at java.util.concurrent.ThreadPoolExecutor.runWorker(ThreadPoolExecutor.java:1156)
07-26 09:51:04.000 29230 29289 E aaiq    :      at java.util.concurrent.ThreadPoolExecutor$Worker.run(ThreadPoolExecutor.java:651)
07-26 09:51:04.000 29230 29289 E aaiq    :      at xzs.run(PG:254)
07-26 09:51:04.000 29230 29289 E aaiq    :      at java.lang.Thread.run(Thread.java:1119)
07-26 09:51:04.000 29230 29289 E aaiq    :      at zav.run(PG:51)
07-26 09:51:04.067 29230 29230 E kez     : AbstractActivityBaseController: Received null cursor from loader id: 31 [CONTEXT android_log_tag="AABController" ]
07-26 09:51:04.067 29230 29230 E kez     : RecentFolderList: RecentFolderList.loadFromUiProvider: badinput. mAccount=com.android.mail.providers.Account@e25bce8b{name=323333751 type=com.google syncStatus=0 securityHold=FREE_TO_SYNC},cursor=null
07-26 09:51:04.104 29230 29323 E PhenotypeFlagCommitter: Retrieving snapshot for com.google.android.gm#com.google.android.gm_Hub failed
07-26 09:51:04.104 29230 29323 E PhenotypeFlagCommitter: java.util.concurrent.TimeoutException: Timedout waiting for Task
07-26 09:51:04.104 29230 29323 E PhenotypeFlagCommitter:        at qde.W(PG:48)
07-26 09:51:04.104 29230 29323 E PhenotypeFlagCommitter:        at sfl.i(PG:11)
07-26 09:51:04.104 29230 29323 E PhenotypeFlagCommitter:        at sfl.j(PG:42)
07-26 09:51:04.104 29230 29323 E PhenotypeFlagCommitter:        at sfl.f(PG:7)
07-26 09:51:04.104 29230 29323 E PhenotypeFlagCommitter:        at ibr.run(PG:132)
07-26 09:51:04.104 29230 29323 E PhenotypeFlagCommitter:        at java.util.concurrent.ThreadPoolExecutor.runWorker(ThreadPoolExecutor.java:1156)
07-26 09:51:04.104 29230 29323 E PhenotypeFlagCommitter:        at java.util.concurrent.ThreadPoolExecutor$Worker.run(ThreadPoolExecutor.java:651)
07-26 09:51:04.104 29230 29323 E PhenotypeFlagCommitter:        at java.lang.Thread.run(Thread.java:1119)
07-26 09:51:04.171 29230 29564 E GoogleApiManager: Failed to get service from broker.
07-26 09:51:04.171 29230 29564 E GoogleApiManager: java.lang.SecurityException: Unknown calling package name 'com.google.android.gms'.
07-26 09:51:04.171 29230 29564 E GoogleApiManager:      at android.os.Parcel.createExceptionOrNull(Parcel.java:3025)
07-26 09:51:04.171 29230 29564 E GoogleApiManager:      at android.os.Parcel.createException(Parcel.java:3009)
07-26 09:51:04.171 29230 29564 E GoogleApiManager:      at android.os.Parcel.readException(Parcel.java:2992)
07-26 09:51:04.171 29230 29564 E GoogleApiManager:      at android.os.Parcel.readException(Parcel.java:2934)
07-26 09:51:04.171 29230 29564 E GoogleApiManager:      at ayzf.a(:com.google.android.gms@252635029@25.26.35 (190400-783060121):36)
07-26 09:51:04.171 29230 29564 E GoogleApiManager:      at ayxm.z(:com.google.android.gms@252635029@25.26.35 (190400-783060121):143)
07-26 09:51:04.171 29230 29564 E GoogleApiManager:      at ayej.run(:com.google.android.gms@252635029@25.26.35 (190400-783060121):42)
07-26 09:51:04.171 29230 29564 E GoogleApiManager:      at android.os.Handler.handleCallback(Handler.java:942)
07-26 09:51:04.171 29230 29564 E GoogleApiManager:      at android.os.Handler.dispatchMessage(Handler.java:99)
07-26 09:51:04.171 29230 29564 E GoogleApiManager:      at civv.mw(:com.google.android.gms@252635029@25.26.35 (190400-783060121):1)
07-26 09:51:04.171 29230 29564 E GoogleApiManager:      at civv.dispatchMessage(:com.google.android.gms@252635029@25.26.35 (190400-783060121):5)
07-26 09:51:04.171 29230 29564 E GoogleApiManager:      at android.os.Looper.loopOnce(Looper.java:223)
07-26 09:51:04.171 29230 29564 E GoogleApiManager:      at android.os.Looper.loop(Looper.java:324)
07-26 09:51:04.171 29230 29564 E GoogleApiManager:      at android.os.HandlerThread.run(HandlerThread.java:67)
07-26 09:51:04.206 29230 29293 E ErrorLoggingExecutor: Uncaught exception from runnable
07-26 09:51:04.206 29230 29293 E ErrorLoggingExecutor: java.lang.NullPointerException: Attempt to invoke virtual method 'java.lang.Class java.lang.Object.getClass()' on a null object reference
07-26 09:51:04.206 29230 29293 E ErrorLoggingExecutor:  at nax.m(PG:15)
07-26 09:51:04.206 29230 29293 E ErrorLoggingExecutor:  at zyg.b(PG:1206)
07-26 09:51:04.206 29230 29293 E ErrorLoggingExecutor:  at aspj.b(PG:13)
07-26 09:51:04.206 29230 29293 E ErrorLoggingExecutor:  at awem.run(PG:99)
07-26 09:51:04.206 29230 29293 E ErrorLoggingExecutor:  at zas.run(PG:3)
07-26 09:51:04.206 29230 29293 E ErrorLoggingExecutor:  at java.util.concurrent.ThreadPoolExecutor.runWorker(ThreadPoolExecutor.java:1156)
07-26 09:51:04.206 29230 29293 E ErrorLoggingExecutor:  at java.util.concurrent.ThreadPoolExecutor$Worker.run(ThreadPoolExecutor.java:651)
07-26 09:51:04.206 29230 29293 E ErrorLoggingExecutor:  at xzr.run(PG:26)
07-26 09:51:04.206 29230 29293 E ErrorLoggingExecutor:  at java.lang.Thread.run(Thread.java:1119)
07-26 09:51:04.206 29230 29293 E ErrorLoggingExecutor:  at zav.run(PG:51)
07-26 09:51:04.206 29230 29293 E ErrorLoggingExecutor: Uncaught exception from runnable
07-26 09:51:04.206 29230 29293 E ErrorLoggingExecutor: java.lang.NullPointerException: Attempt to invoke virtual method 'java.lang.Class java.lang.Object.getClass()' on a null object reference
07-26 09:51:04.206 29230 29293 E ErrorLoggingExecutor:  at nax.m(PG:15)
07-26 09:51:04.206 29230 29293 E ErrorLoggingExecutor:  at zyg.b(PG:1206)
07-26 09:51:04.206 29230 29293 E ErrorLoggingExecutor:  at aspj.b(PG:13)
07-26 09:51:04.206 29230 29293 E ErrorLoggingExecutor:  at awem.run(PG:99)
07-26 09:51:04.206 29230 29293 E ErrorLoggingExecutor:  at zas.run(PG:3)
07-26 09:51:04.206 29230 29293 E ErrorLoggingExecutor:  at java.util.concurrent.ThreadPoolExecutor.runWorker(ThreadPoolExecutor.java:1156)
07-26 09:51:04.206 29230 29293 E ErrorLoggingExecutor:  at java.util.concurrent.ThreadPoolExecutor$Worker.run(ThreadPoolExecutor.java:651)
07-26 09:51:04.206 29230 29293 E ErrorLoggingExecutor:  at xzr.run(PG:26)
07-26 09:51:04.206 29230 29293 E ErrorLoggingExecutor:  at java.lang.Thread.run(Thread.java:1119)
07-26 09:51:04.206 29230 29293 E ErrorLoggingExecutor:  at zav.run(PG:51)
07-26 09:51:04.336 29230 29307 E kez     : GnpSdk: Error creating IN clause for number: [0], column [thread_id]
07-26 09:51:04.336 29230 29307 E kez     : java.lang.Exception
07-26 09:51:04.336 29230 29307 E kez     :      at acub.h(PG:45)
07-26 09:51:04.336 29230 29307 E kez     :      at acub.b(PG:30)
07-26 09:51:04.336 29230 29307 E kez     :      at vrc.k(PG:13)
07-26 09:51:04.336 29230 29307 E kez     :      at addu.e(PG:20)
07-26 09:51:04.336 29230 29307 E kez     :      at lgf.a(PG:48)
07-26 09:51:04.336 29230 29307 E kez     :      at izj.a(PG:684)
07-26 09:51:04.336 29230 29307 E kez     :      at awdl.a(PG:57)
07-26 09:51:04.336 29230 29307 E kez     :      at awcx.c(PG:3)
07-26 09:51:04.336 29230 29307 E kez     :      at awcz.run(PG:42)
07-26 09:51:04.336 29230 29307 E kez     :      at zas.run(PG:3)
07-26 09:51:04.336 29230 29307 E kez     :      at java.util.concurrent.ThreadPoolExecutor.runWorker(ThreadPoolExecutor.java:1156)
07-26 09:51:04.336 29230 29307 E kez     :      at java.util.concurrent.ThreadPoolExecutor$Worker.run(ThreadPoolExecutor.java:651)
07-26 09:51:04.336 29230 29307 E kez     :      at xzr.run(PG:26)
07-26 09:51:04.336 29230 29307 E kez     :      at java.lang.Thread.run(Thread.java:1119)
07-26 09:51:04.336 29230 29307 E kez     :      at zav.run(PG:51)
07-26 09:51:04.339 29230 29305 E kez     : GnpSdk: Error creating IN clause for number: [0], column [thread_id]
07-26 09:51:04.339 29230 29305 E kez     : java.lang.Exception
07-26 09:51:04.339 29230 29305 E kez     :      at acub.h(PG:45)
07-26 09:51:04.339 29230 29305 E kez     :      at acub.b(PG:30)
07-26 09:51:04.339 29230 29305 E kez     :      at vrc.k(PG:13)
07-26 09:51:04.339 29230 29305 E kez     :      at addu.e(PG:20)
07-26 09:51:04.339 29230 29305 E kez     :      at lgf.a(PG:48)
07-26 09:51:04.339 29230 29305 E kez     :      at izj.a(PG:684)
07-26 09:51:04.339 29230 29305 E kez     :      at awdl.a(PG:57)
07-26 09:51:04.339 29230 29305 E kez     :      at awcx.c(PG:3)
07-26 09:51:04.339 29230 29305 E kez     :      at awcz.run(PG:42)
07-26 09:51:04.339 29230 29305 E kez     :      at zas.run(PG:3)
07-26 09:51:04.339 29230 29305 E kez     :      at java.util.concurrent.ThreadPoolExecutor.runWorker(ThreadPoolExecutor.java:1156)
07-26 09:51:04.339 29230 29305 E kez     :      at java.util.concurrent.ThreadPoolExecutor$Worker.run(ThreadPoolExecutor.java:651)
07-26 09:51:04.339 29230 29305 E kez     :      at xzr.run(PG:26)
07-26 09:51:04.339 29230 29305 E kez     :      at java.lang.Thread.run(Thread.java:1119)
07-26 09:51:04.339 29230 29305 E kez     :      at zav.run(PG:51)
07-26 09:51:04.342  5586  5586 E InputConnectionWrapper: InputConnectionWrapper.waitForInputConnectionFutureInternal():1586 Failed to get the input connection call's result.
07-26 09:51:04.342  5586  5586 E InputConnectionWrapper: java.util.concurrent.TimeoutException: Waited 100 milliseconds (plus 8 milliseconds, 530729 nanoseconds delay) for nmu@c44116a[status=PENDING, info=[task=[running=[RUNNING ON ICWrapper-1], iak@845e65b]]]
07-26 09:51:04.342  5586  5586 E InputConnectionWrapper:        at njv.get(PG:41)
07-26 09:51:04.342  5586  5586 E InputConnectionWrapper:        at ieo.h(PG:1)
07-26 09:51:04.342  5586  5586 E InputConnectionWrapper:        at ieo.g(PG:2)
07-26 09:51:04.342  5586  5586 E InputConnectionWrapper:        at ieo.u(PG:5)
07-26 09:51:04.342  5586  5586 E InputConnectionWrapper:        at igx.a(PG:3)
07-26 09:51:04.342  5586  5586 E InputConnectionWrapper:        at dop.l(PG:27)
07-26 09:51:04.342  5586  5586 E InputConnectionWrapper:        at cas.l(PG:1)
07-26 09:51:04.342  5586  5586 E InputConnectionWrapper:        at dop.onStartInput(PG:36)
07-26 09:51:04.342  5586  5586 E InputConnectionWrapper:        at android.inputmethodservice.InputMethodService.doStartInput(InputMethodService.java:2868)
07-26 09:51:04.342  5586  5586 E InputConnectionWrapper:        at android.inputmethodservice.InputMethodService$InputMethodImpl.startInput(InputMethodService.java:792)
07-26 09:51:04.342  5586  5586 E InputConnectionWrapper:        at android.inputmethodservice.InputMethodService$InputMethodImpl.dispatchStartInputWithToken(InputMethodService.java:823)
07-26 09:51:04.342  5586  5586 E InputConnectionWrapper:        at android.inputmethodservice.IInputMethodWrapper.executeMessage(IInputMethodWrapper.java:213)
07-26 09:51:04.342  5586  5586 E InputConnectionWrapper:        at com.android.internal.os.HandlerCaller$MyHandler.handleMessage(HandlerCaller.java:44)
07-26 09:51:04.342  5586  5586 E InputConnectionWrapper:        at android.os.Handler.dispatchMessage(Handler.java:106)
07-26 09:51:04.342  5586  5586 E InputConnectionWrapper:        at android.os.Looper.loopOnce(Looper.java:223)
07-26 09:51:04.342  5586  5586 E InputConnectionWrapper:        at android.os.Looper.loop(Looper.java:324)
07-26 09:51:04.342  5586  5586 E InputConnectionWrapper:        at android.app.ActivityThread.main(ActivityThread.java:8346)
07-26 09:51:04.342  5586  5586 E InputConnectionWrapper:        at java.lang.reflect.Method.invoke(Native Method)
07-26 09:51:04.342  5586  5586 E InputConnectionWrapper:        at com.android.internal.os.RuntimeInit$MethodAndArgsCaller.run(RuntimeInit.java:582)
07-26 09:51:04.342  5586  5586 E InputConnectionWrapper:        at com.android.internal.os.ZygoteInit.main(ZygoteInit.java:1059)
07-26 09:51:04.343 29230 29311 E kez     : GnpSdk: Error creating IN clause for number: [0], column [thread_id]
07-26 09:51:04.343 29230 29311 E kez     : java.lang.Exception
07-26 09:51:04.343 29230 29311 E kez     :      at acub.h(PG:45)
07-26 09:51:04.343 29230 29311 E kez     :      at acub.b(PG:30)
07-26 09:51:04.343 29230 29311 E kez     :      at vrc.k(PG:13)
07-26 09:51:04.343 29230 29311 E kez     :      at addu.e(PG:20)
07-26 09:51:04.343 29230 29311 E kez     :      at lgf.a(PG:48)
07-26 09:51:04.343 29230 29311 E kez     :      at izj.a(PG:684)
07-26 09:51:04.343 29230 29311 E kez     :      at awdl.a(PG:57)
07-26 09:51:04.343 29230 29311 E kez     :      at awcx.c(PG:3)
07-26 09:51:04.343 29230 29311 E kez     :      at awcz.run(PG:42)
07-26 09:51:04.343 29230 29311 E kez     :      at zas.run(PG:3)
07-26 09:51:04.343 29230 29311 E kez     :      at java.util.concurrent.ThreadPoolExecutor.runWorker(ThreadPoolExecutor.java:1156)
07-26 09:51:04.343 29230 29311 E kez     :      at java.util.concurrent.ThreadPoolExecutor$Worker.run(ThreadPoolExecutor.java:651)
07-26 09:51:04.343 29230 29311 E kez     :      at xzr.run(PG:26)
07-26 09:51:04.343 29230 29311 E kez     :      at java.lang.Thread.run(Thread.java:1119)
07-26 09:51:04.343 29230 29311 E kez     :      at zav.run(PG:51)
07-26 09:51:04.347 29230 29308 E kez     : GnpSdk: Error creating IN clause for number: [0], column [thread_id]
07-26 09:51:04.347 29230 29308 E kez     : java.lang.Exception
07-26 09:51:04.347 29230 29308 E kez     :      at acub.h(PG:45)
07-26 09:51:04.347 29230 29308 E kez     :      at acub.b(PG:30)
07-26 09:51:04.347 29230 29308 E kez     :      at vrc.k(PG:13)
07-26 09:51:04.347 29230 29308 E kez     :      at addu.e(PG:20)
07-26 09:51:04.347 29230 29308 E kez     :      at lgf.a(PG:48)
07-26 09:51:04.347 29230 29308 E kez     :      at izj.a(PG:684)
07-26 09:51:04.347 29230 29308 E kez     :      at awdl.a(PG:57)
07-26 09:51:04.347 29230 29308 E kez     :      at awcx.c(PG:3)
07-26 09:51:04.347 29230 29308 E kez     :      at awcz.run(PG:42)
07-26 09:51:04.347 29230 29308 E kez     :      at zas.run(PG:3)
07-26 09:51:04.347 29230 29308 E kez     :      at java.util.concurrent.ThreadPoolExecutor.runWorker(ThreadPoolExecutor.java:1156)
07-26 09:51:04.347 29230 29308 E kez     :      at java.util.concurrent.ThreadPoolExecutor$Worker.run(ThreadPoolExecutor.java:651)
07-26 09:51:04.347 29230 29308 E kez     :      at xzr.run(PG:26)
07-26 09:51:04.347 29230 29308 E kez     :      at java.lang.Thread.run(Thread.java:1119)
07-26 09:51:04.347 29230 29308 E kez     :      at zav.run(PG:51)
07-26 09:51:04.352 29230 29310 E kez     : GnpSdk: Error creating IN clause for number: [0], column [thread_id]
07-26 09:51:04.352 29230 29310 E kez     : java.lang.Exception
07-26 09:51:04.352 29230 29310 E kez     :      at acub.h(PG:45)
07-26 09:51:04.352 29230 29310 E kez     :      at acub.b(PG:30)
07-26 09:51:04.352 29230 29310 E kez     :      at vrc.k(PG:13)
07-26 09:51:04.352 29230 29310 E kez     :      at addu.e(PG:20)
07-26 09:51:04.352 29230 29310 E kez     :      at lgf.a(PG:48)
07-26 09:51:04.352 29230 29310 E kez     :      at izj.a(PG:684)
07-26 09:51:04.352 29230 29310 E kez     :      at awdl.a(PG:57)
07-26 09:51:04.352 29230 29310 E kez     :      at awcx.c(PG:3)
07-26 09:51:04.352 29230 29310 E kez     :      at awcz.run(PG:42)
07-26 09:51:04.352 29230 29310 E kez     :      at zas.run(PG:3)
07-26 09:51:04.352 29230 29310 E kez     :      at java.util.concurrent.ThreadPoolExecutor.runWorker(ThreadPoolExecutor.java:1156)
07-26 09:51:04.352 29230 29310 E kez     :      at java.util.concurrent.ThreadPoolExecutor$Worker.run(ThreadPoolExecutor.java:651)
07-26 09:51:04.352 29230 29310 E kez     :      at xzr.run(PG:26)
07-26 09:51:04.352 29230 29310 E kez     :      at java.lang.Thread.run(Thread.java:1119)
07-26 09:51:04.352 29230 29310 E kez     :      at zav.run(PG:51)
07-26 09:51:04.366 29230 29309 E kez     : GnpSdk: Error creating IN clause for number: [0], column [thread_id]
07-26 09:51:04.366 29230 29309 E kez     : java.lang.Exception
07-26 09:51:04.366 29230 29309 E kez     :      at acub.h(PG:45)
07-26 09:51:04.366 29230 29309 E kez     :      at acub.b(PG:30)
07-26 09:51:04.366 29230 29309 E kez     :      at vrc.k(PG:13)
07-26 09:51:04.366 29230 29309 E kez     :      at addu.e(PG:20)
07-26 09:51:04.366 29230 29309 E kez     :      at lgf.a(PG:48)
07-26 09:51:04.366 29230 29309 E kez     :      at izj.a(PG:684)
07-26 09:51:04.366 29230 29309 E kez     :      at awdl.a(PG:57)
07-26 09:51:04.366 29230 29309 E kez     :      at awcx.c(PG:3)
07-26 09:51:04.366 29230 29309 E kez     :      at awcz.run(PG:42)
07-26 09:51:04.366 29230 29309 E kez     :      at zas.run(PG:3)
07-26 09:51:04.366 29230 29309 E kez     :      at java.util.concurrent.ThreadPoolExecutor.runWorker(ThreadPoolExecutor.java:1156)
07-26 09:51:04.366 29230 29309 E kez     :      at java.util.concurrent.ThreadPoolExecutor$Worker.run(ThreadPoolExecutor.java:651)
07-26 09:51:04.366 29230 29309 E kez     :      at xzr.run(PG:26)
07-26 09:51:04.366 29230 29309 E kez     :      at java.lang.Thread.run(Thread.java:1119)
07-26 09:51:04.366 29230 29309 E kez     :      at zav.run(PG:51)
07-26 09:51:04.456  5586  5586 E InputConnectionWrapper: InputConnectionWrapper.waitForInputConnectionFutureInternal():1586 Failed to get the input connection call's result.
07-26 09:51:04.456  5586  5586 E InputConnectionWrapper: java.util.concurrent.TimeoutException: Waited 100 milliseconds (plus 7 milliseconds, 198385 nanoseconds delay) for nmu@728d37[status=PENDING, info=[task=[running=[RUNNING ON ICWrapper-1], iak@75712a4]]]
07-26 09:51:04.456  5586  5586 E InputConnectionWrapper:        at njv.get(PG:41)
07-26 09:51:04.456  5586  5586 E InputConnectionWrapper:        at ieo.h(PG:1)
07-26 09:51:04.456  5586  5586 E InputConnectionWrapper:        at ieo.g(PG:2)
07-26 09:51:04.456  5586  5586 E InputConnectionWrapper:        at ieo.u(PG:5)
07-26 09:51:04.456  5586  5586 E InputConnectionWrapper:        at igx.a(PG:3)
07-26 09:51:04.456  5586  5586 E InputConnectionWrapper:        at dop.l(PG:27)
07-26 09:51:04.456  5586  5586 E InputConnectionWrapper:        at cas.l(PG:1)
07-26 09:51:04.456  5586  5586 E InputConnectionWrapper:        at dop.onStartInput(PG:36)
07-26 09:51:04.456  5586  5586 E InputConnectionWrapper:        at android.inputmethodservice.InputMethodService.doStartInput(InputMethodService.java:2868)
07-26 09:51:04.456  5586  5586 E InputConnectionWrapper:        at android.inputmethodservice.InputMethodService$InputMethodImpl.startInput(InputMethodService.java:792)
07-26 09:51:04.456  5586  5586 E InputConnectionWrapper:        at android.inputmethodservice.InputMethodService$InputMethodImpl.dispatchStartInputWithToken(InputMethodService.java:823)
07-26 09:51:04.456  5586  5586 E InputConnectionWrapper:        at android.inputmethodservice.IInputMethodWrapper.executeMessage(IInputMethodWrapper.java:213)
07-26 09:51:04.456  5586  5586 E InputConnectionWrapper:        at com.android.internal.os.HandlerCaller$MyHandler.handleMessage(HandlerCaller.java:44)
07-26 09:51:04.456  5586  5586 E InputConnectionWrapper:        at android.os.Handler.dispatchMessage(Handler.java:106)
07-26 09:51:04.456  5586  5586 E InputConnectionWrapper:        at android.os.Looper.loopOnce(Looper.java:223)
07-26 09:51:04.456  5586  5586 E InputConnectionWrapper:        at android.os.Looper.loop(Looper.java:324)
07-26 09:51:04.456  5586  5586 E InputConnectionWrapper:        at android.app.ActivityThread.main(ActivityThread.java:8346)
07-26 09:51:04.456  5586  5586 E InputConnectionWrapper:        at java.lang.reflect.Method.invoke(Native Method)
07-26 09:51:04.456  5586  5586 E InputConnectionWrapper:        at com.android.internal.os.RuntimeInit$MethodAndArgsCaller.run(RuntimeInit.java:582)
07-26 09:51:04.456  5586  5586 E InputConnectionWrapper:        at com.android.internal.os.ZygoteInit.main(ZygoteInit.java:1059)
07-26 09:51:04.644 29838 29888 E GmsClient: unable to connect to service: com.google.android.gms.gservices.START on com.google.android.gms
07-26 09:51:05.262 29523 29523 E ANDR-VIVO-PERF: IVPerf::tryGetService failed!
07-26 09:51:05.264 29523 29523 E ANDR-VIVO-PERF: IVPerf::tryGetService failed!
07-26 09:51:05.303 29449 30018 E nk:link.monitor: hiddenapi: Accessing hidden method Landroid/net/SSLSessionCache;->install(Landroid/net/SSLSessionCache;Ljavax/net/ssl/SSLContext;)V (runtime_flags=0, domain=platform, api=max-target-o) from Lcom/oplus/nearx/track/internal/upload/net/SSLHelper; (domain=app) using reflection: denied
07-26 09:51:05.364 29449 30054 E nk:link.monitor: No package ID 6a found for ID 0x6a0b000f.
07-26 09:51:05.607 29810 30071 E .startv.hotstar: No package ID 6a found for ID 0x6a0b000f.
07-26 09:51:05.917 30130 30130 E .swiggy.android: Not starting debugger since process cannot load thejdwp agent.
07-26 09:51:06.115 29810 30082 E DrmHalHidl: uuid=[edef8ba979d64ace a3c827dcd51d21ed] No supported hal instance found
07-26 09:51:06.169 29230 29286 E ErrorLoggingExecutor: Uncaught exception from runnable
07-26 09:51:06.169 29230 29286 E ErrorLoggingExecutor: java.lang.NullPointerException: Attempt to invoke virtual method 'java.lang.Class java.lang.Object.getClass()' on a null object reference
07-26 09:51:06.169 29230 29286 E ErrorLoggingExecutor:  at nax.m(PG:15)
07-26 09:51:06.169 29230 29286 E ErrorLoggingExecutor:  at zyg.b(PG:1206)
07-26 09:51:06.169 29230 29286 E ErrorLoggingExecutor:  at aspj.b(PG:13)
07-26 09:51:06.169 29230 29286 E ErrorLoggingExecutor:  at awem.run(PG:99)
07-26 09:51:06.169 29230 29286 E ErrorLoggingExecutor:  at zas.run(PG:3)
07-26 09:51:06.169 29230 29286 E ErrorLoggingExecutor:  at java.util.concurrent.ThreadPoolExecutor.runWorker(ThreadPoolExecutor.java:1156)
07-26 09:51:06.169 29230 29286 E ErrorLoggingExecutor:  at java.util.concurrent.ThreadPoolExecutor$Worker.run(ThreadPoolExecutor.java:651)
07-26 09:51:06.169 29230 29286 E ErrorLoggingExecutor:  at xzr.run(PG:26)
07-26 09:51:06.169 29230 29286 E ErrorLoggingExecutor:  at java.lang.Thread.run(Thread.java:1119)
07-26 09:51:06.169 29230 29286 E ErrorLoggingExecutor:  at zav.run(PG:51)
07-26 09:51:06.169 29230 29286 E ErrorLoggingExecutor: Uncaught exception from runnable
07-26 09:51:06.169 29230 29286 E ErrorLoggingExecutor: java.lang.NullPointerException: Attempt to invoke virtual method 'java.lang.Class java.lang.Object.getClass()' on a null object reference
07-26 09:51:06.169 29230 29286 E ErrorLoggingExecutor:  at nax.m(PG:15)
07-26 09:51:06.169 29230 29286 E ErrorLoggingExecutor:  at zyg.b(PG:1206)
07-26 09:51:06.169 29230 29286 E ErrorLoggingExecutor:  at aspj.b(PG:13)
07-26 09:51:06.169 29230 29286 E ErrorLoggingExecutor:  at awem.run(PG:99)
07-26 09:51:06.169 29230 29286 E ErrorLoggingExecutor:  at zas.run(PG:3)
07-26 09:51:06.169 29230 29286 E ErrorLoggingExecutor:  at java.util.concurrent.ThreadPoolExecutor.runWorker(ThreadPoolExecutor.java:1156)
07-26 09:51:06.169 29230 29286 E ErrorLoggingExecutor:  at java.util.concurrent.ThreadPoolExecutor$Worker.run(ThreadPoolExecutor.java:651)
07-26 09:51:06.169 29230 29286 E ErrorLoggingExecutor:  at xzr.run(PG:26)
07-26 09:51:06.169 29230 29286 E ErrorLoggingExecutor:  at java.lang.Thread.run(Thread.java:1119)
07-26 09:51:06.169 29230 29286 E ErrorLoggingExecutor:  at zav.run(PG:51)
07-26 09:51:06.206 29230 29230 E kez     : AbstractActivityBaseController: Received null cursor from loader id: 31 [CONTEXT android_log_tag="AABController" ]
07-26 09:51:06.206 29230 29230 E kez     : RecentFolderList: RecentFolderList.loadFromUiProvider: badinput. mAccount=com.android.mail.providers.Account@201552af{name=1745766552 type=com.google syncStatus=0 securityHold=FREE_TO_SYNC},cursor=null
07-26 09:51:06.233 29230 29230 E ogle.android.gm: Invalid ID 0x00000000.
07-26 09:51:06.466 29810 30082 E DrmHalAidl: Failed to get vendor from drm plugin: -1010
07-26 09:51:06.466 29810 30082 E DrmHalAidl: Failed to get description from drm plugin: -1010
07-26 09:51:06.750 30130 30130 E .swiggy.android: hiddenapi: Accessing hidden field Ljava/util/Collections$SynchronizedCollection;->mutex:Ljava/lang/Object; (runtime_flags=0, domain=core-platform, api=max-target-o) from Lj$/util/DesugarCollections; (domain=app) using reflection: denied
07-26 09:51:06.750 30130 30130 E .swiggy.android: hiddenapi: Accessing hidden method Ljava/util/Collections$SynchronizedSet;-><init>(Ljava/util/Set;Ljava/lang/Object;)V (runtime_flags=0, domain=core-platform, api=max-target-o) from Lj$/util/DesugarCollections; (domain=app) using reflection: denied
07-26 09:51:06.750 30130 30130 E .swiggy.android: hiddenapi: Accessing hidden method Ljava/util/Collections$SynchronizedCollection;-><init>(Ljava/util/Collection;Ljava/lang/Object;)V (runtime_flags=0, domain=core-platform, api=max-target-o) from Lj$/util/DesugarCollections; (domain=app) using reflection:denied
07-26 09:51:07.573 29230 29296 E ErrorLoggingExecutor: Uncaught exception from runnable
07-26 09:51:07.573 29230 29296 E ErrorLoggingExecutor: java.lang.NullPointerException: Attempt to invoke virtual method 'java.lang.Class java.lang.Object.getClass()' on a null object reference
07-26 09:51:07.573 29230 29296 E ErrorLoggingExecutor:  at nax.m(PG:15)
07-26 09:51:07.573 29230 29296 E ErrorLoggingExecutor:  at zyg.b(PG:1206)
07-26 09:51:07.573 29230 29296 E ErrorLoggingExecutor:  at aspj.b(PG:13)
07-26 09:51:07.573 29230 29296 E ErrorLoggingExecutor:  at awem.run(PG:99)
07-26 09:51:07.573 29230 29296 E ErrorLoggingExecutor:  at zas.run(PG:3)
07-26 09:51:07.573 29230 29296 E ErrorLoggingExecutor:  at java.util.concurrent.ThreadPoolExecutor.runWorker(ThreadPoolExecutor.java:1156)
07-26 09:51:07.573 29230 29296 E ErrorLoggingExecutor:  at java.util.concurrent.ThreadPoolExecutor$Worker.run(ThreadPoolExecutor.java:651)
07-26 09:51:07.573 29230 29296 E ErrorLoggingExecutor:  at xzr.run(PG:26)
07-26 09:51:07.573 29230 29296 E ErrorLoggingExecutor:  at java.lang.Thread.run(Thread.java:1119)
07-26 09:51:07.573 29230 29296 E ErrorLoggingExecutor:  at zav.run(PG:51)
07-26 09:51:07.573 29230 29296 E ErrorLoggingExecutor: Uncaught exception from runnable
07-26 09:51:07.573 29230 29296 E ErrorLoggingExecutor: java.lang.NullPointerException: Attempt to invoke virtual method 'java.lang.Class java.lang.Object.getClass()' on a null object reference
07-26 09:51:07.573 29230 29296 E ErrorLoggingExecutor:  at nax.m(PG:15)
07-26 09:51:07.573 29230 29296 E ErrorLoggingExecutor:  at zyg.b(PG:1206)
07-26 09:51:07.573 29230 29296 E ErrorLoggingExecutor:  at aspj.b(PG:13)
07-26 09:51:07.573 29230 29296 E ErrorLoggingExecutor:  at awem.run(PG:99)
07-26 09:51:07.573 29230 29296 E ErrorLoggingExecutor:  at zas.run(PG:3)
07-26 09:51:07.573 29230 29296 E ErrorLoggingExecutor:  at java.util.concurrent.ThreadPoolExecutor.runWorker(ThreadPoolExecutor.java:1156)
07-26 09:51:07.573 29230 29296 E ErrorLoggingExecutor:  at java.util.concurrent.ThreadPoolExecutor$Worker.run(ThreadPoolExecutor.java:651)
07-26 09:51:07.573 29230 29296 E ErrorLoggingExecutor:  at xzr.run(PG:26)
07-26 09:51:07.573 29230 29296 E ErrorLoggingExecutor:  at java.lang.Thread.run(Thread.java:1119)
07-26 09:51:07.573 29230 29296 E ErrorLoggingExecutor:  at zav.run(PG:51)
07-26 09:51:07.605 29230 29230 E kez     : AbstractActivityBaseController: Received null cursor from loader id: 31 [CONTEXT android_log_tag="AABController" ]
07-26 09:51:07.605 29230 29230 E kez     : RecentFolderList: RecentFolderList.loadFromUiProvider: badinput. mAccount=com.android.mail.providers.Account@9bfa4e83{name=-1211103691 type=com.google syncStatus=0 securityHold=FREE_TO_SYNC},cursor=null
07-26 09:51:07.610 29230 29230 E ogle.android.gm: Invalid ID 0x00000000.
07-26 09:51:07.690 30130 30289 E .swiggy.android: No package ID 6a found for ID 0x6a0b000f.
07-26 09:51:08.057 30395 30395 E net.one97.paytm: Not starting debugger since process cannot load thejdwp agent.
07-26 09:51:08.077 28648 28809 E GoogleApiManager: Failed to get service from broker.
07-26 09:51:08.077 28648 28809 E GoogleApiManager: java.lang.SecurityException: Unknown calling package name 'com.google.android.gms'.
07-26 09:51:08.077 28648 28809 E GoogleApiManager:      at android.os.Parcel.createExceptionOrNull(Parcel.java:3025)
07-26 09:51:08.077 28648 28809 E GoogleApiManager:      at android.os.Parcel.createException(Parcel.java:3009)
07-26 09:51:08.077 28648 28809 E GoogleApiManager:      at android.os.Parcel.readException(Parcel.java:2992)
07-26 09:51:08.077 28648 28809 E GoogleApiManager:      at android.os.Parcel.readException(Parcel.java:2934)
07-26 09:51:08.077 28648 28809 E GoogleApiManager:      at ayzf.a(:com.google.android.gms@252635029@25.26.35 (190400-783060121):36)
07-26 09:51:08.077 28648 28809 E GoogleApiManager:      at ayxm.z(:com.google.android.gms@252635029@25.26.35 (190400-783060121):143)
07-26 09:51:08.077 28648 28809 E GoogleApiManager:      at ayej.run(:com.google.android.gms@252635029@25.26.35 (190400-783060121):42)
07-26 09:51:08.077 28648 28809 E GoogleApiManager:      at android.os.Handler.handleCallback(Handler.java:942)
07-26 09:51:08.077 28648 28809 E GoogleApiManager:      at android.os.Handler.dispatchMessage(Handler.java:99)
07-26 09:51:08.077 28648 28809 E GoogleApiManager:      at civv.mw(:com.google.android.gms@252635029@25.26.35 (190400-783060121):1)
07-26 09:51:08.077 28648 28809 E GoogleApiManager:      at civv.dispatchMessage(:com.google.android.gms@252635029@25.26.35 (190400-783060121):5)
07-26 09:51:08.077 28648 28809 E GoogleApiManager:      at android.os.Looper.loopOnce(Looper.java:223)
07-26 09:51:08.077 28648 28809 E GoogleApiManager:      at android.os.Looper.loop(Looper.java:324)
07-26 09:51:08.077 28648 28809 E GoogleApiManager:      at android.os.HandlerThread.run(HandlerThread.java:67)
07-26 09:51:08.631 29230 29296 E ErrorLoggingExecutor: Uncaught exception from runnable
