07-26 10:12:35.438  5080 11231 E PlayGamesServices[SignInAuthenticator]: ****     the client ID you registered in Developer Console.
07-26 10:12:35.438  5080 11231 E PlayGamesServices[SignInAuthenticator]: **** (2) Your App ID was incorrectly entered.
07-26 10:12:35.438  5080 11231 E PlayGamesServices[SignInAuthenticator]: **** (3) Your game settings have not been published and you are
07-26 10:12:35.438  5080 11231 E PlayGamesServices[SignInAuthenticator]: ****     trying to log in with an account that is not listed as
07-26 10:12:35.438  5080 11231 E PlayGamesServices[SignInAuthenticator]: ****     a test account.
07-26 10:12:35.438  5080 11231 E PlayGamesServices[SignInAuthenticator]: **** (4) A server auth code was requested, but an incorrect client
07-26 10:12:35.438  5080 11231 E PlayGamesServices[SignInAuthenticator]: ****     id was provided. The client id for server auth codes should
07-26 10:12:35.438  5080 11231 E PlayGamesServices[SignInAuthenticator]: ****     be the client id for the game server (not the android app).
07-26 10:12:35.438  5080 11231 E PlayGamesServices[SignInAuthenticator]: ****
07-26 10:12:35.438  5080 11231 E PlayGamesServices[SignInAuthenticator]: **** To help you debug, hereis the information about this app
07-26 10:12:35.438  5080 11231 E PlayGamesServices[SignInAuthenticator]: **** Package name         : com.nekki.shadowfight
07-26 10:12:35.438  5080 11231 E PlayGamesServices[SignInAuthenticator]: **** Cert SHA1 fingerprint: ***********************:***********************:EC:F9:23:46
07-26 10:12:35.438  5080 11231 E PlayGamesServices[SignInAuthenticator]: **** App ID from manifest : 1081323847439
07-26 10:12:35.438  5080 11231 E PlayGamesServices[SignInAuthenticator]: ****
07-26 10:12:35.438  5080 11231 E PlayGamesServices[SignInAuthenticator]: **** Check that the above information matches your setup in
07-26 10:12:35.438  5080 11231 E PlayGamesServices[SignInAuthenticator]: **** Developer Console. Also, check that you're logging in with the
07-26 10:12:35.438  5080 11231 E PlayGamesServices[SignInAuthenticator]: **** right account (it should be listed in the Testers section if
07-26 10:12:35.438  5080 11231 E PlayGamesServices[SignInAuthenticator]: **** your project is not yetpublished).
07-26 10:12:35.438  5080 11231 E PlayGamesServices[SignInAuthenticator]: ****
07-26 10:12:35.438  5080 11231 E PlayGamesServices[SignInAuthenticator]: **** For more information, refer to the troubleshooting guide:
07-26 10:12:35.438  5080 11231 E PlayGamesServices[SignInAuthenticator]: ****   *******************************************************************
07-26 10:12:35.438  5080 11231 E PlayGamesServices[SignInAuthenticator]: ****
07-26 10:12:35.581 11263 11263 E eptoconsumerapp: Not starting debugger since process cannot load thejdwp agent.
07-26 10:12:35.897  5080 11231 E PlayGamesServices[SignInAuthenticator]: **** APP NOT CORRECTLY CONFIGURED TO USE GOOGLE PLAY GAME SERVICES
07-26 10:12:35.897  5080 11231 E PlayGamesServices[SignInAuthenticator]: **** DEVELOPER_ERROR
07-26 10:12:35.897  5080 11231 E PlayGamesServices[SignInAuthenticator]: **** This is usually caused by one of these reasons:
07-26 10:12:35.897  5080 11231 E PlayGamesServices[SignInAuthenticator]: **** (1) Your package name and certificate fingerprint do not match
07-26 10:12:35.897  5080 11231 E PlayGamesServices[SignInAuthenticator]: ****     the client ID you registered in Developer Console.
07-26 10:12:35.897  5080 11231 E PlayGamesServices[SignInAuthenticator]: **** (2) Your App ID was incorrectly entered.
07-26 10:12:35.897  5080 11231 E PlayGamesServices[SignInAuthenticator]: **** (3) Your game settings have not been published and you are
07-26 10:12:35.897  5080 11231 E PlayGamesServices[SignInAuthenticator]: ****     trying to log in with an account that is not listed as
07-26 10:12:35.897  5080 11231 E PlayGamesServices[SignInAuthenticator]: ****     a test account.
07-26 10:12:35.897  5080 11231 E PlayGamesServices[SignInAuthenticator]: **** (4) A server auth code was requested, but an incorrect client
07-26 10:12:35.897  5080 11231 E PlayGamesServices[SignInAuthenticator]: ****     id was provided. The client id for server auth codes should
07-26 10:12:35.897  5080 11231 E PlayGamesServices[SignInAuthenticator]: ****     be the client id for the game server (not the android app).
07-26 10:12:35.897  5080 11231 E PlayGamesServices[SignInAuthenticator]: ****
07-26 10:12:35.897  5080 11231 E PlayGamesServices[SignInAuthenticator]: **** To help you debug, hereis the information about this app
07-26 10:12:35.897  5080 11231 E PlayGamesServices[SignInAuthenticator]: **** Package name         : com.nekki.shadowfight
07-26 10:12:35.897  5080 11231 E PlayGamesServices[SignInAuthenticator]: **** Cert SHA1 fingerprint: ***********************:***********************:EC:F9:23:46
07-26 10:12:35.897  5080 11231 E PlayGamesServices[SignInAuthenticator]: **** App ID from manifest : 1081323847439
07-26 10:12:35.897  5080 11231 E PlayGamesServices[SignInAuthenticator]: ****
07-26 10:12:35.897  5080 11231 E PlayGamesServices[SignInAuthenticator]: **** Check that the above information matches your setup in
07-26 10:12:35.897  5080 11231 E PlayGamesServices[SignInAuthenticator]: **** Developer Console. Also, check that you're logging in with the
07-26 10:12:35.897  5080 11231 E PlayGamesServices[SignInAuthenticator]: **** right account (it should be listed in the Testers section if
07-26 10:12:35.897  5080 11231 E PlayGamesServices[SignInAuthenticator]: **** your project is not yetpublished).
07-26 10:12:35.897  5080 11231 E PlayGamesServices[SignInAuthenticator]: ****
07-26 10:12:35.897  5080 11231 E PlayGamesServices[SignInAuthenticator]: **** For more information, refer to the troubleshooting guide:
07-26 10:12:35.897  5080 11231 E PlayGamesServices[SignInAuthenticator]: ****   *******************************************************************
07-26 10:12:35.897  5080 11231 E PlayGamesServices[SignInAuthenticator]: ****
07-26 10:12:36.049 11263 11380 E eptoconsumerapp: No package ID 6a found for ID 0x6a0b000f.
07-26 10:12:36.058  9783  9783 E PlayGamesServices[SignInClient]: Calling connect() while still connected, missing disconnect().
07-26 10:12:36.452 11267 11267 E xtbillion.groww: hiddenapi: Accessing hidden method Lsun/misc/Unsafe;->getAndAddLong(Ljava/lang/Object;JJ)J (runtime_flags=0, domain=core-platform, api=max-target-r) fromLio/opentelemetry/internal/shaded/jctools/util/c; (domain=app) using reflection: denied
07-26 10:12:36.570 11267 11486 E xtbillion.groww: No package ID 6a found for ID 0x6a0b000f.
07-26 10:12:37.044  8475  8475 E SignInRequest: Setting result error status code to: 16
07-26 10:12:37.854  5080 11510 E PlayGamesServices[PlayerAgentHelper]: Unable to load player null
07-26 10:12:38.315  5080 11503 E PlayGamesServices[PlayerAgentHelper]: Unable to load player null
07-26 10:12:38.769  5080 11493 E PlayGamesServices[PlayerAgentHelper]: Unable to load player null
07-26 10:12:38.828  8475  8577 E Unity   : [NHOLPCLGKOL] Detected products in payment without items in list.xml! Please add following products to list:
07-26 10:12:38.828  8475  8577 E Unity   :      com.nekki.shadowfight.sphere2_offer_3_1
07-26 10:12:38.828  8475  8577 E Unity   :      com.nekki.shadowfight.sphere3_offer_5_1
07-26 10:12:38.828  8475  8577 E Unity   :      com.nekki.shadowfight.potions_offer_5_1
07-26 10:12:38.828  8475  8577 E Unity   :      com.nekki.shadowfight.event_coins_offer_3_1
07-26 10:12:38.828  8475  8577 E Unity   :      com.nekki.shadowfight.keys_offer_3_1
07-26 10:12:38.828  8475  8577 E Unity   :      com.nekki.shadowfight.event_consumables_offer_5_1
07-26 10:12:38.828  8475  8577 E Unity   :      com.nekki.shadowfight.keys_event_offer_3_1
07-26 10:12:38.828  8475  8577 E Unity   :      com.nekki.shadowfight.bp_premium_3_1
07-26 10:12:38.828  8475  8577 E Unity   :      com.nekki.shadowfight.event_keys_consumables_offer
07-26 10:12:38.828  8475  8577 E Unity   : NHOLPCLGKOL:IFBJJLCCIIO()
07-26 10:12:38.828  8475  8577 E Unity   : IJMEMMGBJOL:ODJLHMDNOKC(MNKGHNKCMIE)
07-26 10:12:38.828  8475  8577 E Unity   : ECGEMEIOAJN:OBFJDEDBLIO(IObserver`1)
07-26 10:12:38.828  8475  8577 E Unity   : UniRx.Operators.CreateObservable`1:SubscribeCore(IObserver`1, IDisposable)
07-26 10:12:38.828  8475  8577 E Unity   : UniRx.Operators.<>c__DisplayClass3_0:<Subscribe>b__0()
07-26 10:12:38.828  8475  8577 E Unity   : UniRx.Trampoline:Run(SchedulerQueue)
07-26 10:12:38.828  8475  8577 E Unity   : UniRx.CurrentThreadScheduler:Schedule(TimeSpan, Action)
07-26 10:12:38.828  8475  8577 E Unity   : UniRx.Operators.OperatorObservableBase`1:Subscribe(IObserver`1)
07-26 10:12:38.828  8475  8577 E Unity   : KLCAOCJPCNI:IFBJJLCCIIO()
07-26 10:12:38.828  8475  8577 E Unity   : NIGEOLFLMIF:CGLNFHBJHGI(Action)
07-26 10:12:38.828  8475  8577 E Unity   : NIGEOLFLMIF:CGLNFHBJHGI(Action)
07-26 10:12:38.828  8475  8577 E Unity   : OMCLFAPJOIE:MMBHNCJDOJI()
07-26 10:12:38.828  8475  8577 E Unity   : OJFLLBCDOCB:OJDPPCOE
07-26 10:12:39.213  5080 11496 E PlayGamesServices[PlayerAgentHelper]: Unable to load player null
07-26 10:12:39.656  5080 11493 E PlayGamesServices[PlayerAgentHelper]: Unable to load player null
07-26 10:12:40.094  5080 11496 E PlayGamesServices[PlayerAgentHelper]: Unable to load player null
07-26 10:12:40.535  5080 11510 E PlayGamesServices[PlayerAgentHelper]: Unable to load player null
07-26 10:12:40.982  5080 11503 E PlayGamesServices[PlayerAgentHelper]: Unable to load player null
07-26 10:12:41.495  5080 11493 E PlayGamesServices[PlayerAgentHelper]: Unable to load player null
07-26 10:12:42.006  5080 11496 E PlayGamesServices[PlayerAgentHelper]: Unable to load player null
07-26 10:14:00.699  8814  8814 E ght:AppLovinAds: hiddenapi: Accessing hidden method Landroid/view/MotionEvent;->getHistoricalEventTimeNano(I)J (runtime_flags=0, domain=platform, api=max-target-o) from LWV/UH; (domain=app) using reflection: denied
07-26 10:14:03.742  8814  9642 E AppLovinSdk: [AppLovinAdService Service] Client is dead, shutting down ad service
07-26 10:14:03.991 29523 29523 E GmsCoreLogger: Missing account for FACET_USAGE_GAIA_UNSAMPLED [CONTEXT service_id=299 ]
07-26 10:14:06.748 12124 12124 E kki.shadowfight: Not starting debugger since process cannot load thejdwp agent.
07-26 10:14:06.748 12121 12121 E ght:AppLovinAds: Not starting debugger since process cannot load thejdwp agent.
07-26 10:14:06.953 12124 12222 E kki.shadowfight: No package ID 6a found for ID 0x6a0b000f.
07-26 10:14:07.032 12250 12250 E ight:AppMetrica: Not starting debugger since process cannot load thejdwp agent.
07-26 10:14:07.101 12124 12124 E BLASTBufferQueue: Cannot find perfservice
07-26 10:14:07.103 12124 12124 E SurfaceSyncer: Failed to find sync for id=0
07-26 10:14:07.131 12124 12124 E SurfaceSyncer: Failed to find sync for id=0
07-26 10:14:07.322 12124 12190 E com.facebook.GraphResponse: {HttpStatus: 400, errorCode: 190, subErrorCode: -1, errorType: OAuthException, errorMessage: Invalid OAuth access token signature.}
07-26 10:14:07.323 12124 12195 E com.facebook.GraphResponse: {HttpStatus: 400, errorCode: 190, subErrorCode: -1, errorType: OAuthException, errorMessage: Invalid OAuth access token signature.}
07-26 10:14:07.327 12124 12194 E com.facebook.GraphResponse: {HttpStatus: 400, errorCode: 190, subErrorCode: -1, errorType: OAuthException, errorMessage: Invalid OAuth access token signature.}
07-26 10:14:07.572 12124 12195 E com.facebook.GraphResponse: {HttpStatus: 400, errorCode: 190, subErrorCode: -1, errorType: OAuthException, errorMessage: Invalid OAuth access token signature.}
07-26 10:14:07.572 12124 12194 E com.facebook.GraphResponse: {HttpStatus: 400, errorCode: 190, subErrorCode: -1, errorType: OAuthException, errorMessage: Invalid OAuth access token signature.}
07-26 10:14:07.805 12124 12194 E com.facebook.GraphResponse: {HttpStatus: 400, errorCode: 190, subErrorCode: -1, errorType: OAuthException, errorMessage: Invalid OAuth access token signature.}
07-26 10:14:07.851 12124 12242 E Unity   : Error open xml: /storage/emulated/0/Android/data/com.nekki.shadowfight/files/userdata/initSettings.bin
07-26 10:14:07.851 12124 12242 E Unity   : DJONMGAICCG:OHLFDDDGFDC(String, String, KNIOABEJIMK, Boolean, Boolean, Boolean)
07-26 10:14:07.851 12124 12242 E Unity   : JBCCMGAGMPN:DBPILJAHDND()
07-26 10:14:07.851 12124 12242 E Unity   : HCGKKBENKMB:HFGEOBFIHON()
07-26 10:14:07.851 12124 12242 E Unity   : KEAMLMNDGPA:KAIJHGFDNHC()
07-26 10:14:07.851 12124 12242 E Unity   : OHAINBHIKGL:MKJOBHJKNKN(AOLCFMNFGBC, FFCDHGNNLFA&)
07-26 10:14:07.851 12124 12242 E Unity   : Nekki.SF2.GUI.Common.LoaderScreenSelector:IMNNFGILLPN()
07-26 10:14:07.851 12124 12242 E Unity   : WideController:Awake()
07-26 10:14:07.851 12124 12242 E Unity   : UnityEngine.Object:Instantiate(T)
07-26 10:14:07.851 12124 12242 E Unity   : Nekki.SF2.GUI.Scene`1:KKJCPJDOBMA()
07-26 10:14:07.851 12124 12242 E Unity   :
07-26 10:14:07.857 12124 12190 E com.facebook.GraphResponse: {HttpStatus: 400, errorCode: 190, subErrorCode: -1, errorType: OAuthException, errorMessage: Invalid OAuth access token signature.}
07-26 10:14:08.078 12124 12194 E com.facebook.GraphResponse: {HttpStatus: 400, errorCode: 190, subErrorCode: -1, errorType: OAuthException, errorMessage: Invalid OAuth access token signature.}
07-26 10:14:08.119 12445 12445 E webview_service: Not starting debugger since process cannot load thejdwp agent.
07-26 10:14:08.134 12462 12462 E libc    : SetHeapTaggingLevel: re-enabling tagging after it was disabled is not supported
07-26 10:14:08.141 12462 12462 E ocessService0:0: Not starting debugger since process cannot load thejdwp agent.
07-26 10:14:08.247 21106 21169 E adservices.measurement: AttributionFallbackJobService is disabled, skip scheduling
07-26 10:14:08.259 21106 21169 E adservices: Encryption key fetch job is disabled, skip scheduling.
07-26 10:14:14.644 12124 12242 E Unity   : Error open xml: /gamedata/quest_extensions/battle_pass.xml
07-26 10:14:14.644 12124 12242 E Unity   : DJONMGAICCG:OHLFDDDGFDC(String, String, KNIOABEJIMK, Boolean, Boolean, Boolean)
07-26 10:14:14.644 12124 12242 E Unity   : HCGKKBENKMB:OADLPJGCHKN(String, String)
07-26 10:14:14.644 12124 12242 E Unity   : HCGKKBENKMB:GPMIBOJDFMP(XmlNode)
07-26 10:14:14.644 12124 12242 E Unity   : HCGKKBENKMB:OADLPJGCHKN(String, String)
07-26 10:14:14.644 12124 12242 E Unity   : HCGKKBENKMB:GPMIBOJDFMP(XmlNode)
07-26 10:14:14.644 12124 12242 E Unity   : HCGKKBENKMB:OADLPJGCHKN(String, String)
07-26 10:14:14.644 12124 12242 E Unity   : HCGKKBENKMB:DDGOJEMJLPG()
07-26 10:14:14.644 12124 12242 E Unity   : CPMHLOLMELO:LGDMKFPFLJO()
07-26 10:14:14.644 12124 12242 E Unity   : AEMCOFOGOBE:LGDMKFPFLJO(MEEMKOGFJBI)
07-26 10:14:14.644 12124 12242 E Unity   : Nekki.SF2.GUI.Scenes.GameLoaderScene:Update()
07-26 10:14:14.644 12124 12242 E Unity   :
07-26 10:14:14.645 12124 12242 E Unity   : ListSF::ParseQuests: cannot open FileName = quest_extensions/battle_pass.xml
07-26 10:14:14.645 12124 12242 E Unity   : HCGKKBENKMB:GPMIBOJDFMP(XmlNode)
07-26 10:14:14.645 12124 12242 E Unity   : HCGKKBENKMB:OADLPJGCHKN(String, String)
07-26 10:14:14.645 12124 12242 E Unity   : HCGKKBENKMB:GPMIBOJDFMP(XmlNode)
07-26 10:14:14.645 12124 12242 E Unity   : HCGKKBENKMB:OADLPJGCHKN(String, String)
07-26 10:14:14.645 12124 12242 E Unity   : HCGKKBENKMB:DDGOJEMJLPG()
07-26 10:14:14.645 12124 12242 E Unity   : CPMHLOLMELO:LGDMKFPFLJO()
07-26 10:14:14.645 12124 12242 E Unity   : AEMCOFOGOBE:LGDMKFPFLJO(MEEMKOGFJBI)
07-26 10:14:14.645 12124 12242 E Unity   : Nekki.SF2.GUI.Scenes.GameLoaderScene:Update()
07-26 10:14:14.645 12124 12242 E Unity   :
07-26 10:14:15.518 12121 12766 E ght:AppLovinAds: Attempt to load writable dex file: /data/user/0/com.nekki.shadowfight/app_pccache/5/34972CE6AEE45C5BC0EEF10E2DF825EE3CCF3D80/pcam.jar
07-26 10:14:15.551 12121 12793 E ght:AppLovinAds: No package ID 6a found for ID 0x6a0b000f.
07-26 10:14:15.570 12462 12485 E cr_ChildProcessService: Service is already bound by pid 12124, cannot bind for pid 12121
07-26 10:14:15.583 12121 12808 E ght:AppLovinAds: No package ID 6a found for ID 0x6a0b000f.
07-26 10:14:15.970  5080 12800 E PlayGamesServices[SignInAuthenticator]: **** APP NOT CORRECTLY CONFIGURED TO USE GOOGLE PLAY GAME SERVICES
07-26 10:14:15.970  5080 12800 E PlayGamesServices[SignInAuthenticator]: **** DEVELOPER_ERROR
07-26 10:14:15.970  5080 12800 E PlayGamesServices[SignInAuthenticator]: **** This is usually caused by one of these reasons:
07-26 10:14:15.970  5080 12800 E PlayGamesServices[SignInAuthenticator]: **** (1) Your package name and certificate fingerprint do not match
07-26 10:14:15.970  5080 12800 E PlayGamesServices[SignInAuthenticator]: ****     the client ID you registered in Developer Console.
07-26 10:14:15.970  5080 12800 E PlayGamesServices[SignInAuthenticator]: **** (2) Your App ID was incorrectly entered.
07-26 10:14:15.970  5080 12800 E PlayGamesServices[SignInAuthenticator]: **** (3) Your game settings have not been published and you are
07-26 10:14:15.970  5080 12800 E PlayGamesServices[SignInAuthenticator]: ****     trying to log in with an account that is not listed as
07-26 10:14:15.970  5080 12800 E PlayGamesServices[SignInAuthenticator]: ****     a test account.
07-26 10:14:15.970  5080 12800 E PlayGamesServices[SignInAuthenticator]: **** (4) A server auth code was requested, but an incorrect client
07-26 10:14:15.970  5080 12800 E PlayGamesServices[SignInAuthenticator]: ****     id was provided. The client id for server auth codes should
07-26 10:14:15.970  5080 12800 E PlayGamesServices[SignInAuthenticator]: ****     be the client id for the game server (not the android app).
07-26 10:14:15.970  5080 12800 E PlayGamesServices[SignInAuthenticator]: ****
07-26 10:14:15.970  5080 12800 E PlayGamesServices[SignInAuthenticator]: **** To help you debug, hereis the information about this app
07-26 10:14:15.970  5080 12800 E PlayGamesServices[SignInAuthenticator]: **** Package name         : com.nekki.shadowfight
07-26 10:14:15.970  5080 12800 E PlayGamesServices[SignInAuthenticator]: **** Cert SHA1 fingerprint: ***********************:***********************:EC:F9:23:46
07-26 10:14:15.970  5080 12800 E PlayGamesServices[SignInAuthenticator]: **** App ID from manifest : 1081323847439
07-26 10:14:15.970  5080 12800 E PlayGamesServices[SignInAuthenticator]: ****
07-26 10:14:15.970  5080 12800 E PlayGamesServices[SignInAuthenticator]: **** Check that the above information matches your setup in
07-26 10:14:15.970  5080 12800 E PlayGamesServices[SignInAuthenticator]: **** Developer Console. Also, check that you're logging in with the
07-26 10:14:15.970  5080 12800 E PlayGamesServices[SignInAuthenticator]: **** right account (it should be listed in the Testers section if
07-26 10:14:15.970  5080 12800 E PlayGamesServices[SignInAuthenticator]: **** your project is not yetpublished).
07-26 10:14:15.970  5080 12800 E PlayGamesServices[SignInAuthenticator]: ****
07-26 10:14:15.970  5080 12800 E PlayGamesServices[SignInAuthenticator]: **** For more information, refer to the troubleshooting guide:
07-26 10:14:15.970  5080 12800 E PlayGamesServices[SignInAuthenticator]: ****   *******************************************************************
07-26 10:14:15.970  5080 12800 E PlayGamesServices[SignInAuthenticator]: ****
07-26 10:14:16.125  5080  9387 E Ads     : Error waiting for future.
07-26 10:14:16.125  5080  9387 E Ads     : java.util.concurrent.TimeoutException
07-26 10:14:16.125  5080  9387 E Ads     :      at java.util.concurrent.FutureTask.get(FutureTask.java:204)
07-26 10:14:16.125  5080  9387 E Ads     :      at com.google.android.gms.ads.nonagon.signals.gmscore.p.call(:com.google.android.gms@252635029@25.26.35 (190400-783060121):47)
07-26 10:14:16.125  5080  9387 E Ads     :      at gglc.a(:com.google.android.gms@252635029@25.26.35 (190400-783060121):3)
07-26 10:14:16.125  5080  9387 E Ads     :      at ggkc.run(:com.google.android.gms@252635029@25.26.35 (190400-783060121):19)
07-26 10:14:16.125  5080  9387 E Ads     :      at ggld.run(:com.google.android.gms@252635029@25.26.35 (190400-783060121):5)
07-26 10:14:16.125  5080  9387 E Ads     :      at azsg.c(:com.google.android.gms@252635029@25.26.35 (190400-783060121):50)
07-26 10:14:16.125  5080  9387 E Ads     :      at azsg.run(:com.google.android.gms@252635029@25.26.35 (190400-783060121):70)
07-26 10:14:16.125  5080  9387 E Ads     :      at java.util.concurrent.ThreadPoolExecutor.runWorker(ThreadPoolExecutor.java:1156)
07-26 10:14:16.125  5080  9387 E Ads     :      at java.util.concurrent.ThreadPoolExecutor$Worker.run(ThreadPoolExecutor.java:651)
07-26 10:14:16.125  5080  9387 E Ads     :      at azxy.run(:com.google.android.gms@252635029@25.26.35 (190400-783060121):8)
07-26 10:14:16.125  5080  9387 E Ads     :      at java.lang.Thread.run(Thread.java:1119)
07-26 10:14:16.127  5080 12894 E Ads     : Error waiting for future.
07-26 10:14:16.127  5080 12894 E Ads     : java.util.concurrent.TimeoutException
07-26 10:14:16.127  5080 12894 E Ads     :      at java.util.concurrent.FutureTask.get(FutureTask.java:204)
07-26 10:14:16.127  5080 12894 E Ads     :      at com.google.android.gms.ads.nonagon.signals.gmscore.p.call(:com.google.android.gms@252635029@25.26.35 (190400-783060121):47)
07-26 10:14:16.127  5080 12894 E Ads     :      at gglc.a(:com.google.android.gms@252635029@25.26.35 (190400-783060121):3)
07-26 10:14:16.127  5080 12894 E Ads     :      at ggkc.run(:com.google.android.gms@252635029@25.26.35 (190400-783060121):19)
07-26 10:14:16.127  5080 12894 E Ads     :      at ggld.run(:com.google.android.gms@252635029@25.26.35 (190400-783060121):5)
07-26 10:14:16.127  5080 12894 E Ads     :      at azsg.c(:com.google.android.gms@252635029@25.26.35 (190400-783060121):50)
07-26 10:14:16.127  5080 12894 E Ads     :      at azsg.run(:com.google.android.gms@252635029@25.26.35 (190400-783060121):70)
07-26 10:14:16.127  5080 12894 E Ads     :      at java.util.concurrent.ThreadPoolExecutor.runWorker(ThreadPoolExecutor.java:1156)
07-26 10:14:16.127  5080 12894 E Ads     :      at java.util.concurrent.ThreadPoolExecutor$Worker.run(ThreadPoolExecutor.java:651)
07-26 10:14:16.127  5080 12894 E Ads     :      at azxy.run(:com.google.android.gms@252635029@25.26.35 (190400-783060121):8)
07-26 10:14:16.127  5080 12894 E Ads     :      at java.lang.Thread.run(Thread.java:1119)
07-26 10:14:16.392  5080 12800 E PlayGamesServices[SignInAuthenticator]: **** APP NOT CORRECTLY CONFIGURED TO USE GOOGLE PLAY GAME SERVICES
07-26 10:14:16.392  5080 12800 E PlayGamesServices[SignInAuthenticator]: **** DEVELOPER_ERROR
07-26 10:14:16.392  5080 12800 E PlayGamesServices[SignInAuthenticator]: **** This is usually caused by one of these reasons:
07-26 10:14:16.392  5080 12800 E PlayGamesServices[SignInAuthenticator]: **** (1) Your package name and certificate fingerprint do not match
07-26 10:14:16.392  5080 12800 E PlayGamesServices[SignInAuthenticator]: ****     the client ID you registered in Developer Console.
07-26 10:14:16.392  5080 12800 E PlayGamesServices[SignInAuthenticator]: **** (2) Your App ID was incorrectly entered.
07-26 10:14:16.392  5080 12800 E PlayGamesServices[SignInAuthenticator]: **** (3) Your game settings have not been published and you are
07-26 10:14:16.392  5080 12800 E PlayGamesServices[SignInAuthenticator]: ****     trying to log in with an account that is not listed as
07-26 10:14:16.392  5080 12800 E PlayGamesServices[SignInAuthenticator]: ****     a test account.
07-26 10:14:16.392  5080 12800 E PlayGamesServices[SignInAuthenticator]: **** (4) A server auth code was requested, but an incorrect client
07-26 10:14:16.392  5080 12800 E PlayGamesServices[SignInAuthenticator]: ****     id was provided. The client id for server auth codes should
07-26 10:14:16.392  5080 12800 E PlayGamesServices[SignInAuthenticator]: ****     be the client id for the game server (not the android app).
07-26 10:14:16.392  5080 12800 E PlayGamesServices[SignInAuthenticator]: ****
07-26 10:14:16.392  5080 12800 E PlayGamesServices[SignInAuthenticator]: **** To help you debug, hereis the information about this app
07-26 10:14:16.392  5080 12800 E PlayGamesServices[SignInAuthenticator]: **** Package name         : com.nekki.shadowfight
07-26 10:14:16.392  5080 12800 E PlayGamesServices[SignInAuthenticator]: **** Cert SHA1 fingerprint: ***********************:***********************:EC:F9:23:46
07-26 10:14:16.392  5080 12800 E PlayGamesServices[SignInAuthenticator]: **** App ID from manifest : 1081323847439
07-26 10:14:16.392  5080 12800 E PlayGamesServices[SignInAuthenticator]: ****
07-26 10:14:16.392  5080 12800 E PlayGamesServices[SignInAuthenticator]: **** Check that the above information matches your setup in
07-26 10:14:16.392  5080 12800 E PlayGamesServices[SignInAuthenticator]: **** Developer Console. Also, check that you're logging in with the
07-26 10:14:16.392  5080 12800 E PlayGamesServices[SignInAuthenticator]: **** right account (it should be listed in the Testers section if
07-26 10:14:16.392  5080 12800 E PlayGamesServices[SignInAuthenticator]: **** your project is not yetpublished).
07-26 10:14:16.392  5080 12800 E PlayGamesServices[SignInAuthenticator]: ****
07-26 10:14:16.392  5080 12800 E PlayGamesServices[SignInAuthenticator]: **** For more information, refer to the troubleshooting guide:
07-26 10:14:16.392  5080 12800 E PlayGamesServices[SignInAuthenticator]: ****   *******************************************************************
07-26 10:14:16.392  5080 12800 E PlayGamesServices[SignInAuthenticator]: ****
07-26 10:14:16.486 12121 12690 E ignored : java.lang.NullPointerException: Attempt to invoke virtual method 'java.lang.Object android.content.Context.getSystemService(java.lang.String)' on a null object reference
07-26 10:14:16.493  9783  9783 E PlayGamesServices[SignInClient]: Calling connect() while still connected, missing disconnect().
07-26 10:14:16.518 12121 12671 E ironSourceSDK: API: p a - bidding data cannot be retrieved, SDK not initialized
07-26 10:14:16.531 12121 12670 E ironSourceSDK: API: p a - bidding data cannot be retrieved, SDK not initialized
07-26 10:14:16.873 12121 12676 E ght:AppLovinAds: hiddenapi: Accessing hidden field Landroid/webkit/WebViewFactory;->sDataDirectorySuffix:Ljava/lang/String; (runtime_flags=0, domain=platform, api=max-target-o) from Lcom/bytedance/sdk/openadsdk/multipro/tN; (domain=app) using reflection: denied
07-26 10:14:17.044 12121 12671 E AppLovinSdk: [MediationAdapterWrapper] Failed signal collection for UNITY_BIDDING due to: java.lang.NullPointerException: Parameter specified as non-null is null: method com.unity3d.services.core.di.UnityAdsModule.gatewayDataStore, parameter context
07-26 10:14:17.050 12121 12670 E AppLovinSdk: [MediationAdapterWrapper] Failed signal collection for UNITY_BIDDING due to: java.lang.NullPointerException: Parameter specified as non-null is null: method com.unity3d.services.core.di.UnityAdsModule.gatewayDataStore, parameter context
07-26 10:14:17.349 12121 12670 E AppLovinSdk: [AppLovinSdk]
07-26 10:14:17.349 12121 12670 E AppLovinSdk: **********
07-26 10:14:17.349 12121 12670 E AppLovinSdk: Attempting to init 3rd-party SDKs without an Activity instance.
07-26 10:14:17.349 12121 12670 E AppLovinSdk: **********
07-26 10:14:17.349 12121 12670 E AppLovinSdk:
07-26 10:14:17.384 12121 12706 E AppLovinSdk: [MediationAdapterWrapper] Failed operation initialize for UNITY_BIDDING
07-26 10:14:17.384 12121 12706 E AppLovinSdk: java.lang.NullPointerException: Parameter specified as non-null is null: method com.unity3d.services.core.di.UnityAdsModule.gatewayDataStore, parameter context
07-26 10:14:17.384 12121 12706 E AppLovinSdk:   at com.unity3d.services.core.di.UnityAdsModule.gatewayDataStore(Unknown Source:2)
07-26 10:14:17.384 12121 12706 E AppLovinSdk:   at com.unity3d.services.core.di.ServiceProvider$initialize$1$14.invoke(Unknown Source:44)
07-26 10:14:17.384 12121 12706 E AppLovinSdk:   at com.unity3d.services.core.di.ServiceProvider$initialize$1$14.invoke(Unknown Source:0)
07-26 10:14:17.384 12121 12706 E AppLovinSdk:   at kotlin.SynchronizedLazyImpl.getValue(LazyJVM.kt:74)
07-26 10:14:17.384 12121 12706 E AppLovinSdk:   at com.unity3d.services.core.di.ServicesRegistry.resolveService(Unknown Source:17)
07-26 10:14:17.384 12121 12706 E AppLovinSdk:   at com.unity3d.services.core.di.ServiceProvider$initialize$1$32.invoke(Unknown Source:17)
07-26 10:14:17.384 12121 12706 E AppLovinSdk:   at com.unity3d.services.core.di.ServiceProvider$initialize$1$32.invoke(Unknown Source:0)
07-26 10:14:17.384 12121 12706 E AppLovinSdk:   at kotlin.SynchronizedLazyImpl.getValue(LazyJVM.kt:74)
07-26 10:14:17.384 12121 12706 E AppLovinSdk:   at com.unity3d.services.core.di.ServicesRegistry.resolveService(Unknown Source:17)
07-26 10:14:17.384 12121 12706 E AppLovinSdk:   at com.unity3d.services.core.di.ServiceProvider$initialize$1$67.invoke(Unknown Source:17)
07-26 10:14:17.384 12121 12706 E AppLovinSdk:   at com.unity3d.services.core.di.ServiceProvider$initialize$1$67.invoke(Unknown Source:0)
07-26 10:14:17.384 12121 12706 E AppLovinSdk:   at kotlin.SynchronizedLazyImpl.getValue(LazyJVM.kt:74)
07-26 10:14:17.384 12121 12706 E AppLovinSdk:   at com.unity3d.services.core.di.ServicesRegistry.resolveService(Unknown Source:17)
07-26 10:14:17.384 12121 12706 E AppLovinSdk:   at com.unity3d.services.core.di.ServiceProvider$initialize$1$87.invoke(Unknown Source:17)
07-26 10:14:17.384 12121 12706 E AppLovinSdk:   at com.unity3d.services.core.di.ServiceProvider$initialize$1$87.invoke(Unknown Source:0)
07-26 10:14:17.384 12121 12706 E AppLovinSdk:   at kotlin.SynchronizedLazyImpl.getValue(LazyJVM.kt:74)
07-26 10:14:17.384 12121 12706 E AppLovinSdk:   at com.unity3d.services.core.di.ServicesRegistry.resolveService(Unknown Source:17)
07-26 10:14:17.384 12121 12706 E AppLovinSdk:   at com.unity3d.services.core.di.ServicesRegistry.getService(Unknown Source:15)
07-26 10:14:17.384 12121 12706 E AppLovinSdk:   at com.unity3d.services.UnityAdsSDK$special$$inlined$inject$default$8.invoke(IServiceComponent.kt:34)
07-26 10:14:17.384 12121 12706 E AppLovinSdk:   at kotlin.UnsafeLazyImpl.getValue(Lazy.kt:81)
07-26 10:14:17.384 12121 12706 E AppLovinSdk:   at com.unity3d.services.UnityAdsSDK.getSetInitializationState(UnityAdsSDK.kt:56)
07-26 10:14:17.384 12121 12706 E AppLovinSdk:   at com.unity3d.services.UnityAdsSDK.initialize(UnityAdsSDK.kt:69)
07-26 10:14:17.384 12121 12706 E AppLovinSdk:   at com.unity3d.services.UnityServices.initialize(UnityServices.kt:180)
07-26 10:14:17.384 12121 12706 E AppLovinSdk:   at com.unity3d.services.ads.UnityAdsImplementation.initialize(UnityAdsImplementation.java:66)
07-26 10:14:17.384 12121 12706 E AppLovinSdk:   at com.unity3d.ads.UnityAds.initialize(UnityAds.kt:60)
07-26 10:14:17.384 12121 12706 E AppLovinSdk:   at com.applovin.mediation.adapters.UnityAdsMediationAdapter.initialize(Unknown Source:100)
07-26 10:14:17.384 12121 12706 E AppLovinSdk:   at com.applovin.impl.mediation.g.a(Unknown Source:75)
07-26 10:14:17.384 12121 12706 E AppLovinSdk:   at com.applovin.impl.mediation.g.$r8$lambda$_LJdKRdBrc3uMETdim7U_7DH348(Unknown Source:0)
07-26 10:14:17.384 12121 12706 E AppLovinSdk:   at com.applovin.impl.mediation.g$$ExternalSyntheticLambda1.run(Unknown Source:8)
07-26 10:14:17.384 12121 12706 E AppLovinSdk:   at com.applovin.impl.mediation.g.a(Unknown Source:40)
07-26 10:14:17.384 12121 12706 E AppLovinSdk:   at com.applovin.impl.mediation.g.$r8$lambda$8klZvVFxEvbeYtUWLTk7pAlNUX4(Unknown Source:0)
07-26 10:14:17.384 12121 12706 E AppLovinSdk:   at com.applovin.impl.mediation.g$$ExternalSyntheticLambda9.run(Unknown Source:6)
07-26 10:14:17.384 12121 12706 E AppLovinSdk:   at com.applovin.impl.op.run(SourceFile:46)
07-26 10:14:17.384 12121 12706 E AppLovinSdk:   at com.applovin.impl.yo.a(Unknown Source:52)
07-26 10:14:17.384 12121 12706 E AppLovinSdk:   at com.applovin.impl.mediation.g.a(Unknown Source:84)
07-26 10:14:17.384 12121 12706 E AppLovinSdk:   at com.applovin.impl.mediation.g.b(Unknown Source:1)
07-26 10:14:17.384 12121 12706 E AppLovinSdk:   at com.applovin.impl.mediation.g.a(Unknown Source:7)
07-26 10:14:17.384 12121 12706 E AppLovinSdk:   at com.applovin.impl.mediation.e.a(Unknown Source:115)
07-26 10:14:17.384 12121 12706 E AppLovinSdk:   at com.applovin.impl.mediation.e.b(Unknown Source:16)
07-26 10:14:17.384 12121 12706 E AppLovinSdk:   at com.applovin.impl.fo.a(SourceFile:2)
07-26 10:14:17.384 12121 12706 E AppLovinSdk:   at com.applovin.impl.fo.$r8$lambda$wqrIRNOelNq56CTOf5Ed7Ckc8vM(Unknown Source:0)
07-26 10:14:17.384 12121 12706 E AppLovinSdk:   at com.applovin.impl.fo$$ExternalSyntheticLambda0.run(Unknown Source:4)
07-26 10:14:17.384 12121 12706 E AppLovinSdk:   at java.util.concurrent.Executors$RunnableAdapter.call(Executors.java:524)
07-26 10:14:17.384 12121 12706 E AppLovinSdk:   at java.util.concurrent.FutureTask.run(FutureTask.java:317)
07-26 10:14:17.384 12121 12706 E AppLovinSdk:   at java.util.concurrent.ScheduledThreadPoolExecutor$ScheduledFutureTask.run(ScheduledThreadPoolExecutor.java:348)
07-26 10:14:17.384 12121 12706 E AppLovinSdk:   at java.util.concurrent.ThreadPoolExecutor.runWorker(ThreadPoolExecutor.java:1156)
07-26 10:14:17.384 12121 12706 E AppLovinSdk:   at java.util.concurrent.ThreadPoolExecutor$Worker.run(ThreadPoolExecutor.java:651)
07-26 10:14:17.384 12121 12706 E AppLovinSdk:   at java.lang.Thread.run(Thread.java:1119)
07-26 10:14:17.410 12121 12187 E [ChartboostMonetization]: w1.a(): IFA: AdvertisingIDHolder(advertisingIDState=TRACKING_ENABLED, advertisingID=05d7233a-9268-4c57-a821-78d27e6fda90)
07-26 10:14:17.482 12121 13076 E [ChartboostMonetization]: q9.n(): Current session count: 2
07-26 10:14:17.554 12121 12187 E [ChartboostMonetization]: w1.a(): IFA: AdvertisingIDHolder(advertisingIDState=TRACKING_ENABLED, advertisingID=05d7233a-9268-4c57-a821-78d27e6fda90)
07-26 10:14:17.605 12121 12971 E ironSourceSDK: INTERNAL: k <init> - cannot load AppLovin
07-26 10:14:17.606 12121 12971 E ironSourceSDK: INTERNAL: k <init> - cannot load AppLovin
07-26 10:14:17.606 12121 12971 E ironSourceSDK: INTERNAL: k <init> - cannot load AppLovin
07-26 10:14:17.607 12121 12971 E ironSourceSDK: INTERNAL: k <init> - cannot load AppLovin
07-26 10:14:17.607 12121 12971 E ironSourceSDK: INTERNAL: k <init> - cannot load AppLovin
07-26 10:14:17.607 12121 12971 E ironSourceSDK: INTERNAL: k <init> - cannot load AppLovin
07-26 10:14:17.608 12121 12971 E ironSourceSDK: INTERNAL: k <init> - cannot load AppLovin
07-26 10:14:17.608 12121 12971 E ironSourceSDK: INTERNAL: k <init> - cannot load AdMob
07-26 10:14:17.608 12121 12971 E ironSourceSDK: INTERNAL: k <init> - cannot load AdMob
07-26 10:14:17.676 12121 13119 E GoogleApiManager: Failed to get service from broker.
07-26 10:14:17.676 12121 13119 E GoogleApiManager: java.lang.SecurityException: Unknown calling package name 'com.google.android.gms'.
07-26 10:14:17.676 12121 13119 E GoogleApiManager:      at android.os.Parcel.createExceptionOrNull(Parcel.java:3025)
07-26 10:14:17.676 12121 13119 E GoogleApiManager:      at android.os.Parcel.createException(Parcel.java:3009)
07-26 10:14:17.676 12121 13119 E GoogleApiManager:      at android.os.Parcel.readException(Parcel.java:2992)
07-26 10:14:17.676 12121 13119 E GoogleApiManager:      at android.os.Parcel.readException(Parcel.java:2934)
07-26 10:14:17.676 12121 13119 E GoogleApiManager:      at ayzf.a(:com.google.android.gms@252635029@25.26.35 (190400-783060121):36)
07-26 10:14:17.676 12121 13119 E GoogleApiManager:      at ayxm.z(:com.google.android.gms@252635029@25.26.35 (190400-783060121):143)
07-26 10:14:17.676 12121 13119 E GoogleApiManager:      at ayej.run(:com.google.android.gms@252635029@25.26.35 (190400-783060121):42)
07-26 10:14:17.676 12121 13119 E GoogleApiManager:      at android.os.Handler.handleCallback(Handler.java:942)
07-26 10:14:17.676 12121 13119 E GoogleApiManager:      at android.os.Handler.dispatchMessage(Handler.java:99)
07-26 10:14:17.676 12121 13119 E GoogleApiManager:      at civv.mw(:com.google.android.gms@252635029@25.26.35 (190400-783060121):1)
07-26 10:14:17.676 12121 13119 E GoogleApiManager:      at civv.dispatchMessage(:com.google.android.gms@252635029@25.26.35 (190400-783060121):5)
07-26 10:14:17.676 12121 13119 E GoogleApiManager:      at android.os.Looper.loopOnce(Looper.java:223)
07-26 10:14:17.676 12121 13119 E GoogleApiManager:      at android.os.Looper.loop(Looper.java:324)
07-26 10:14:17.676 12121 13119 E GoogleApiManager:      at android.os.HandlerThread.run(HandlerThread.java:67)
07-26 10:14:17.684 12121 12971 E ironSourceSDK: INTERNAL: k <init> - cannot load AppLovin
07-26 10:14:17.685 12121 12971 E ironSourceSDK: INTERNAL: k <init> - cannot load Chartboost
07-26 10:14:17.685 12121 12971 E ironSourceSDK: INTERNAL: k <init> - cannot load UnityAds
07-26 10:14:17.685 12121 12971 E ironSourceSDK: INTERNAL: k <init> - cannot load Chartboost
07-26 10:14:17.686 12121 12971 E ironSourceSDK: INTERNAL: k <init> - cannot load AppLovin
07-26 10:14:17.686 12121 12971 E ironSourceSDK: INTERNAL: k <init> - cannot load AppLovin
07-26 10:14:17.686 12121 12971 E ironSourceSDK: INTERNAL: k <init> - cannot load Chartboost
07-26 10:14:17.686 12121 12971 E ironSourceSDK: INTERNAL: k <init> - cannot load AppLovin
07-26 10:14:17.686 12121 12971 E ironSourceSDK: INTERNAL: k <init> - cannot load Facebook
07-26 10:14:17.686 12121 12971 E ironSourceSDK: INTERNAL: k <init> - cannot load Yandex
07-26 10:14:17.690 12121 12971 E ironSourceSDK: INTERNAL: f <init> - cannot load AppLovin
07-26 10:14:17.690 12121 12971 E ironSourceSDK: INTERNAL: f <init> - cannot load AppLovin
07-26 10:14:17.690 12121 12971 E ironSourceSDK: INTERNAL: f <init> - cannot load AppLovin
07-26 10:14:17.690 12121 12971 E ironSourceSDK: INTERNAL: f <init> - cannot load AppLovin
07-26 10:14:17.691 12121 12971 E ironSourceSDK: INTERNAL: f <init> - cannot load AppLovin
07-26 10:14:17.691 12121 12971 E ironSourceSDK: INTERNAL: f <init> - cannot load AppLovin
07-26 10:14:17.691 12121 12971 E ironSourceSDK: INTERNAL: f <init> - cannot load AdMob
07-26 10:14:17.691 12121 12971 E ironSourceSDK: INTERNAL: f <init> - cannot load Chartboost
07-26 10:14:17.691 12121 12971 E ironSourceSDK: INTERNAL: f <init> - cannot load AppLovin
07-26 10:14:17.691 12121 12971 E ironSourceSDK: INTERNAL: f <init> - cannot load AdMob
07-26 10:14:17.691 12121 12971 E ironSourceSDK: INTERNAL: f <init> - cannot load AppLovin
07-26 10:14:17.691 12121 12971 E ironSourceSDK: INTERNAL: f <init> - cannot load Chartboost
07-26 10:14:17.692 12121 12971 E ironSourceSDK: INTERNAL: f <init> - cannot load AppLovin
07-26 10:14:17.692 12121 12971 E ironSourceSDK: INTERNAL: f <init> - cannot load UnityAds
07-26 10:14:17.692 12121 12971 E ironSourceSDK: INTERNAL: f <init> - cannot load Chartboost
07-26 10:14:17.692 12121 12971 E ironSourceSDK: INTERNAL: f <init> - cannot load AppLovin
07-26 10:14:17.692 12121 12971 E ironSourceSDK: INTERNAL: f <init> - cannot load Facebook
07-26 10:14:17.692 12121 12971 E ironSourceSDK: INTERNAL: f <init> - cannot load Yandex
07-26 10:14:17.716 12124 12124 E SignInRequest: Setting result error status code to: 16
07-26 10:14:17.731  5080 13000 E PlayGamesServices[PlayerAgentHelper]: Unable to load player null
07-26 10:14:17.733 12121 12121 E [ChartboostMonetization]: r8.onProviderInstalled(): ProviderInstaller onProviderInstalled
07-26 10:14:17.906 12121 12187 E [ChartboostMonetization]: w1.a(): IFA: AdvertisingIDHolder(advertisingIDState=TRACKING_ENABLED, advertisingID=05d7233a-9268-4c57-a821-78d27e6fda90)
07-26 10:14:18.172  5080 13001 E PlayGamesServices[PlayerAgentHelper]: Unable to load player null
07-26 10:14:18.643  5080 13002 E PlayGamesServices[PlayerAgentHelper]: Unable to load player null
07-26 10:14:18.671 12124 12242 E libEGL  : call to OpenGL ES API with no current context (logged onceper thread)
07-26 10:14:19.150  5080 13003 E PlayGamesServices[PlayerAgentHelper]: Unable to load player null
07-26 10:14:19.654  5080 13000 E PlayGamesServices[PlayerAgentHelper]: Unable to load player null
07-26 10:14:19.815 12124 12242 E Unity   : [NHOLPCLGKOL] Detected products in payment without items in list.xml! Please add following products to list:
07-26 10:14:19.815 12124 12242 E Unity   :      com.nekki.shadowfight.sphere2_offer_3_1
07-26 10:14:19.815 12124 12242 E Unity   :      com.nekki.shadowfight.sphere3_offer_5_1
07-26 10:14:19.815 12124 12242 E Unity   :      com.nekki.shadowfight.potions_offer_5_1
07-26 10:14:19.815 12124 12242 E Unity   :      com.nekki.shadowfight.event_coins_offer_3_1
07-26 10:14:19.815 12124 12242 E Unity   :      com.nekki.shadowfight.keys_offer_3_1
07-26 10:14:19.815 12124 12242 E Unity   :      com.nekki.shadowfight.event_consumables_offer_5_1
07-26 10:14:19.815 12124 12242 E Unity   :      com.nekki.shadowfight.keys_event_offer_3_1
07-26 10:14:19.815 12124 12242 E Unity   :      com.nekki.shadowfight.bp_premium_3_1
07-26 10:14:19.815 12124 12242 E Unity   :      com.nekki.shadowfight.event_keys_consumables_offer
07-26 10:14:19.815 12124 12242 E Unity   : NHOLPCLGKOL:IFBJJLCCIIO()
07-26 10:14:19.815 12124 12242 E Unity   : IJMEMMGBJOL:ODJLHMDNOKC(MNKGHNKCMIE)
07-26 10:14:19.815 12124 12242 E Unity   : ECGEMEIOAJN:OBFJDEDBLIO(IObserver`1)
07-26 10:14:19.815 12124 12242 E Unity   : UniRx.Operators.CreateObservable`1:SubscribeCore(IObserver`1, IDisposable)
07-26 10:14:19.815 12124 12242 E Unity   : UniRx.Operators.<>c__DisplayClass3_0:<Subscribe>b__0()
07-26 10:14:19.815 12124 12242 E Unity   : UniRx.Trampoline:Run(SchedulerQueue)
07-26 10:14:19.815 12124 12242 E Unity   : UniRx.CurrentThreadScheduler:Schedule(TimeSpan, Action)
07-26 10:14:19.815 12124 12242 E Unity   : UniRx.Operators.OperatorObservableBase`1:Subscribe(IObserver`1)
07-26 10:14:19.815 12124 12242 E Unity   : KLCAOCJPCNI:IFBJJLCCIIO()
07-26 10:14:19.815 12124 12242 E Unity   : NIGEOLFLMIF:CGLNFHBJHGI(Action)
07-26 10:14:19.815 12124 12242 E Unity   : NIGEOLFLMIF:CGLNFHBJHGI(Action)
07-26 10:14:19.815 12124 12242 E Unity   : OMCLFAPJOIE:MMBHNCJDOJI()
07-26 10:14:19.815 12124 12242 E Unity   : OJFLLBCDOCB:OJDPPCOE
07-26 10:14:19.859 12121 12187 E [ChartboostMonetization]: w1.a(): IFA: AdvertisingIDHolder(advertisingIDState=TRACKING_ENABLED, advertisingID=05d7233a-9268-4c57-a821-78d27e6fda90)
07-26 10:14:20.154 12121 12187 E [ChartboostMonetization]: w1.a(): IFA: AdvertisingIDHolder(advertisingIDState=TRACKING_ENABLED, advertisingID=05d7233a-9268-4c57-a821-78d27e6fda90)
07-26 10:14:20.193  5080 13001 E PlayGamesServices[PlayerAgentHelper]: Unable to load player null
07-26 10:14:20.502 12121 12187 E [ChartboostMonetization]: w1.a(): IFA: AdvertisingIDHolder(advertisingIDState=TRACKING_ENABLED, advertisingID=05d7233a-9268-4c57-a821-78d27e6fda90)
07-26 10:14:20.701  5080 13002 E PlayGamesServices[PlayerAgentHelper]: Unable to load player null
07-26 10:14:21.146 12121 12187 E [ChartboostMonetization]: w1.a(): IFA: AdvertisingIDHolder(advertisingIDState=TRACKING_ENABLED, advertisingID=05d7233a-9268-4c57-a821-78d27e6fda90)
07-26 10:14:21.210  5080 13003 E PlayGamesServices[PlayerAgentHelper]: Unable to load player null
07-26 10:14:21.573 12121 12187 E [ChartboostMonetization]: w1.a(): IFA: AdvertisingIDHolder(advertisingIDState=TRACKING_ENABLED, advertisingID=05d7233a-9268-4c57-a821-78d27e6fda90)
07-26 10:14:21.728  5080 13000 E PlayGamesServices[PlayerAgentHelper]: Unable to load player null
07-26 10:14:22.275  5080 13001 E PlayGamesServices[PlayerAgentHelper]: Unable to load player null
07-26 10:14:23.067 12121 12187 E [ChartboostMonetization]: w1.a(): IFA: AdvertisingIDHolder(advertisingIDState=TRACKING_ENABLED, advertisingID=05d7233a-9268-4c57-a821-78d27e6fda90)
07-26 10:14:23.405 12121 12671 E AppLovinSdk: [MediationAdapterWrapper] Mediation adapter 'UnityAdsMediationAdapter' is disabled. Signal collection ads with this adapter is disabled.
07-26 10:14:24.539 12121 12192 E [ChartboostMonetization]: w1.a(): IFA: AdvertisingIDHolder(advertisingIDState=TRACKING_ENABLED, advertisingID=05d7233a-9268-4c57-a821-78d27e6fda90)
07-26 10:14:25.492 12121 12121 E Ads     : JS: Error: <svg> attribute viewBox: Unexpected end of attribute. Expected number, "0 0  ". (***************************************
07-26 10:14:25.492 12121 12121 E Ads     : JS: Error: <svg> attribute viewBox: Unexpected end of attribute. Expected number, "0 0  ". (***************************************
07-26 10:14:25.782 12121 12192 E [ChartboostMonetization]: w1.a(): IFA: AdvertisingIDHolder(advertisingIDState=TRACKING_ENABLED, advertisingID=05d7233a-9268-4c57-a821-78d27e6fda90)
07-26 10:14:25.895 12121 12671 E AppLovinSdk: [MediationAdapterWrapper] Mediation adapter 'UnityAdsMediationAdapter' is disabled. Signal collection ads with this adapter is disabled.
07-26 10:14:26.310 12124 13372 E FilePhenotypeFlags: Config package com.google.android.gms.clearcut_client#com.nekki.shadowfight cannot use FILE backing without declarative registration. See go/phenotype-android-integration#phenotype for more information. This will lead to stale flags.
07-26 10:14:26.320 12124 13372 E FilePhenotypeFlags: Config package com.google.android.gms.clearcut_client#com.nekki.shadowfight cannot use FILE backing without declarative registration. See go/phenotype-android-integration#phenotype for more information. This will lead to stale flags.
07-26 10:14:26.371 12121 12187 E [ChartboostMonetization]: w1.a(): IFA: AdvertisingIDHolder(advertisingIDState=TRACKING_ENABLED, advertisingID=05d7233a-9268-4c57-a821-78d27e6fda90)
07-26 10:14:27.058 12121 12187 E [ChartboostMonetization]: w1.a(): IFA: AdvertisingIDHolder(advertisingIDState=TRACKING_ENABLED, advertisingID=05d7233a-9268-4c57-a821-78d27e6fda90)
07-26 10:14:27.658 12121 13119 E GoogleApiManager: Failed to get service from broker.
07-26 10:14:27.658 12121 13119 E GoogleApiManager: java.lang.SecurityException: Unknown calling package name 'com.google.android.gms'.
07-26 10:14:27.658 12121 13119 E GoogleApiManager:      at android.os.Parcel.createExceptionOrNull(Parcel.java:3025)
07-26 10:14:27.658 12121 13119 E GoogleApiManager:      at android.os.Parcel.createException(Parcel.java:3009)
07-26 10:14:27.658 12121 13119 E GoogleApiManager:      at android.os.Parcel.readException(Parcel.java:2992)
07-26 10:14:27.658 12121 13119 E GoogleApiManager:      at android.os.Parcel.readException(Parcel.java:2934)
07-26 10:14:27.658 12121 13119 E GoogleApiManager:      at ayzf.a(:com.google.android.gms@252635029@25.26.35 (190400-783060121):36)
07-26 10:14:27.658 12121 13119 E GoogleApiManager:      at ayxm.z(:com.google.android.gms@252635029@25.26.35 (190400-783060121):143)
07-26 10:14:27.658 12121 13119 E GoogleApiManager:      at ayej.run(:com.google.android.gms@252635029@25.26.35 (190400-783060121):42)
07-26 10:14:27.658 12121 13119 E GoogleApiManager:      at android.os.Handler.handleCallback(Handler.java:942)
07-26 10:14:27.658 12121 13119 E GoogleApiManager:      at android.os.Handler.dispatchMessage(Handler.java:99)
07-26 10:14:27.658 12121 13119 E GoogleApiManager:      at civv.mw(:com.google.android.gms@252635029@25.26.35 (190400-783060121):1)
07-26 10:14:27.658 12121 13119 E GoogleApiManager:      at civv.dispatchMessage(:com.google.android.gms@252635029@25.26.35 (190400-783060121):5)
07-26 10:14:27.658 12121 13119 E GoogleApiManager:      at android.os.Looper.loopOnce(Looper.java:223)
07-26 10:14:27.658 12121 13119 E GoogleApiManager:      at android.os.Looper.loop(Looper.java:324)
07-26 10:14:27.658 12121 13119 E GoogleApiManager:      at android.os.HandlerThread.run(HandlerThread.java:67)
07-26 10:14:28.580 12121 12187 E [ChartboostMonetization]: w1.a(): IFA: AdvertisingIDHolder(advertisingIDState=TRACKING_ENABLED, advertisingID=05d7233a-9268-4c57-a821-78d27e6fda90)
07-26 10:14:30.019 12121 12187 E [ChartboostMonetization]: w1.a(): IFA: AdvertisingIDHolder(advertisingIDState=TRACKING_ENABLED, advertisingID=05d7233a-9268-4c57-a821-78d27e6fda90)
07-26 10:14:30.813 12121 13446 E FilePhenotypeFlags: Config package com.google.android.gms.clearcut_client#com.nekki.shadowfight cannot use FILE backing without declarative registration. See go/phenotype-android-integration#phenotype for more information. This will lead to stale flags.
07-26 10:14:30.815 12121 13446 E FilePhenotypeFlags: Config package com.google.android.gms.clearcut_client#com.nekki.shadowfight cannot use FILE backing without declarative registration. See go/phenotype-android-integration#phenotype for more information. This will lead to stale flags.
07-26 10:14:31.576 12121 12187 E [ChartboostMonetization]: w1.a(): IFA: AdvertisingIDHolder(advertisingIDState=TRACKING_ENABLED, advertisingID=05d7233a-9268-4c57-a821-78d27e6fda90)
07-26 10:14:32.250 12121 12187 E [ChartboostMonetization]: w1.a(): IFA: AdvertisingIDHolder(advertisingIDState=TRACKING_ENABLED, advertisingID=05d7233a-9268-4c57-a821-78d27e6fda90)
07-26 10:15:07.921 12121 13524 E ignored : java.lang.NullPointerException: Attempt to invoke virtual method 'java.lang.Object android.content.Context.getSystemService(java.lang.String)' on a null object reference
07-26 10:17:40.398 13667 13706 E com.makemytrip: No package ID 6a found for ID 0x6a0b000f.
07-26 10:17:40.495 13667 13769 E BMP:CYFManager: AkamaiBMP SDK is not initialized
07-26 10:17:40.708 13667 13772 E BMP:CYFManager: AkamaiBMP SDK is not initialized
07-26 10:17:40.798 13667 13848 E chromium: [0726/101740.797639:ERROR:android_webview/browser/variations/variations_seed_loader.cc:39] Seed missing signature.
07-26 10:17:56.345 13667 13932 E FilePhenotypeFlags: Config package com.google.android.gms.clearcut_client#com.makemytrip cannot use FILE backing without declarative registration. See go/phenotype-android-integration#phenotype for more information. This will lead to stale flags.
