07-26 10:06:49.122  8814  9685 E GoogleApiManager:      at civv.mw(:com.google.android.gms@252635029@25.26.35 (190400-783060121):1)
07-26 10:06:49.122  8814  9685 E GoogleApiManager:      at civv.dispatchMessage(:com.google.android.gms@252635029@25.26.35 (190400-783060121):5)
07-26 10:06:49.122  8814  9685 E GoogleApiManager:      at android.os.Looper.loopOnce(Looper.java:223)
07-26 10:06:49.122  8814  9685 E GoogleApiManager:      at android.os.Looper.loop(Looper.java:324)
07-26 10:06:49.122  8814  9685 E GoogleApiManager:      at android.os.HandlerThread.run(HandlerThread.java:67)
07-26 10:06:49.166  8814  9549 E ignored : java.lang.NullPointerException: Attempt to invoke virtual method 'java.lang.Object android.content.Context.getSystemService(java.lang.String)' on a null object reference
07-26 10:06:49.352  8814  9601 E ignored : java.lang.NullPointerException: Attempt to invoke virtual method 'java.lang.Object android.content.Context.getSystemService(java.lang.String)' on a null object reference
07-26 10:06:49.372  8814  9601 E ignored : java.lang.NullPointerException: Attempt to invoke virtual method 'java.lang.Object android.content.Context.getSystemService(java.lang.String)' on a null object reference
07-26 10:06:49.451  8814  9601 E ignored : java.lang.NullPointerException: Attempt to invoke virtual method 'java.lang.Object android.content.Context.getSystemService(java.lang.String)' on a null object reference
07-26 10:06:49.481  8814  9601 E ignored : java.lang.NullPointerException: Attempt to invoke virtual method 'java.lang.Object android.content.Context.getSystemService(java.lang.String)' on a null object reference
07-26 10:06:49.597  8814  9614 E [ChartboostMonetization]: w1.a(): IFA: AdvertisingIDHolder(advertisingIDState=TRACKING_ENABLED, advertisingID=05d7233a-9268-4c57-a821-78d27e6fda90)
07-26 10:06:49.908  8814  9549 E ignored : java.lang.NullPointerException: Attempt to invoke virtual method 'java.lang.Object android.content.Context.getSystemService(java.lang.String)' on a null object reference
07-26 10:06:50.892  5080  5311 E PlayGamesServices[SignInAuthenticator]: **** APP NOT CORRECTLY CONFIGURED TO USE GOOGLE PLAY GAME SERVICES
07-26 10:06:50.892  5080  5311 E PlayGamesServices[SignInAuthenticator]: **** DEVELOPER_ERROR
07-26 10:06:50.892  5080  5311 E PlayGamesServices[SignInAuthenticator]: **** This is usually caused by one of these reasons:
07-26 10:06:50.892  5080  5311 E PlayGamesServices[SignInAuthenticator]: **** (1) Your package name and certificate fingerprint do not match
07-26 10:06:50.892  5080  5311 E PlayGamesServices[SignInAuthenticator]: ****     the client ID you registered in Developer Console.
07-26 10:06:50.892  5080  5311 E PlayGamesServices[SignInAuthenticator]: **** (2) Your App ID was incorrectly entered.
07-26 10:06:50.892  5080  5311 E PlayGamesServices[SignInAuthenticator]: **** (3) Your game settings have not been published and you are
07-26 10:06:50.892  5080  5311 E PlayGamesServices[SignInAuthenticator]: ****     trying to log in with an account that is not listed as
07-26 10:06:50.892  5080  5311 E PlayGamesServices[SignInAuthenticator]: ****     a test account.
07-26 10:06:50.892  5080  5311 E PlayGamesServices[SignInAuthenticator]: **** (4) A server auth code was requested, but an incorrect client
07-26 10:06:50.892  5080  5311 E PlayGamesServices[SignInAuthenticator]: ****     id was provided. The client id for server auth codes should
07-26 10:06:50.892  5080  5311 E PlayGamesServices[SignInAuthenticator]: ****     be the client id for the game server (not the android app).
07-26 10:06:50.892  5080  5311 E PlayGamesServices[SignInAuthenticator]: ****
07-26 10:06:50.892  5080  5311 E PlayGamesServices[SignInAuthenticator]: **** To help you debug, hereis the information about this app
07-26 10:06:50.892  5080  5311 E PlayGamesServices[SignInAuthenticator]: **** Package name         : com.nekki.shadowfight
07-26 10:06:50.892  5080  5311 E PlayGamesServices[SignInAuthenticator]: **** Cert SHA1 fingerprint: ***********************:***********************:EC:F9:23:46
07-26 10:06:50.892  5080  5311 E PlayGamesServices[SignInAuthenticator]: **** App ID from manifest : 1081323847439
07-26 10:06:50.892  5080  5311 E PlayGamesServices[SignInAuthenticator]: ****
07-26 10:06:50.892  5080  5311 E PlayGamesServices[SignInAuthenticator]: **** Check that the above information matches your setup in
07-26 10:06:50.892  5080  5311 E PlayGamesServices[SignInAuthenticator]: **** Developer Console. Also, check that you're logging in with the
07-26 10:06:50.892  5080  5311 E PlayGamesServices[SignInAuthenticator]: **** right account (it should be listed in the Testers section if
07-26 10:06:50.892  5080  5311 E PlayGamesServices[SignInAuthenticator]: **** your project is not yetpublished).
07-26 10:06:50.892  5080  5311 E PlayGamesServices[SignInAuthenticator]: ****
07-26 10:06:50.892  5080  5311 E PlayGamesServices[SignInAuthenticator]: **** For more information, refer to the troubleshooting guide:
07-26 10:06:50.892  5080  5311 E PlayGamesServices[SignInAuthenticator]: ****   *******************************************************************
07-26 10:06:50.892  5080  5311 E PlayGamesServices[SignInAuthenticator]: ****
07-26 10:06:51.232  9783  9783 E ANDR-VIVO-PERF: IVPerf::tryGetService failed!
07-26 10:06:51.233  9783  9783 E ANDR-VIVO-PERF: IVPerf::tryGetService failed!
07-26 10:06:51.590  5080  9741 E PlayGamesServices[SignInAuthenticator]: **** APP NOT CORRECTLY CONFIGURED TO USE GOOGLE PLAY GAME SERVICES
07-26 10:06:51.590  5080  9741 E PlayGamesServices[SignInAuthenticator]: **** DEVELOPER_ERROR
07-26 10:06:51.590  5080  9741 E PlayGamesServices[SignInAuthenticator]: **** This is usually caused by one of these reasons:
07-26 10:06:51.590  5080  9741 E PlayGamesServices[SignInAuthenticator]: **** (1) Your package name and certificate fingerprint do not match
07-26 10:06:51.590  5080  9741 E PlayGamesServices[SignInAuthenticator]: ****     the client ID you registered in Developer Console.
07-26 10:06:51.590  5080  9741 E PlayGamesServices[SignInAuthenticator]: **** (2) Your App ID was incorrectly entered.
07-26 10:06:51.590  5080  9741 E PlayGamesServices[SignInAuthenticator]: **** (3) Your game settings have not been published and you are
07-26 10:06:51.590  5080  9741 E PlayGamesServices[SignInAuthenticator]: ****     trying to log in with an account that is not listed as
07-26 10:06:51.590  5080  9741 E PlayGamesServices[SignInAuthenticator]: ****     a test account.
07-26 10:06:51.590  5080  9741 E PlayGamesServices[SignInAuthenticator]: **** (4) A server auth code was requested, but an incorrect client
07-26 10:06:51.590  5080  9741 E PlayGamesServices[SignInAuthenticator]: ****     id was provided. The client id for server auth codes should
07-26 10:06:51.590  5080  9741 E PlayGamesServices[SignInAuthenticator]: ****     be the client id for the game server (not the android app).
07-26 10:06:51.590  5080  9741 E PlayGamesServices[SignInAuthenticator]: ****
07-26 10:06:51.590  5080  9741 E PlayGamesServices[SignInAuthenticator]: **** To help you debug, hereis the information about this app
07-26 10:06:51.590  5080  9741 E PlayGamesServices[SignInAuthenticator]: **** Package name         : com.nekki.shadowfight
07-26 10:06:51.590  5080  9741 E PlayGamesServices[SignInAuthenticator]: **** Cert SHA1 fingerprint: ***********************:***********************:EC:F9:23:46
07-26 10:06:51.590  5080  9741 E PlayGamesServices[SignInAuthenticator]: **** App ID from manifest : 1081323847439
07-26 10:06:51.590  5080  9741 E PlayGamesServices[SignInAuthenticator]: ****
07-26 10:06:51.590  5080  9741 E PlayGamesServices[SignInAuthenticator]: **** Check that the above information matches your setup in
07-26 10:06:51.590  5080  9741 E PlayGamesServices[SignInAuthenticator]: **** Developer Console. Also, check that you're logging in with the
07-26 10:06:51.590  5080  9741 E PlayGamesServices[SignInAuthenticator]: **** right account (it should be listed in the Testers section if
07-26 10:06:51.590  5080  9741 E PlayGamesServices[SignInAuthenticator]: **** your project is not yetpublished).
07-26 10:06:51.590  5080  9741 E PlayGamesServices[SignInAuthenticator]: ****
07-26 10:06:51.590  5080  9741 E PlayGamesServices[SignInAuthenticator]: **** For more information, refer to the troubleshooting guide:
07-26 10:06:51.590  5080  9741 E PlayGamesServices[SignInAuthenticator]: ****   *******************************************************************
07-26 10:06:51.590  5080  9741 E PlayGamesServices[SignInAuthenticator]: ****
07-26 10:06:51.846  9783  9783 E PlayGamesServices[SignInClient]: Calling connect() while still connected, missing disconnect().
07-26 10:06:52.255  8814  9615 E [ChartboostMonetization]: w1.a(): IFA: AdvertisingIDHolder(advertisingIDState=TRACKING_ENABLED, advertisingID=05d7233a-9268-4c57-a821-78d27e6fda90)
07-26 10:06:52.843  8814  9614 E [ChartboostMonetization]: w1.a(): IFA: AdvertisingIDHolder(advertisingIDState=TRACKING_ENABLED, advertisingID=05d7233a-9268-4c57-a821-78d27e6fda90)
07-26 10:06:53.054  8814  9614 E [ChartboostMonetization]: w1.a(): IFA: AdvertisingIDHolder(advertisingIDState=TRACKING_ENABLED, advertisingID=05d7233a-9268-4c57-a821-78d27e6fda90)
07-26 10:06:53.351  8475  8475 E SignInRequest: Setting result error status code to: 16
07-26 10:06:53.417  8814  9614 E [ChartboostMonetization]: w1.a(): IFA: AdvertisingIDHolder(advertisingIDState=TRACKING_ENABLED, advertisingID=05d7233a-9268-4c57-a821-78d27e6fda90)
07-26 10:06:53.508  5080  9897 E PlayGamesServices[PlayerAgentHelper]: Unable to load player null
07-26 10:06:53.974  5080  9896 E PlayGamesServices[PlayerAgentHelper]: Unable to load player null
07-26 10:06:54.025  8814  9614 E [ChartboostMonetization]: w1.a(): IFA: AdvertisingIDHolder(advertisingIDState=TRACKING_ENABLED, advertisingID=05d7233a-9268-4c57-a821-78d27e6fda90)
07-26 10:06:54.224  8814  9614 E [ChartboostMonetization]: w1.a(): IFA: AdvertisingIDHolder(advertisingIDState=TRACKING_ENABLED, advertisingID=05d7233a-9268-4c57-a821-78d27e6fda90)
07-26 10:06:54.378  8475  8577 E libEGL  : call to OpenGL ES API with no current context (logged onceper thread)
07-26 10:06:54.462  5080  9884 E PlayGamesServices[PlayerAgentHelper]: Unable to load player null
07-26 10:06:54.680  8814  9614 E [ChartboostMonetization]: w1.a(): IFA: AdvertisingIDHolder(advertisingIDState=TRACKING_ENABLED, advertisingID=05d7233a-9268-4c57-a821-78d27e6fda90)
07-26 10:06:54.906  8814  9614 E [ChartboostMonetization]: w1.a(): IFA: AdvertisingIDHolder(advertisingIDState=TRACKING_ENABLED, advertisingID=05d7233a-9268-4c57-a821-78d27e6fda90)
07-26 10:06:54.984  5080  9885 E PlayGamesServices[PlayerAgentHelper]: Unable to load player null
07-26 10:06:55.082  8814  9974 E ignored : java.lang.NullPointerException: Attempt to invoke virtual method 'java.lang.Object android.content.Context.getSystemService(java.lang.String)' on a null object reference
07-26 10:06:55.499  5080  9896 E PlayGamesServices[PlayerAgentHelper]: Unable to load player null
07-26 10:06:55.599  8814  9614 E [ChartboostMonetization]: w1.a(): IFA: AdvertisingIDHolder(advertisingIDState=TRACKING_ENABLED, advertisingID=05d7233a-9268-4c57-a821-78d27e6fda90)
07-26 10:06:55.982  5080  9884 E PlayGamesServices[PlayerAgentHelper]: Unable to load player null
07-26 10:06:56.544  5080  9885 E PlayGamesServices[PlayerAgentHelper]: Unable to load player null
07-26 10:06:57.022  5080  9897 E PlayGamesServices[PlayerAgentHelper]: Unable to load player null
07-26 10:06:57.253  8814  9039 E AppLovinSdk: [MediationAdapterWrapper] Mediation adapter 'UnityAdsMediationAdapter' is disabled. Signal collection ads with this adapter is disabled.
07-26 10:06:57.272  8814  9165 E Ads     : Unable to obtain a cache service instance.
07-26 10:06:57.272  8814  9165 E Ads     : java.io.IOException: Unable to read from cache.
07-26 10:06:57.272  8814  9165 E Ads     :      at com.google.android.gms.ads.internal.cache.m.run(:com.google.android.gms.policy_ads_fdr_dynamite@250505305@250505301017.720652128.720652128:98)
07-26 10:06:57.272  8814  9165 E Ads     :      at java.util.concurrent.Executors$RunnableAdapter.call(Executors.java:524)
07-26 10:06:57.272  8814  9165 E Ads     :      at m.cjz.a(:com.google.android.gms.policy_ads_fdr_dynamite@250505305@250505301017.720652128.720652128:3)
07-26 10:06:57.272  8814  9165 E Ads     :      at m.cjg.run(:com.google.android.gms.policy_ads_fdr_dynamite@250505305@250505301017.720652128.720652128:19)
07-26 10:06:57.272  8814  9165 E Ads     :      at m.cka.run(:com.google.android.gms.policy_ads_fdr_dynamite@250505305@250505301017.720652128.720652128:5)
07-26 10:06:57.272  8814  9165 E Ads     :      at java.util.concurrent.ThreadPoolExecutor.runWorker(ThreadPoolExecutor.java:1156)
07-26 10:06:57.272  8814  9165 E Ads     :      at java.util.concurrent.ThreadPoolExecutor$Worker.run(ThreadPoolExecutor.java:651)
07-26 10:06:57.272  8814  9165 E Ads     :      at java.lang.Thread.run(Thread.java:1119)
07-26 10:06:57.500  8814  9171 E Ads     : Unable to obtain a cache service instance.
07-26 10:06:57.500  8814  9171 E Ads     : java.io.IOException: Unable to read from cache.
07-26 10:06:57.500  8814  9171 E Ads     :      at com.google.android.gms.ads.internal.cache.m.run(:com.google.android.gms.policy_ads_fdr_dynamite@250505305@250505301017.720652128.720652128:98)
07-26 10:06:57.500  8814  9171 E Ads     :      at java.util.concurrent.Executors$RunnableAdapter.call(Executors.java:524)
07-26 10:06:57.500  8814  9171 E Ads     :      at m.cjz.a(:com.google.android.gms.policy_ads_fdr_dynamite@250505305@250505301017.720652128.720652128:3)
07-26 10:06:57.500  8814  9171 E Ads     :      at m.cjg.run(:com.google.android.gms.policy_ads_fdr_dynamite@250505305@250505301017.720652128.720652128:19)
07-26 10:06:57.500  8814  9171 E Ads     :      at m.cka.run(:com.google.android.gms.policy_ads_fdr_dynamite@250505305@250505301017.720652128.720652128:5)
07-26 10:06:57.500  8814  9171 E Ads     :      at java.util.concurrent.ThreadPoolExecutor.runWorker(ThreadPoolExecutor.java:1156)
07-26 10:06:57.500  8814  9171 E Ads     :      at java.util.concurrent.ThreadPoolExecutor$Worker.run(ThreadPoolExecutor.java:651)
07-26 10:06:57.500  8814  9171 E Ads     :      at java.lang.Thread.run(Thread.java:1119)
07-26 10:06:57.536  5080  9896 E PlayGamesServices[PlayerAgentHelper]: Unable to load player null
07-26 10:06:58.129  8814  9040 E AppLovinSdk: [MediationAdapterWrapper] Mediation adapter 'UnityAdsMediationAdapter' is disabled. Signal collection ads with this adapter is disabled.
07-26 10:06:58.172  5080  9884 E PlayGamesServices[PlayerAgentHelper]: Unable to load player null
07-26 10:06:58.908  8475 10100 E FilePhenotypeFlags: Config package com.google.android.gms.clearcut_client#com.nekki.shadowfight cannot use FILE backing without declarative registration. See go/phenotype-android-integration#phenotype for more information. This will lead to stale flags.
07-26 10:06:58.909  8475 10100 E FilePhenotypeFlags: Config package com.google.android.gms.clearcut_client#com.nekki.shadowfight cannot use FILE backing without declarative registration. See go/phenotype-android-integration#phenotype for more information. This will lead to stale flags.
07-26 10:06:59.109  8814  9685 E GoogleApiManager: Failed to get service from broker.
07-26 10:06:59.109  8814  9685 E GoogleApiManager: java.lang.SecurityException: Unknown calling package name 'com.google.android.gms'.
07-26 10:06:59.109  8814  9685 E GoogleApiManager:      at android.os.Parcel.createExceptionOrNull(Parcel.java:3025)
07-26 10:06:59.109  8814  9685 E GoogleApiManager:      at android.os.Parcel.createException(Parcel.java:3009)
07-26 10:06:59.109  8814  9685 E GoogleApiManager:      at android.os.Parcel.readException(Parcel.java:2992)
07-26 10:06:59.109  8814  9685 E GoogleApiManager:      at android.os.Parcel.readException(Parcel.java:2934)
07-26 10:06:59.109  8814  9685 E GoogleApiManager:      at ayzf.a(:com.google.android.gms@252635029@25.26.35 (190400-783060121):36)
07-26 10:06:59.109  8814  9685 E GoogleApiManager:      at ayxm.z(:com.google.android.gms@252635029@25.26.35 (190400-783060121):143)
07-26 10:06:59.109  8814  9685 E GoogleApiManager:      at ayej.run(:com.google.android.gms@252635029@25.26.35 (190400-783060121):42)
07-26 10:06:59.109  8814  9685 E GoogleApiManager:      at android.os.Handler.handleCallback(Handler.java:942)
07-26 10:06:59.109  8814  9685 E GoogleApiManager:      at android.os.Handler.dispatchMessage(Handler.java:99)
07-26 10:06:59.109  8814  9685 E GoogleApiManager:      at civv.mw(:com.google.android.gms@252635029@25.26.35 (190400-783060121):1)
07-26 10:06:59.109  8814  9685 E GoogleApiManager:      at civv.dispatchMessage(:com.google.android.gms@252635029@25.26.35 (190400-783060121):5)
07-26 10:06:59.109  8814  9685 E GoogleApiManager:      at android.os.Looper.loopOnce(Looper.java:223)
07-26 10:06:59.109  8814  9685 E GoogleApiManager:      at android.os.Looper.loop(Looper.java:324)
07-26 10:06:59.109  8814  9685 E GoogleApiManager:      at android.os.HandlerThread.run(HandlerThread.java:67)
07-26 10:06:59.948  8814  9615 E [ChartboostMonetization]: w1.a(): IFA: AdvertisingIDHolder(advertisingIDState=TRACKING_ENABLED, advertisingID=05d7233a-9268-4c57-a821-78d27e6fda90)
07-26 10:07:01.456  8814  9615 E [ChartboostMonetization]: w1.a(): IFA: AdvertisingIDHolder(advertisingIDState=TRACKING_ENABLED, advertisingID=05d7233a-9268-4c57-a821-78d27e6fda90)
07-26 10:07:02.205  8475  8577 E Unity   : Error open xml: /storage/emulated/0/Android/data/com.nekki.shadowfight/files/userdata/initSettings.bin
07-26 10:07:02.205  8475  8577 E Unity   : DJONMGAICCG:OHLFDDDGFDC(String, String, KNIOABEJIMK, Boolean, Boolean, Boolean)
07-26 10:07:02.205  8475  8577 E Unity   : JBCCMGAGMPN:DBPILJAHDND()
07-26 10:07:02.205  8475  8577 E Unity   : HCGKKBENKMB:HFGEOBFIHON()
07-26 10:07:02.205  8475  8577 E Unity   : KEAMLMNDGPA:KAIJHGFDNHC()
07-26 10:07:02.205  8475  8577 E Unity   : OHAINBHIKGL:MKJOBHJKNKN(AOLCFMNFGBC, FFCDHGNNLFA&)
07-26 10:07:02.205  8475  8577 E Unity   : Nekki.SF2.GUI.Common.LoaderScreenSelector:IMNNFGILLPN()
07-26 10:07:02.205  8475  8577 E Unity   : Nekki.SF2.GUI.Scenes.LoaderScreen:Load()
07-26 10:07:02.205  8475  8577 E Unity   : EHIPFIOBIJO:BMKMBFCOAME(ICBOCHCJKPI)
07-26 10:07:02.205  8475  8577 E Unity   : KCALKADODLB:MAEBDOLEFBL()
07-26 10:07:02.205  8475  8577 E Unity   : UniRx.MainThreadDispatcher:UnsafeSend(Action)
07-26 10:07:02.205  8475  8577 E Unity   : UniRx.<DelayAction>d__2:MoveNext()
07-26 10:07:02.205  8475  8577 E Unity   : UniRx.InternalUtil.MicroCoroutine:Run()
07-26 10:07:02.205  8475  8577 E Unity   : UniRx.<RunEndOfFrameMicroCoroutine>d__33:MoveNext()
07-26 10:07:02.205  8475  8577 E Unity   : UnityEngine.SetupCoroutine:InvokeMoveNext(IEnumerator, IntPtr)
07-26 10:07:02.205  8475  8577 E Unity   :
07-26 10:07:02.305  8814  9615 E [ChartboostMonetization]: w1.a(): IFA: AdvertisingIDHolder(advertisingIDState=TRACKING_ENABLED, advertisingID=05d7233a-9268-4c57-a821-78d27e6fda90)
07-26 10:07:02.368  8814  9615 E [ChartboostMonetization]: w1.a(): IFA: AdvertisingIDHolder(advertisingIDState=TRACKING_ENABLED, advertisingID=05d7233a-9268-4c57-a821-78d27e6fda90)
07-26 10:07:02.929  8814  9615 E [ChartboostMonetization]: w1.a(): IFA: AdvertisingIDHolder(advertisingIDState=TRACKING_ENABLED, advertisingID=05d7233a-9268-4c57-a821-78d27e6fda90)
07-26 10:07:03.508  8814  9615 E [ChartboostMonetization]: w1.a(): IFA: AdvertisingIDHolder(advertisingIDState=TRACKING_ENABLED, advertisingID=05d7233a-9268-4c57-a821-78d27e6fda90)
07-26 10:07:03.534  8814  9615 E [ChartboostMonetization]: w1.a(): IFA: AdvertisingIDHolder(advertisingIDState=TRACKING_ENABLED, advertisingID=05d7233a-9268-4c57-a821-78d27e6fda90)
07-26 10:07:03.671  5080 10145 E FilePhenotypeFlags: Config package com.google.android.gms.clearcut_client#com.google.android.gms cannot use FILE backing without declarative registration. See go/phenotype-android-integration#phenotype for more information. This will lead to stale flags.
07-26 10:07:03.674  5080 10145 E FilePhenotypeFlags: Config package com.google.android.gms.clearcut_client#com.google.android.gms cannot use FILE backing without declarative registration. See go/phenotype-android-integration#phenotype for more information. This will lead to stale flags.
07-26 10:07:04.065  8814  9615 E [ChartboostMonetization]: w1.a(): IFA: AdvertisingIDHolder(advertisingIDState=TRACKING_ENABLED, advertisingID=05d7233a-9268-4c57-a821-78d27e6fda90)
07-26 10:07:04.513  8475  8577 E Unity   : Error open xml: /gamedata/quest_extensions/battle_pass.xml
07-26 10:07:04.513  8475  8577 E Unity   : DJONMGAICCG:OHLFDDDGFDC(String, String, KNIOABEJIMK, Boolean, Boolean, Boolean)
07-26 10:07:04.513  8475  8577 E Unity   : HCGKKBENKMB:OADLPJGCHKN(String, String)
07-26 10:07:04.513  8475  8577 E Unity   : HCGKKBENKMB:GPMIBOJDFMP(XmlNode)
07-26 10:07:04.513  8475  8577 E Unity   : HCGKKBENKMB:OADLPJGCHKN(String, String)
07-26 10:07:04.513  8475  8577 E Unity   : HCGKKBENKMB:GPMIBOJDFMP(XmlNode)
07-26 10:07:04.513  8475  8577 E Unity   : HCGKKBENKMB:OADLPJGCHKN(String, String)
07-26 10:07:04.513  8475  8577 E Unity   : HCGKKBENKMB:DDGOJEMJLPG()
07-26 10:07:04.513  8475  8577 E Unity   : CPMHLOLMELO:LGDMKFPFLJO()
07-26 10:07:04.513  8475  8577 E Unity   : AEMCOFOGOBE:LGDMKFPFLJO(MEEMKOGFJBI)
07-26 10:07:04.513  8475  8577 E Unity   : Nekki.SF2.GUI.Scenes.GameLoaderScene:Update()
07-26 10:07:04.513  8475  8577 E Unity   :
07-26 10:07:04.514  8475  8577 E Unity   : ListSF::ParseQuests: cannot open FileName = quest_extensions/battle_pass.xml
07-26 10:07:04.514  8475  8577 E Unity   : HCGKKBENKMB:GPMIBOJDFMP(XmlNode)
07-26 10:07:04.514  8475  8577 E Unity   : HCGKKBENKMB:OADLPJGCHKN(String, String)
07-26 10:07:04.514  8475  8577 E Unity   : HCGKKBENKMB:GPMIBOJDFMP(XmlNode)
07-26 10:07:04.514  8475  8577 E Unity   : HCGKKBENKMB:OADLPJGCHKN(String, String)
07-26 10:07:04.514  8475  8577 E Unity   : HCGKKBENKMB:DDGOJEMJLPG()
07-26 10:07:04.514  8475  8577 E Unity   : CPMHLOLMELO:LGDMKFPFLJO()
07-26 10:07:04.514  8475  8577 E Unity   : AEMCOFOGOBE:LGDMKFPFLJO(MEEMKOGFJBI)
07-26 10:07:04.514  8475  8577 E Unity   : Nekki.SF2.GUI.Scenes.GameLoaderScene:Update()
07-26 10:07:04.514  8475  8577 E Unity   :
07-26 10:07:05.520  5080 10163 E PlayGamesServices[SignInAuthenticator]: **** APP NOT CORRECTLY CONFIGURED TO USE GOOGLE PLAY GAME SERVICES
07-26 10:07:05.520  5080 10163 E PlayGamesServices[SignInAuthenticator]: **** DEVELOPER_ERROR
07-26 10:07:05.520  5080 10163 E PlayGamesServices[SignInAuthenticator]: **** This is usually caused by one of these reasons:
07-26 10:07:05.520  5080 10163 E PlayGamesServices[SignInAuthenticator]: **** (1) Your package name and certificate fingerprint do not match
07-26 10:07:05.520  5080 10163 E PlayGamesServices[SignInAuthenticator]: ****     the client ID you registered in Developer Console.
07-26 10:07:05.520  5080 10163 E PlayGamesServices[SignInAuthenticator]: **** (2) Your App ID was incorrectly entered.
07-26 10:07:05.520  5080 10163 E PlayGamesServices[SignInAuthenticator]: **** (3) Your game settings have not been published and you are
07-26 10:07:05.520  5080 10163 E PlayGamesServices[SignInAuthenticator]: ****     trying to log in with an account that is not listed as
07-26 10:07:05.520  5080 10163 E PlayGamesServices[SignInAuthenticator]: ****     a test account.
07-26 10:07:05.520  5080 10163 E PlayGamesServices[SignInAuthenticator]: **** (4) A server auth code was requested, but an incorrect client
07-26 10:07:05.520  5080 10163 E PlayGamesServices[SignInAuthenticator]: ****     id was provided. The client id for server auth codes should
07-26 10:07:05.520  5080 10163 E PlayGamesServices[SignInAuthenticator]: ****     be the client id for the game server (not the android app).
07-26 10:07:05.520  5080 10163 E PlayGamesServices[SignInAuthenticator]: ****
07-26 10:07:05.520  5080 10163 E PlayGamesServices[SignInAuthenticator]: **** To help you debug, hereis the information about this app
07-26 10:07:05.520  5080 10163 E PlayGamesServices[SignInAuthenticator]: **** Package name         : com.nekki.shadowfight
07-26 10:07:05.520  5080 10163 E PlayGamesServices[SignInAuthenticator]: **** Cert SHA1 fingerprint: ***********************:***********************:EC:F9:23:46
07-26 10:07:05.520  5080 10163 E PlayGamesServices[SignInAuthenticator]: **** App ID from manifest : 1081323847439
07-26 10:07:05.520  5080 10163 E PlayGamesServices[SignInAuthenticator]: ****
07-26 10:07:05.520  5080 10163 E PlayGamesServices[SignInAuthenticator]: **** Check that the above information matches your setup in
07-26 10:07:05.520  5080 10163 E PlayGamesServices[SignInAuthenticator]: **** Developer Console. Also, check that you're logging in with the
07-26 10:07:05.520  5080 10163 E PlayGamesServices[SignInAuthenticator]: **** right account (it should be listed in the Testers section if
07-26 10:07:05.520  5080 10163 E PlayGamesServices[SignInAuthenticator]: **** your project is not yetpublished).
07-26 10:07:05.520  5080 10163 E PlayGamesServices[SignInAuthenticator]: ****
07-26 10:07:05.520  5080 10163 E PlayGamesServices[SignInAuthenticator]: **** For more information, refer to the troubleshooting guide:
07-26 10:07:05.520  5080 10163 E PlayGamesServices[SignInAuthenticator]: ****   *******************************************************************
07-26 10:07:05.520  5080 10163 E PlayGamesServices[SignInAuthenticator]: ****
07-26 10:07:05.829  8814 10196 E FilePhenotypeFlags: Config package com.google.android.gms.clearcut_client#com.nekki.shadowfight cannot use FILE backing without declarative registration. See go/phenotype-android-integration#phenotype for more information. This will lead to stale flags.
07-26 10:07:05.830  8814 10196 E FilePhenotypeFlags: Config package com.google.android.gms.clearcut_client#com.nekki.shadowfight cannot use FILE backing without declarative registration. See go/phenotype-android-integration#phenotype for more information. This will lead to stale flags.
07-26 10:07:05.985  5080 10163 E PlayGamesServices[SignInAuthenticator]: **** APP NOT CORRECTLY CONFIGURED TO USE GOOGLE PLAY GAME SERVICES
07-26 10:07:05.985  5080 10163 E PlayGamesServices[SignInAuthenticator]: **** DEVELOPER_ERROR
07-26 10:07:05.985  5080 10163 E PlayGamesServices[SignInAuthenticator]: **** This is usually caused by one of these reasons:
07-26 10:07:05.985  5080 10163 E PlayGamesServices[SignInAuthenticator]: **** (1) Your package name and certificate fingerprint do not match
07-26 10:07:05.985  5080 10163 E PlayGamesServices[SignInAuthenticator]: ****     the client ID you registered in Developer Console.
07-26 10:07:05.985  5080 10163 E PlayGamesServices[SignInAuthenticator]: **** (2) Your App ID was incorrectly entered.
07-26 10:07:05.985  5080 10163 E PlayGamesServices[SignInAuthenticator]: **** (3) Your game settings have not been published and you are
07-26 10:07:05.985  5080 10163 E PlayGamesServices[SignInAuthenticator]: ****     trying to log in with an account that is not listed as
07-26 10:07:05.985  5080 10163 E PlayGamesServices[SignInAuthenticator]: ****     a test account.
07-26 10:07:05.985  5080 10163 E PlayGamesServices[SignInAuthenticator]: **** (4) A server auth code was requested, but an incorrect client
07-26 10:07:05.985  5080 10163 E PlayGamesServices[SignInAuthenticator]: ****     id was provided. The client id for server auth codes should
07-26 10:07:05.985  5080 10163 E PlayGamesServices[SignInAuthenticator]: ****     be the client id for the game server (not the android app).
07-26 10:07:05.985  5080 10163 E PlayGamesServices[SignInAuthenticator]: ****
07-26 10:07:05.985  5080 10163 E PlayGamesServices[SignInAuthenticator]: **** To help you debug, hereis the information about this app
07-26 10:07:05.985  5080 10163 E PlayGamesServices[SignInAuthenticator]: **** Package name         : com.nekki.shadowfight
07-26 10:07:05.985  5080 10163 E PlayGamesServices[SignInAuthenticator]: **** Cert SHA1 fingerprint: ***********************:***********************:EC:F9:23:46
07-26 10:07:05.985  5080 10163 E PlayGamesServices[SignInAuthenticator]: **** App ID from manifest : 1081323847439
07-26 10:07:05.985  5080 10163 E PlayGamesServices[SignInAuthenticator]: ****
07-26 10:07:05.985  5080 10163 E PlayGamesServices[SignInAuthenticator]: **** Check that the above information matches your setup in
07-26 10:07:05.985  5080 10163 E PlayGamesServices[SignInAuthenticator]: **** Developer Console. Also, check that you're logging in with the
07-26 10:07:05.985  5080 10163 E PlayGamesServices[SignInAuthenticator]: **** right account (it should be listed in the Testers section if
07-26 10:07:05.985  5080 10163 E PlayGamesServices[SignInAuthenticator]: **** your project is not yetpublished).
07-26 10:07:05.985  5080 10163 E PlayGamesServices[SignInAuthenticator]: ****
07-26 10:07:05.985  5080 10163 E PlayGamesServices[SignInAuthenticator]: **** For more information, refer to the troubleshooting guide:
07-26 10:07:05.985  5080 10163 E PlayGamesServices[SignInAuthenticator]: ****   *******************************************************************
07-26 10:07:05.985  5080 10163 E PlayGamesServices[SignInAuthenticator]: ****
07-26 10:07:06.124  9783  9783 E PlayGamesServices[SignInClient]: Calling connect() while still connected, missing disconnect().
07-26 10:07:07.425  5080 10237 E PlayGamesServices[PlayerAgentHelper]: Unable to load player null
07-26 10:07:07.915  5080 10238 E PlayGamesServices[PlayerAgentHelper]: Unable to load player null
07-26 10:07:08.290  8475  8475 E SignInRequest: Setting result error status code to: 16
07-26 10:07:08.363  5080 10235 E PlayGamesServices[PlayerAgentHelper]: Unable to load player null
07-26 10:07:08.849  5080 10236 E PlayGamesServices[PlayerAgentHelper]: Unable to load player null
07-26 10:07:09.316  5080 10235 E PlayGamesServices[PlayerAgentHelper]: Unable to load player null
07-26 10:07:09.822  5080 10236 E PlayGamesServices[PlayerAgentHelper]: Unable to load player null
07-26 10:07:10.265  8475  8577 E Unity   : [NHOLPCLGKOL] Detected products in payment without items in list.xml! Please add following products to list:
07-26 10:07:10.265  8475  8577 E Unity   :      com.nekki.shadowfight.sphere2_offer_3_1
07-26 10:07:10.265  8475  8577 E Unity   :      com.nekki.shadowfight.sphere3_offer_5_1
07-26 10:07:10.265  8475  8577 E Unity   :      com.nekki.shadowfight.potions_offer_5_1
07-26 10:07:10.265  8475  8577 E Unity   :      com.nekki.shadowfight.event_coins_offer_3_1
07-26 10:07:10.265  8475  8577 E Unity   :      com.nekki.shadowfight.keys_offer_3_1
07-26 10:07:10.265  8475  8577 E Unity   :      com.nekki.shadowfight.event_consumables_offer_5_1
07-26 10:07:10.265  8475  8577 E Unity   :      com.nekki.shadowfight.keys_event_offer_3_1
07-26 10:07:10.265  8475  8577 E Unity   :      com.nekki.shadowfight.bp_premium_3_1
07-26 10:07:10.265  8475  8577 E Unity   :      com.nekki.shadowfight.event_keys_consumables_offer
07-26 10:07:10.265  8475  8577 E Unity   : NHOLPCLGKOL:IFBJJLCCIIO()
07-26 10:07:10.265  8475  8577 E Unity   : IJMEMMGBJOL:ODJLHMDNOKC(MNKGHNKCMIE)
07-26 10:07:10.265  8475  8577 E Unity   : ECGEMEIOAJN:OBFJDEDBLIO(IObserver`1)
07-26 10:07:10.265  8475  8577 E Unity   : UniRx.Operators.CreateObservable`1:SubscribeCore(IObserver`1, IDisposable)
07-26 10:07:10.265  8475  8577 E Unity   : UniRx.Operators.<>c__DisplayClass3_0:<Subscribe>b__0()
07-26 10:07:10.265  8475  8577 E Unity   : UniRx.Trampoline:Run(SchedulerQueue)
07-26 10:07:10.265  8475  8577 E Unity   : UniRx.CurrentThreadScheduler:Schedule(TimeSpan, Action)
07-26 10:07:10.265  8475  8577 E Unity   : UniRx.Operators.OperatorObservableBase`1:Subscribe(IObserver`1)
07-26 10:07:10.265  8475  8577 E Unity   : KLCAOCJPCNI:IFBJJLCCIIO()
07-26 10:07:10.265  8475  8577 E Unity   : NIGEOLFLMIF:CGLNFHBJHGI(Action)
07-26 10:07:10.265  8475  8577 E Unity   : NIGEOLFLMIF:CGLNFHBJHGI(Action)
07-26 10:07:10.265  8475  8577 E Unity   : OMCLFAPJOIE:MMBHNCJDOJI()
07-26 10:07:10.265  8475  8577 E Unity   : OJFLLBCDOCB:OJDPPCOE
07-26 10:07:10.351  5080 10237 E PlayGamesServices[PlayerAgentHelper]: Unable to load player null
07-26 10:07:10.841  5080 10238 E PlayGamesServices[PlayerAgentHelper]: Unable to load player null
07-26 10:07:11.339  5080 10235 E PlayGamesServices[PlayerAgentHelper]: Unable to load player null
07-26 10:07:12.207  8475  8577 E Unity   : Error: animation not found: UI/Textures/Free/FreeGemsAd
07-26 10:07:12.207  8475  8577 E Unity   : NNBCDJLEBHO:MoveNext()
07-26 10:07:12.207  8475  8577 E Unity   : EGNGHCENJCO:INEIECPABJM()
07-26 10:07:12.207  8475  8577 E Unity   : GDPGJLPGBIC:MoveNext()
07-26 10:07:12.207  8475  8577 E Unity   : UnityEngine.SetupCoroutine:InvokeMoveNext(IEnumerator, IntPtr)
07-26 10:07:12.207  8475  8577 E Unity   :
07-26 10:07:12.333  5080 10236 E PlayGamesServices[PlayerAgentHelper]: Unable to load player null
07-26 10:10:21.152  8475  8577 E Unity   : Error open xml: /storage/emulated/0/Android/data/com.nekki.shadowfight/files/userdata/initSettings.bin
07-26 10:10:21.152  8475  8577 E Unity   : DJONMGAICCG:OHLFDDDGFDC(String, String, KNIOABEJIMK, Boolean, Boolean, Boolean)
07-26 10:10:21.152  8475  8577 E Unity   : JBCCMGAGMPN:DBPILJAHDND()
07-26 10:10:21.152  8475  8577 E Unity   : HCGKKBENKMB:HFGEOBFIHON()
07-26 10:10:21.152  8475  8577 E Unity   : KEAMLMNDGPA:KAIJHGFDNHC()
07-26 10:10:21.152  8475  8577 E Unity   : OHAINBHIKGL:MKJOBHJKNKN(AOLCFMNFGBC, FFCDHGNNLFA&)
07-26 10:10:21.152  8475  8577 E Unity   : Nekki.SF2.GUI.Common.LoaderScreenSelector:IMNNFGILLPN()
07-26 10:10:21.152  8475  8577 E Unity   : Nekki.SF2.GUI.Scenes.LoaderScreen:Load()
07-26 10:10:21.152  8475  8577 E Unity   : EHIPFIOBIJO:BMKMBFCOAME(ICBOCHCJKPI)
07-26 10:10:21.152  8475  8577 E Unity   : KCALKADODLB:MAEBDOLEFBL()
07-26 10:10:21.152  8475  8577 E Unity   : UniRx.MainThreadDispatcher:UnsafeSend(Action)
07-26 10:10:21.152  8475  8577 E Unity   : UniRx.<DelayAction>d__2:MoveNext()
07-26 10:10:21.152  8475  8577 E Unity   : UniRx.InternalUtil.MicroCoroutine:Run()
07-26 10:10:21.152  8475  8577 E Unity   : UniRx.<RunEndOfFrameMicroCoroutine>d__33:MoveNext()
07-26 10:10:21.152  8475  8577 E Unity   : UnityEngine.SetupCoroutine:InvokeMoveNext(IEnumerator, IntPtr)
07-26 10:10:21.152  8475  8577 E Unity   :
07-26 10:10:23.755  8475  8577 E Unity   : Error open xml: /gamedata/quest_extensions/battle_pass.xml
07-26 10:10:23.755  8475  8577 E Unity   : DJONMGAICCG:OHLFDDDGFDC(String, String, KNIOABEJIMK, Boolean, Boolean, Boolean)
07-26 10:10:23.755  8475  8577 E Unity   : HCGKKBENKMB:OADLPJGCHKN(String, String)
07-26 10:10:23.755  8475  8577 E Unity   : HCGKKBENKMB:GPMIBOJDFMP(XmlNode)
07-26 10:10:23.755  8475  8577 E Unity   : HCGKKBENKMB:OADLPJGCHKN(String, String)
07-26 10:10:23.755  8475  8577 E Unity   : HCGKKBENKMB:GPMIBOJDFMP(XmlNode)
07-26 10:10:23.755  8475  8577 E Unity   : HCGKKBENKMB:OADLPJGCHKN(String, String)
07-26 10:10:23.755  8475  8577 E Unity   : HCGKKBENKMB:DDGOJEMJLPG()
07-26 10:10:23.755  8475  8577 E Unity   : CPMHLOLMELO:LGDMKFPFLJO()
07-26 10:10:23.755  8475  8577 E Unity   : AEMCOFOGOBE:LGDMKFPFLJO(MEEMKOGFJBI)
07-26 10:10:23.755  8475  8577 E Unity   : Nekki.SF2.GUI.Scenes.GameLoaderScene:Update()
07-26 10:10:23.755  8475  8577 E Unity   :
07-26 10:10:23.756  8475  8577 E Unity   : ListSF::ParseQuests: cannot open FileName = quest_extensions/battle_pass.xml
07-26 10:10:23.756  8475  8577 E Unity   : HCGKKBENKMB:GPMIBOJDFMP(XmlNode)
07-26 10:10:23.756  8475  8577 E Unity   : HCGKKBENKMB:OADLPJGCHKN(String, String)
07-26 10:10:23.756  8475  8577 E Unity   : HCGKKBENKMB:GPMIBOJDFMP(XmlNode)
07-26 10:10:23.756  8475  8577 E Unity   : HCGKKBENKMB:OADLPJGCHKN(String, String)
07-26 10:10:23.756  8475  8577 E Unity   : HCGKKBENKMB:DDGOJEMJLPG()
07-26 10:10:23.756  8475  8577 E Unity   : CPMHLOLMELO:LGDMKFPFLJO()
07-26 10:10:23.756  8475  8577 E Unity   : AEMCOFOGOBE:LGDMKFPFLJO(MEEMKOGFJBI)
07-26 10:10:23.756  8475  8577 E Unity   : Nekki.SF2.GUI.Scenes.GameLoaderScene:Update()
07-26 10:10:23.756  8475  8577 E Unity   :
07-26 10:10:25.114  5080 10571 E PlayGamesServices[SignInAuthenticator]: **** APP NOT CORRECTLY CONFIGURED TO USE GOOGLE PLAY GAME SERVICES
07-26 10:10:25.114  5080 10571 E PlayGamesServices[SignInAuthenticator]: **** DEVELOPER_ERROR
07-26 10:10:25.114  5080 10571 E PlayGamesServices[SignInAuthenticator]: **** This is usually caused by one of these reasons:
07-26 10:10:25.114  5080 10571 E PlayGamesServices[SignInAuthenticator]: **** (1) Your package name and certificate fingerprint do not match
07-26 10:10:25.114  5080 10571 E PlayGamesServices[SignInAuthenticator]: ****     the client ID you registered in Developer Console.
07-26 10:10:25.114  5080 10571 E PlayGamesServices[SignInAuthenticator]: **** (2) Your App ID was incorrectly entered.
07-26 10:10:25.114  5080 10571 E PlayGamesServices[SignInAuthenticator]: **** (3) Your game settings have not been published and you are
07-26 10:10:25.114  5080 10571 E PlayGamesServices[SignInAuthenticator]: ****     trying to log in with an account that is not listed as
07-26 10:10:25.114  5080 10571 E PlayGamesServices[SignInAuthenticator]: ****     a test account.
07-26 10:10:25.114  5080 10571 E PlayGamesServices[SignInAuthenticator]: **** (4) A server auth code was requested, but an incorrect client
07-26 10:10:25.114  5080 10571 E PlayGamesServices[SignInAuthenticator]: ****     id was provided. The client id for server auth codes should
07-26 10:10:25.114  5080 10571 E PlayGamesServices[SignInAuthenticator]: ****     be the client id for the game server (not the android app).
07-26 10:10:25.114  5080 10571 E PlayGamesServices[SignInAuthenticator]: ****
07-26 10:10:25.114  5080 10571 E PlayGamesServices[SignInAuthenticator]: **** To help you debug, hereis the information about this app
07-26 10:10:25.114  5080 10571 E PlayGamesServices[SignInAuthenticator]: **** Package name         : com.nekki.shadowfight
07-26 10:10:25.114  5080 10571 E PlayGamesServices[SignInAuthenticator]: **** Cert SHA1 fingerprint: ***********************:***********************:EC:F9:23:46
07-26 10:10:25.114  5080 10571 E PlayGamesServices[SignInAuthenticator]: **** App ID from manifest : 1081323847439
07-26 10:10:25.114  5080 10571 E PlayGamesServices[SignInAuthenticator]: ****
07-26 10:10:25.114  5080 10571 E PlayGamesServices[SignInAuthenticator]: **** Check that the above information matches your setup in
07-26 10:10:25.114  5080 10571 E PlayGamesServices[SignInAuthenticator]: **** Developer Console. Also, check that you're logging in with the
07-26 10:10:25.114  5080 10571 E PlayGamesServices[SignInAuthenticator]: **** right account (it should be listed in the Testers section if
07-26 10:10:25.114  5080 10571 E PlayGamesServices[SignInAuthenticator]: **** your project is not yetpublished).
07-26 10:10:25.114  5080 10571 E PlayGamesServices[SignInAuthenticator]: ****
07-26 10:10:25.114  5080 10571 E PlayGamesServices[SignInAuthenticator]: **** For more information, refer to the troubleshooting guide:
07-26 10:10:25.114  5080 10571 E PlayGamesServices[SignInAuthenticator]: ****   *******************************************************************
07-26 10:10:25.114  5080 10571 E PlayGamesServices[SignInAuthenticator]: ****
07-26 10:10:25.471  5080 10571 E PlayGamesServices[SignInAuthenticator]: **** APP NOT CORRECTLY CONFIGURED TO USE GOOGLE PLAY GAME SERVICES
07-26 10:10:25.471  5080 10571 E PlayGamesServices[SignInAuthenticator]: **** DEVELOPER_ERROR
07-26 10:10:25.471  5080 10571 E PlayGamesServices[SignInAuthenticator]: **** This is usually caused by one of these reasons:
07-26 10:10:25.471  5080 10571 E PlayGamesServices[SignInAuthenticator]: **** (1) Your package name and certificate fingerprint do not match
07-26 10:10:25.471  5080 10571 E PlayGamesServices[SignInAuthenticator]: ****     the client ID you registered in Developer Console.
07-26 10:10:25.471  5080 10571 E PlayGamesServices[SignInAuthenticator]: **** (2) Your App ID was incorrectly entered.
07-26 10:10:25.471  5080 10571 E PlayGamesServices[SignInAuthenticator]: **** (3) Your game settings have not been published and you are
07-26 10:10:25.471  5080 10571 E PlayGamesServices[SignInAuthenticator]: ****     trying to log in with an account that is not listed as
07-26 10:10:25.471  5080 10571 E PlayGamesServices[SignInAuthenticator]: ****     a test account.
07-26 10:10:25.471  5080 10571 E PlayGamesServices[SignInAuthenticator]: **** (4) A server auth code was requested, but an incorrect client
07-26 10:10:25.471  5080 10571 E PlayGamesServices[SignInAuthenticator]: ****     id was provided. The client id for server auth codes should
07-26 10:10:25.471  5080 10571 E PlayGamesServices[SignInAuthenticator]: ****     be the client id for the game server (not the android app).
07-26 10:10:25.471  5080 10571 E PlayGamesServices[SignInAuthenticator]: ****
07-26 10:10:25.471  5080 10571 E PlayGamesServices[SignInAuthenticator]: **** To help you debug, hereis the information about this app
07-26 10:10:25.471  5080 10571 E PlayGamesServices[SignInAuthenticator]: **** Package name         : com.nekki.shadowfight
07-26 10:10:25.471  5080 10571 E PlayGamesServices[SignInAuthenticator]: **** Cert SHA1 fingerprint: ***********************:***********************:EC:F9:23:46
07-26 10:10:25.471  5080 10571 E PlayGamesServices[SignInAuthenticator]: **** App ID from manifest : 1081323847439
07-26 10:10:25.471  5080 10571 E PlayGamesServices[SignInAuthenticator]: ****
07-26 10:10:25.471  5080 10571 E PlayGamesServices[SignInAuthenticator]: **** Check that the above information matches your setup in
07-26 10:10:25.471  5080 10571 E PlayGamesServices[SignInAuthenticator]: **** Developer Console. Also, check that you're logging in with the
07-26 10:10:25.471  5080 10571 E PlayGamesServices[SignInAuthenticator]: **** right account (it should be listed in the Testers section if
07-26 10:10:25.471  5080 10571 E PlayGamesServices[SignInAuthenticator]: **** your project is not yetpublished).
07-26 10:10:25.471  5080 10571 E PlayGamesServices[SignInAuthenticator]: ****
07-26 10:10:25.471  5080 10571 E PlayGamesServices[SignInAuthenticator]: **** For more information, refer to the troubleshooting guide:
07-26 10:10:25.471  5080 10571 E PlayGamesServices[SignInAuthenticator]: ****   *******************************************************************
07-26 10:10:25.471  5080 10571 E PlayGamesServices[SignInAuthenticator]: ****
07-26 10:10:25.589  9783  9783 E PlayGamesServices[SignInClient]: Calling connect() while still connected, missing disconnect().
07-26 10:10:26.919  8475  8475 E SignInRequest: Setting result error status code to: 16
07-26 10:10:26.960  5080 10642 E PlayGamesServices[PlayerAgentHelper]: Unable to load player null
07-26 10:10:27.409  5080 10644 E PlayGamesServices[PlayerAgentHelper]: Unable to load player null
07-26 10:10:27.910  5080 10645 E PlayGamesServices[PlayerAgentHelper]: Unable to load player null
07-26 10:10:28.452  5080 10646 E PlayGamesServices[PlayerAgentHelper]: Unable to load player null
07-26 10:10:28.866  8475  8577 E Unity   : [NHOLPCLGKOL] Detected products in payment without items in list.xml! Please add following products to list:
07-26 10:10:28.866  8475  8577 E Unity   :      com.nekki.shadowfight.sphere2_offer_3_1
07-26 10:10:28.866  8475  8577 E Unity   :      com.nekki.shadowfight.sphere3_offer_5_1
07-26 10:10:28.866  8475  8577 E Unity   :      com.nekki.shadowfight.potions_offer_5_1
07-26 10:10:28.866  8475  8577 E Unity   :      com.nekki.shadowfight.event_coins_offer_3_1
07-26 10:10:28.866  8475  8577 E Unity   :      com.nekki.shadowfight.keys_offer_3_1
07-26 10:10:28.866  8475  8577 E Unity   :      com.nekki.shadowfight.event_consumables_offer_5_1
07-26 10:10:28.866  8475  8577 E Unity   :      com.nekki.shadowfight.keys_event_offer_3_1
07-26 10:10:28.866  8475  8577 E Unity   :      com.nekki.shadowfight.bp_premium_3_1
07-26 10:10:28.866  8475  8577 E Unity   :      com.nekki.shadowfight.event_keys_consumables_offer
07-26 10:10:28.866  8475  8577 E Unity   : NHOLPCLGKOL:IFBJJLCCIIO()
07-26 10:10:28.866  8475  8577 E Unity   : IJMEMMGBJOL:ODJLHMDNOKC(MNKGHNKCMIE)
07-26 10:10:28.866  8475  8577 E Unity   : ECGEMEIOAJN:OBFJDEDBLIO(IObserver`1)
07-26 10:10:28.866  8475  8577 E Unity   : UniRx.Operators.CreateObservable`1:SubscribeCore(IObserver`1, IDisposable)
07-26 10:10:28.866  8475  8577 E Unity   : UniRx.Operators.<>c__DisplayClass3_0:<Subscribe>b__0()
07-26 10:10:28.866  8475  8577 E Unity   : UniRx.Trampoline:Run(SchedulerQueue)
07-26 10:10:28.866  8475  8577 E Unity   : UniRx.CurrentThreadScheduler:Schedule(TimeSpan, Action)
07-26 10:10:28.866  8475  8577 E Unity   : UniRx.Operators.OperatorObservableBase`1:Subscribe(IObserver`1)
07-26 10:10:28.866  8475  8577 E Unity   : KLCAOCJPCNI:IFBJJLCCIIO()
07-26 10:10:28.866  8475  8577 E Unity   : NIGEOLFLMIF:CGLNFHBJHGI(Action)
07-26 10:10:28.866  8475  8577 E Unity   : NIGEOLFLMIF:CGLNFHBJHGI(Action)
07-26 10:10:28.866  8475  8577 E Unity   : OMCLFAPJOIE:MMBHNCJDOJI()
07-26 10:10:28.866  8475  8577 E Unity   : OJFLLBCDOCB:OJDPPCOE
07-26 10:10:29.018  5080 10645 E PlayGamesServices[PlayerAgentHelper]: Unable to load player null
07-26 10:10:29.489  5080 10646 E PlayGamesServices[PlayerAgentHelper]: Unable to load player null
07-26 10:10:30.002  5080 10645 E PlayGamesServices[PlayerAgentHelper]: Unable to load player null
07-26 10:10:30.625  5080 10646 E PlayGamesServices[PlayerAgentHelper]: Unable to load player null
07-26 10:10:31.137  5080 10642 E PlayGamesServices[PlayerAgentHelper]: Unable to load player null
07-26 10:10:31.653  5080 10644 E PlayGamesServices[PlayerAgentHelper]: Unable to load player null
07-26 10:10:44.056 10782 10782 E android.youtube: Not starting debugger since process cannot load thejdwp agent.
07-26 10:10:44.841 10782 10876 E android.youtube: Attempt to load writable dex file: /data/user/0/com.google.android.youtube/app_pccache/5/34972CE6AEE45C5BC0EEF10E2DF825EE3CCF3D80/pcam.jar
07-26 10:10:46.703 10782 10916 E android.youtube: No package ID 6a found for ID 0x6a0b000f.
07-26 10:12:31.146  8475  8577 E Unity   : Error open xml: /storage/emulated/0/Android/data/com.nekki.shadowfight/files/userdata/initSettings.bin
07-26 10:12:31.146  8475  8577 E Unity   : DJONMGAICCG:OHLFDDDGFDC(String, String, KNIOABEJIMK, Boolean, Boolean, Boolean)
07-26 10:12:31.146  8475  8577 E Unity   : JBCCMGAGMPN:DBPILJAHDND()
07-26 10:12:31.146  8475  8577 E Unity   : HCGKKBENKMB:HFGEOBFIHON()
07-26 10:12:31.146  8475  8577 E Unity   : KEAMLMNDGPA:KAIJHGFDNHC()
07-26 10:12:31.146  8475  8577 E Unity   : OHAINBHIKGL:MKJOBHJKNKN(AOLCFMNFGBC, FFCDHGNNLFA&)
07-26 10:12:31.146  8475  8577 E Unity   : Nekki.SF2.GUI.Common.LoaderScreenSelector:IMNNFGILLPN()
07-26 10:12:31.146  8475  8577 E Unity   : Nekki.SF2.GUI.Scenes.LoaderScreen:Load()
07-26 10:12:31.146  8475  8577 E Unity   : EHIPFIOBIJO:BMKMBFCOAME(ICBOCHCJKPI)
07-26 10:12:31.146  8475  8577 E Unity   : KCALKADODLB:MAEBDOLEFBL()
07-26 10:12:31.146  8475  8577 E Unity   : UniRx.MainThreadDispatcher:UnsafeSend(Action)
07-26 10:12:31.146  8475  8577 E Unity   : UniRx.<DelayAction>d__2:MoveNext()
07-26 10:12:31.146  8475  8577 E Unity   : UniRx.InternalUtil.MicroCoroutine:Run()
07-26 10:12:31.146  8475  8577 E Unity   : UniRx.<RunEndOfFrameMicroCoroutine>d__33:MoveNext()
07-26 10:12:31.146  8475  8577 E Unity   : UnityEngine.SetupCoroutine:InvokeMoveNext(IEnumerator, IntPtr)
07-26 10:12:31.146  8475  8577 E Unity   :
07-26 10:12:33.846  8475  8577 E Unity   : Error open xml: /gamedata/quest_extensions/battle_pass.xml
07-26 10:12:33.846  8475  8577 E Unity   : DJONMGAICCG:OHLFDDDGFDC(String, String, KNIOABEJIMK, Boolean, Boolean, Boolean)
07-26 10:12:33.846  8475  8577 E Unity   : HCGKKBENKMB:OADLPJGCHKN(String, String)
07-26 10:12:33.846  8475  8577 E Unity   : HCGKKBENKMB:GPMIBOJDFMP(XmlNode)
07-26 10:12:33.846  8475  8577 E Unity   : HCGKKBENKMB:OADLPJGCHKN(String, String)
07-26 10:12:33.846  8475  8577 E Unity   : HCGKKBENKMB:GPMIBOJDFMP(XmlNode)
07-26 10:12:33.846  8475  8577 E Unity   : HCGKKBENKMB:OADLPJGCHKN(String, String)
07-26 10:12:33.846  8475  8577 E Unity   : HCGKKBENKMB:DDGOJEMJLPG()
07-26 10:12:33.846  8475  8577 E Unity   : CPMHLOLMELO:LGDMKFPFLJO()
07-26 10:12:33.846  8475  8577 E Unity   : AEMCOFOGOBE:LGDMKFPFLJO(MEEMKOGFJBI)
07-26 10:12:33.846  8475  8577 E Unity   : Nekki.SF2.GUI.Scenes.GameLoaderScene:Update()
07-26 10:12:33.846  8475  8577 E Unity   :
07-26 10:12:33.847  8475  8577 E Unity   : ListSF::ParseQuests: cannot open FileName = quest_extensions/battle_pass.xml
07-26 10:12:33.847  8475  8577 E Unity   : HCGKKBENKMB:GPMIBOJDFMP(XmlNode)
07-26 10:12:33.847  8475  8577 E Unity   : HCGKKBENKMB:OADLPJGCHKN(String, String)
07-26 10:12:33.847  8475  8577 E Unity   : HCGKKBENKMB:GPMIBOJDFMP(XmlNode)
07-26 10:12:33.847  8475  8577 E Unity   : HCGKKBENKMB:OADLPJGCHKN(String, String)
07-26 10:12:33.847  8475  8577 E Unity   : HCGKKBENKMB:DDGOJEMJLPG()
07-26 10:12:33.847  8475  8577 E Unity   : CPMHLOLMELO:LGDMKFPFLJO()
07-26 10:12:33.847  8475  8577 E Unity   : AEMCOFOGOBE:LGDMKFPFLJO(MEEMKOGFJBI)
07-26 10:12:33.847  8475  8577 E Unity   : Nekki.SF2.GUI.Scenes.GameLoaderScene:Update()
07-26 10:12:33.847  8475  8577 E Unity   :
07-26 10:12:35.438  5080 11231 E PlayGamesServices[SignInAuthenticator]: **** APP NOT CORRECTLY CONFIGURED TO USE GOOGLE PLAY GAME SERVICES
07-26 10:12:35.438  5080 11231 E PlayGamesServices[SignInAuthenticator]: **** DEVELOPER_ERROR
07-26 10:12:35.438  5080 11231 E PlayGamesServices[SignInAuthenticator]: **** This is usually caused by one of these reasons:
07-26 10:12:35.438  5080 11231 E PlayGamesServices[SignInAuthenticator]: **** (1) Your package name and certificate fingerprint do not match
