07-26 09:52:21.696 28375  3012 E RoleControllerServiceImpl: Default/fallback role holder package doesn't qualify for the role, package: com.google.android.gms.supervision, role: android.app.role.SYSTEM_SUPERVISION
07-26 09:52:21.754  3029  3029 E ndroid.keychain: Not starting debugger since process cannot load thejdwp agent.
07-26 09:52:22.379 27575  1026 E huta    : *~*~*~ Previous channel {0} was garbage collected without being shut down! ~*~*~*
07-26 09:52:22.379 27575  1026 E huta    :     Make sure to call shutdown()/shutdownNow()
07-26 09:52:22.379 27575  1026 E huta    : java.lang.RuntimeException: ManagedChannel allocation site
07-26 09:52:22.379 27575  1026 E huta    :      at husz.<init>(:com.google.android.gms@252635029@25.26.35 (190400-783060121):21)
07-26 09:52:22.379 27575  1026 E huta    :      at huta.<init>(:com.google.android.gms@252635029@25.26.35 (190400-783060121):10)
07-26 09:52:22.379 27575  1026 E huta    :      at husy.a(:com.google.android.gms@252635029@25.26.35 (190400-783060121):250)
07-26 09:52:22.379 27575  1026 E huta    :      at hudz.a(:com.google.android.gms@252635029@25.26.35 (190400-783060121):5)
07-26 09:52:22.379 27575  1026 E huta    :      at cjzl.h(:com.google.android.gms@252635029@25.26.35 (190400-783060121):81)
07-26 09:52:22.379 27575  1026 E huta    :      at gjul.a(:com.google.android.gms@252635029@25.26.35 (190400-783060121):182)
07-26 09:52:22.379 27575  1026 E huta    :      at fyfo.a(:com.google.android.gms@252635029@25.26.35 (190400-783060121):13)
07-26 09:52:22.379 27575  1026 E huta    :      at gglb.a(:com.google.android.gms@252635029@25.26.35 (190400-783060121):3)
07-26 09:52:22.379 27575  1026 E huta    :      at ggkc.run(:com.google.android.gms@252635029@25.26.35 (190400-783060121):19)
07-26 09:52:22.379 27575  1026 E huta    :      at ggld.run(:com.google.android.gms@252635029@25.26.35 (190400-783060121):5)
07-26 09:52:22.379 27575  1026 E huta    :      at azsg.c(:com.google.android.gms@252635029@25.26.35 (190400-783060121):50)
07-26 09:52:22.379 27575  1026 E huta    :      at azsg.run(:com.google.android.gms@252635029@25.26.35 (190400-783060121):70)
07-26 09:52:22.379 27575  1026 E huta    :      at java.util.concurrent.ThreadPoolExecutor.runWorker(ThreadPoolExecutor.java:1156)
07-26 09:52:22.379 27575  1026 E huta    :      at java.util.concurrent.ThreadPoolExecutor$Worker.run(ThreadPoolExecutor.java:651)
07-26 09:52:22.379 27575  1026 E huta    :      at azxy.run(:com.google.android.gms@252635029@25.26.35 (190400-783060121):8)
07-26 09:52:22.379 27575  1026 E huta    :      at java.lang.Thread.run(Thread.java:1119)
07-26 09:52:22.379 27575  1026 E huta    : *~*~*~ Previous channel {0} was garbage collected without being shut down! ~*~*~*
07-26 09:52:22.379 27575  1026 E huta    :     Make sure to call shutdown()/shutdownNow()
07-26 09:52:22.379 27575  1026 E huta    : java.lang.RuntimeException: ManagedChannel allocation site
07-26 09:52:22.379 27575  1026 E huta    :      at husz.<init>(:com.google.android.gms@252635029@25.26.35 (190400-783060121):21)
07-26 09:52:22.379 27575  1026 E huta    :      at huta.<init>(:com.google.android.gms@252635029@25.26.35 (190400-783060121):10)
07-26 09:52:22.379 27575  1026 E huta    :      at husy.a(:com.google.android.gms@252635029@25.26.35 (190400-783060121):250)
07-26 09:52:22.379 27575  1026 E huta    :      at hudz.a(:com.google.android.gms@252635029@25.26.35 (190400-783060121):5)
07-26 09:52:22.379 27575  1026 E huta    :      at cjzl.h(:com.google.android.gms@252635029@25.26.35 (190400-783060121):81)
07-26 09:52:22.379 27575  1026 E huta    :      at gjul.a(:com.google.android.gms@252635029@25.26.35 (190400-783060121):182)
07-26 09:52:22.379 27575  1026 E huta    :      at fyfo.a(:com.google.android.gms@252635029@25.26.35 (190400-783060121):13)
07-26 09:52:22.379 27575  1026 E huta    :      at gglb.a(:com.google.android.gms@252635029@25.26.35 (190400-783060121):3)
07-26 09:52:22.379 27575  1026 E huta    :      at ggkc.run(:com.google.android.gms@252635029@25.26.35 (190400-783060121):19)
07-26 09:52:22.379 27575  1026 E huta    :      at ggld.run(:com.google.android.gms@252635029@25.26.35 (190400-783060121):5)
07-26 09:52:22.379 27575  1026 E huta    :      at azsg.c(:com.google.android.gms@252635029@25.26.35 (190400-783060121):50)
07-26 09:52:22.379 27575  1026 E huta    :      at azsg.run(:com.google.android.gms@252635029@25.26.35 (190400-783060121):70)
07-26 09:52:22.379 27575  1026 E huta    :      at java.util.concurrent.ThreadPoolExecutor.runWorker(ThreadPoolExecutor.java:1156)
07-26 09:52:22.379 27575  1026 E huta    :      at java.util.concurrent.ThreadPoolExecutor$Worker.run(ThreadPoolExecutor.java:651)
07-26 09:52:22.379 27575  1026 E huta    :      at azxy.run(:com.google.android.gms@252635029@25.26.35 (190400-783060121):8)
07-26 09:52:22.379 27575  1026 E huta    :      at java.lang.Thread.run(Thread.java:1119)
07-26 09:52:22.379 27575  1026 E huta    : *~*~*~ Previous channel {0} was garbage collected without being shut down! ~*~*~*
07-26 09:52:22.379 27575  1026 E huta    :     Make sure to call shutdown()/shutdownNow()
07-26 09:52:22.379 27575  1026 E huta    : java.lang.RuntimeException: ManagedChannel allocation site
07-26 09:52:22.379 27575  1026 E huta    :      at husz.<init>(:com.google.android.gms@252635029@25.26.35 (190400-783060121):21)
07-26 09:52:22.379 27575  1026 E huta    :      at huta.<init>(:com.google.android.gms@252635029@25.26.35 (190400-783060121):10)
07-26 09:52:22.379 27575  1026 E huta    :      at husy.a(:com.google.android.gms@252635029@25.26.35 (190400-783060121):250)
07-26 09:52:22.379 27575  1026 E huta    :      at hudz.a(:com.google.android.gms@252635029@25.26.35 (190400-783060121):5)
07-26 09:52:22.379 27575  1026 E huta    :      at cjzl.h(:com.google.android.gms@252635029@25.26.35 (190400-783060121):81)
07-26 09:52:22.379 27575  1026 E huta    :      at gjul.a(:com.google.android.gms@252635029@25.26.35 (190400-783060121):182)
07-26 09:52:22.379 27575  1026 E huta    :      at fyfo.a(:com.google.android.gms@252635029@25.26.35 (190400-783060121):13)
07-26 09:52:22.379 27575  1026 E huta    :      at gglb.a(:com.google.android.gms@252635029@25.26.35 (190400-783060121):3)
07-26 09:52:22.379 27575  1026 E huta    :      at ggkc.run(:com.google.android.gms@252635029@25.26.35 (190400-783060121):19)
07-26 09:52:22.379 27575  1026 E huta    :      at ggld.run(:com.google.android.gms@252635029@25.26.35 (190400-783060121):5)
07-26 09:52:22.379 27575  1026 E huta    :      at azsg.c(:com.google.android.gms@252635029@25.26.35 (190400-783060121):50)
07-26 09:52:22.379 27575  1026 E huta    :      at azsg.run(:com.google.android.gms@252635029@25.26.35 (190400-783060121):70)
07-26 09:52:22.379 27575  1026 E huta    :      at java.util.concurrent.ThreadPoolExecutor.runWorker(ThreadPoolExecutor.java:1156)
07-26 09:52:22.379 27575  1026 E huta    :      at java.util.concurrent.ThreadPoolExecutor$Worker.run(ThreadPoolExecutor.java:651)
07-26 09:52:22.379 27575  1026 E huta    :      at azxy.run(:com.google.android.gms@252635029@25.26.35 (190400-783060121):8)
07-26 09:52:22.379 27575  1026 E huta    :      at java.lang.Thread.run(Thread.java:1119)
07-26 09:52:22.379 27575  1026 E huta    : *~*~*~ Previous channel {0} was garbage collected without being shut down! ~*~*~*
07-26 09:52:22.379 27575  1026 E huta    :     Make sure to call shutdown()/shutdownNow()
07-26 09:52:22.379 27575  1026 E huta    : java.lang.RuntimeException: ManagedChannel allocation site
07-26 09:52:22.379 27575  1026 E huta    :      at husz.<init>(:com.google.android.gms@252635029@25.26.35 (190400-783060121):21)
07-26 09:52:22.379 27575  1026 E huta    :      at huta.<init>(:com.google.android.gms@252635029@25.26.35 (190400-783060121):10)
07-26 09:52:22.379 27575  1026 E huta    :      at husy.a(:com.google.android.gms@252635029@25.26.35 (190400-783060121):250)
07-26 09:52:22.379 27575  1026 E huta    :      at hudz.a(:com.google.android.gms@252635029@25.26.35 (190400-783060121):5)
07-26 09:52:22.379 27575  1026 E huta    :      at cjzl.h(:com.google.android.gms@252635029@25.26.35 (190400-783060121):81)
07-26 09:52:22.379 27575  1026 E huta    :      at gjul.a(:com.google.android.gms@252635029@25.26.35 (190400-783060121):182)
07-26 09:52:22.379 27575  1026 E huta    :      at fyfo.a(:com.google.android.gms@252635029@25.26.35 (190400-783060121):13)
07-26 09:52:22.379 27575  1026 E huta    :      at gglb.a(:com.google.android.gms@252635029@25.26.35 (190400-783060121):3)
07-26 09:52:22.379 27575  1026 E huta    :      at ggkc.run(:com.google.android.gms@252635029@25.26.35 (190400-783060121):19)
07-26 09:52:22.379 27575  1026 E huta    :      at ggld.run(:com.google.android.gms@252635029@25.26.35 (190400-783060121):5)
07-26 09:52:22.379 27575  1026 E huta    :      at azsg.c(:com.google.android.gms@252635029@25.26.35 (190400-783060121):50)
07-26 09:52:22.379 27575  1026 E huta    :      at azsg.run(:com.google.android.gms@252635029@25.26.35 (190400-783060121):70)
07-26 09:52:22.379 27575  1026 E huta    :      at java.util.concurrent.ThreadPoolExecutor.runWorker(ThreadPoolExecutor.java:1156)
07-26 09:52:22.379 27575  1026 E huta    :      at java.util.concurrent.ThreadPoolExecutor$Worker.run(ThreadPoolExecutor.java:651)
07-26 09:52:22.379 27575  1026 E huta    :      at azxy.run(:com.google.android.gms@252635029@25.26.35 (190400-783060121):8)
07-26 09:52:22.379 27575  1026 E huta    :      at java.lang.Thread.run(Thread.java:1119)
07-26 09:52:22.379 27575  1026 E huta    : *~*~*~ Previous channel {0} was garbage collected without being shut down! ~*~*~*
07-26 09:52:22.379 27575  1026 E huta    :     Make sure to call shutdown()/shutdownNow()
07-26 09:52:22.379 27575  1026 E huta    : java.lang.RuntimeException: ManagedChannel allocation site
07-26 09:52:22.379 27575  1026 E huta    :      at husz.<init>(:com.google.android.gms@252635029@25.26.35 (190400-783060121):21)
07-26 09:52:22.379 27575  1026 E huta    :      at huta.<init>(:com.google.android.gms@252635029@25.26.35 (190400-783060121):10)
07-26 09:52:22.379 27575  1026 E huta    :      at husy.a(:com.google.android.gms@252635029@25.26.35 (190400-783060121):250)
07-26 09:52:22.379 27575  1026 E huta    :      at hudz.a(:com.google.android.gms@252635029@25.26.35 (190400-783060121):5)
07-26 09:52:22.379 27575  1026 E huta    :      at cjzl.h(:com.google.android.gms@252635029@25.26.35 (190400-783060121):81)
07-26 09:52:22.379 27575  1026 E huta    :      at gjul.a(:com.google.android.gms@252635029@25.26.35 (190400-783060121):182)
07-26 09:52:22.379 27575  1026 E huta    :      at fyfo.a(:com.google.android.gms@252635029@25.26.35 (190400-783060121):13)
07-26 09:52:22.379 27575  1026 E huta    :      at gglb.a(:com.google.android.gms@252635029@25.26.35 (190400-783060121):3)
07-26 09:52:22.379 27575  1026 E huta    :      at ggkc.run(:com.google.android.gms@252635029@25.26.35 (190400-783060121):19)
07-26 09:52:22.379 27575  1026 E huta    :      at ggld.run(:com.google.android.gms@252635029@25.26.35 (190400-783060121):5)
07-26 09:52:22.379 27575  1026 E huta    :      at azsg.c(:com.google.android.gms@252635029@25.26.35 (190400-783060121):50)
07-26 09:52:22.379 27575  1026 E huta    :      at azsg.run(:com.google.android.gms@252635029@25.26.35 (190400-783060121):70)
07-26 09:52:22.379 27575  1026 E huta    :      at java.util.concurrent.ThreadPoolExecutor.runWorker(ThreadPoolExecutor.java:1156)
07-26 09:52:22.379 27575  1026 E huta    :      at java.util.concurrent.ThreadPoolExecutor$Worker.run(ThreadPoolExecutor.java:651)
07-26 09:52:22.379 27575  1026 E huta    :      at azxy.run(:com.google.android.gms@252635029@25.26.35 (190400-783060121):8)
07-26 09:52:22.379 27575  1026 E huta    :      at java.lang.Thread.run(Thread.java:1119)
07-26 09:52:22.380 27575  1026 E huta    : *~*~*~ Previous channel {0} was garbage collected without being shut down! ~*~*~*
07-26 09:52:22.380 27575  1026 E huta    :     Make sure to call shutdown()/shutdownNow()
07-26 09:52:22.380 27575  1026 E huta    : java.lang.RuntimeException: ManagedChannel allocation site
07-26 09:52:22.380 27575  1026 E huta    :      at husz.<init>(:com.google.android.gms@252635029@25.26.35 (190400-783060121):21)
07-26 09:52:22.380 27575  1026 E huta    :      at huta.<init>(:com.google.android.gms@252635029@25.26.35 (190400-783060121):10)
07-26 09:52:22.380 27575  1026 E huta    :      at husy.a(:com.google.android.gms@252635029@25.26.35 (190400-783060121):250)
07-26 09:52:22.380 27575  1026 E huta    :      at hudz.a(:com.google.android.gms@252635029@25.26.35 (190400-783060121):5)
07-26 09:52:22.380 27575  1026 E huta    :      at cjzl.h(:com.google.android.gms@252635029@25.26.35 (190400-783060121):81)
07-26 09:52:22.380 27575  1026 E huta    :      at gjul.a(:com.google.android.gms@252635029@25.26.35 (190400-783060121):182)
07-26 09:52:22.380 27575  1026 E huta    :      at fyfo.a(:com.google.android.gms@252635029@25.26.35 (190400-783060121):13)
07-26 09:52:22.380 27575  1026 E huta    :      at gglb.a(:com.google.android.gms@252635029@25.26.35 (190400-783060121):3)
07-26 09:52:22.380 27575  1026 E huta    :      at ggkc.run(:com.google.android.gms@252635029@25.26.35 (190400-783060121):19)
07-26 09:52:22.380 27575  1026 E huta    :      at ggld.run(:com.google.android.gms@252635029@25.26.35 (190400-783060121):5)
07-26 09:52:22.380 27575  1026 E huta    :      at azsg.c(:com.google.android.gms@252635029@25.26.35 (190400-783060121):50)
07-26 09:52:22.380 27575  1026 E huta    :      at azsg.run(:com.google.android.gms@252635029@25.26.35 (190400-783060121):70)
07-26 09:52:22.380 27575  1026 E huta    :      at java.util.concurrent.ThreadPoolExecutor.runWorker(ThreadPoolExecutor.java:1156)
07-26 09:52:22.380 27575  1026 E huta    :      at java.util.concurrent.ThreadPoolExecutor$Worker.run(ThreadPoolExecutor.java:651)
07-26 09:52:22.380 27575  1026 E huta    :      at azxy.run(:com.google.android.gms@252635029@25.26.35 (190400-783060121):8)
07-26 09:52:22.380 27575  1026 E huta    :      at java.lang.Thread.run(Thread.java:1119)
07-26 09:52:23.411 28375  3012 E RoleControllerServiceImpl: Default/fallback role holder package doesn't qualify for the role, package: com.google.android.gms.supervision, role: android.app.role.SYSTEM_SUPERVISION
07-26 09:52:24.241 30917 31088 E native  : E0000 00:00:1753503744.241375   31088 model-utils.cc:41] Not a valid Model flatbuffer
07-26 09:52:24.242 30917 31088 E native  : E0000 00:00:1753503744.242046   31088 model-provider-from-fb.cc:105] Unable to initialize ModelProviderFromFlatbuffer
07-26 09:52:28.574 27816 15376 E UsageReportingOptionsSt: INTERNAL_ERROR: setOptInOption should not be called while user is locked. [CONTEXT service_id=41 ]
07-26 09:52:32.908  4515  4515 E ng:quick_launch: Not starting debugger since process cannot load thejdwp agent.
07-26 09:52:36.074 27575 27575 E ChimeraRcvrProxy: com.google.android.gms.backup.GmsBackupStatusChangeReceiver dropping broadcast com.google.gservices.intent.action.GSERVICES_CHANGED
07-26 09:52:36.528 27575  1026 E FileApkMgr: File is not properly signed: AndroidPlatformServices.apk
07-26 09:52:36.528 27575  1026 E FileApkMgr: Failed to stage: AndroidPlatformServices.apk [b7a0d91c360f6368076ce9533f9778128a9fe8649063722e1ef49a0262ede4b9]
07-26 09:52:38.292 27575  4818 E Icing   : Failed to remove thing with error code :error uri not found
07-26 09:52:38.317 27575  4818 E Icing   : Failed to remove thing with error code :error uri not found
07-26 09:52:38.317 27575  4818 E Icing   : Failed to remove thing with error code :error uri not found
07-26 09:52:38.317 27575  4818 E Icing   : Failed to remove thing with error code :error uri not found
07-26 09:52:38.318 27575  4818 E Icing   : Failed to remove thing with error code :error uri not found
07-26 09:52:38.318 27575  4818 E Icing   : Failed to remove thing with error code :error uri not found
07-26 09:52:38.318 27575  4818 E Icing   : Failed to remove thing with error code :error uri not found
07-26 09:52:38.318 27575  4818 E Icing   : Failed to remove thing with error code :error uri not found
07-26 09:52:38.318 27575  4818 E Icing   : Failed to remove thing with error code :error uri not found
07-26 09:52:38.318 27575  4818 E Icing   : Failed to remove thing with error code :error uri not found
07-26 09:52:38.318 27575  4818 E Icing   : Failed to remove thing with error code :error uri not found
07-26 09:52:38.318 27575  4818 E Icing   : Failed to remove thing with error code :error uri not found
07-26 09:52:38.318 27575  4818 E Icing   : Failed to remove thing with error code :error uri not found
07-26 09:52:38.318 27575  4818 E Icing   : Failed to remove thing with error code :error uri not found
07-26 09:52:38.319 27575  4818 E Icing   : Failed to remove thing with error code :error uri not found
07-26 09:52:38.319 27575  4818 E Icing   : Failed to remove thing with error code :error uri not found
07-26 09:52:38.319 27575  4818 E Icing   : Failed to remove thing with error code :error uri not found
07-26 09:52:38.319 27575  4818 E Icing   : Failed to remove thing with error code :error uri not found
07-26 09:52:38.319 27575  4818 E Icing   : Failed to remove thing with error code :error uri not found
07-26 09:52:38.319 27575  4818 E Icing   : Failed to remove thing with error code :error uri not found
07-26 09:52:38.319 27575  4818 E Icing   : Failed to remove thing with error code :error uri not found
07-26 09:52:38.319 27575  4818 E Icing   : Failed to remove thing with error code :error uri not found
07-26 09:52:38.319 27575  4818 E Icing   : Failed to remove thing with error code :error uri not found
07-26 09:52:38.319 27575  4818 E Icing   : Failed to remove thing with error code :error uri not found
07-26 09:52:38.319 27575  4818 E Icing   : Failed to remove thing with error code :error uri not found
07-26 09:52:38.319 27575  4818 E Icing   : Failed to remove thing with error code :error uri not found
07-26 09:52:38.319 27575  4818 E Icing   : Failed to remove thing with error code :error uri not found
07-26 09:52:38.320 27575  4818 E Icing   : Failed to remove thing with error code :error uri not found
07-26 09:52:38.336 27575  4818 E Icing   : Failed to remove thing with error code :error uri not found
07-26 09:52:38.337 27575  4818 E Icing   : Failed to remove thing with error code :error uri not found
07-26 09:52:39.416 27575  4818 E Icing   : Failed to remove thing with error code :error uri not found
07-26 09:52:39.417 27575  4818 E Icing   : Failed to remove thing with error code :error uri not found
07-26 09:52:39.417 27575  4818 E Icing   : Failed to remove thing with error code :error uri not found
07-26 09:52:39.417 27575  4818 E Icing   : Failed to remove thing with error code :error uri not found
07-26 09:52:39.417 27575  4818 E Icing   : Failed to remove thing with error code :error uri not found
07-26 09:52:39.417 27575  4818 E Icing   : Failed to remove thing with error code :error uri not found
07-26 09:52:39.417 27575  4818 E Icing   : Failed to remove thing with error code :error uri not found
07-26 09:52:39.417 27575  4818 E Icing   : Failed to remove thing with error code :error uri not found
07-26 09:52:39.417 27575  4818 E Icing   : Failed to remove thing with error code :error uri not found
07-26 09:52:39.417 27575  4818 E Icing   : Failed to remove thing with error code :error uri not found
07-26 09:52:39.417 27575  4818 E Icing   : Failed to remove thing with error code :error uri not found
07-26 09:52:39.418 27575  4818 E Icing   : Failed to remove thing with error code :error uri not found
07-26 09:52:39.418 27575  4818 E Icing   : Failed to remove thing with error code :error uri not found
07-26 09:52:39.418 27575  4818 E Icing   : Failed to remove thing with error code :error uri not found
07-26 09:52:39.418 27575  4818 E Icing   : Failed to remove thing with error code :error uri not found
07-26 09:52:39.418 27575  4818 E Icing   : Failed to remove thing with error code :error uri not found
07-26 09:52:39.418 27575  4818 E Icing   : Failed to remove thing with error code :error uri not found
07-26 09:52:39.418 27575  4818 E Icing   : Failed to remove thing with error code :error uri not found
07-26 09:52:39.418 27575  4818 E Icing   : Failed to remove thing with error code :error uri not found
07-26 09:52:39.418 27575  4818 E Icing   : Failed to remove thing with error code :error uri not found
07-26 09:52:39.418 27575  4818 E Icing   : Failed to remove thing with error code :error uri not found
07-26 09:52:39.418 27575  4818 E Icing   : Failed to remove thing with error code :error uri not found
07-26 09:52:39.418 27575  4818 E Icing   : Failed to remove thing with error code :error uri not found
07-26 09:52:39.418 27575  4818 E Icing   : Failed to remove thing with error code :error uri not found
07-26 09:52:39.419 27575  4818 E Icing   : Failed to remove thing with error code :error uri not found
07-26 09:52:39.419 27575  4818 E Icing   : Failed to remove thing with error code :error uri not found
07-26 09:52:39.419 27575  4818 E Icing   : Failed to remove thing with error code :error uri not found
07-26 09:52:39.419 27575  4818 E Icing   : Failed to remove thing with error code :error uri not found
07-26 09:52:39.419 27575  4818 E Icing   : Failed to remove thing with error code :error uri not found
07-26 09:52:39.419 27575  4818 E Icing   : Failed to remove thing with error code :error uri not found
07-26 09:52:39.743 27575  4818 E Icing   : Failed to remove thing with error code :error uri not found
07-26 09:52:39.744 27575  4818 E Icing   : Failed to remove thing with error code :error uri not found
07-26 09:52:39.744 27575  4818 E Icing   : Failed to remove thing with error code :error uri not found
07-26 09:52:39.744 27575  4818 E Icing   : Failed to remove thing with error code :error uri not found
07-26 09:52:39.744 27575  4818 E Icing   : Failed to remove thing with error code :error uri not found
07-26 09:52:39.744 27575  4818 E Icing   : Failed to remove thing with error code :error uri not found
07-26 09:52:39.744 27575  4818 E Icing   : Failed to remove thing with error code :error uri not found
07-26 09:52:39.744 27575  4818 E Icing   : Failed to remove thing with error code :error uri not found
07-26 09:52:39.744 27575  4818 E Icing   : Failed to remove thing with error code :error uri not found
07-26 09:52:39.744 27575  4818 E Icing   : Failed to remove thing with error code :error uri not found
07-26 09:52:39.744 27575  4818 E Icing   : Failed to remove thing with error code :error uri not found
07-26 09:52:39.745 27575  4818 E Icing   : Failed to remove thing with error code :error uri not found
07-26 09:52:39.745 27575  4818 E Icing   : Failed to remove thing with error code :error uri not found
07-26 09:52:39.745 27575  4818 E Icing   : Failed to remove thing with error code :error uri not found
07-26 09:52:39.745 27575  4818 E Icing   : Failed to remove thing with error code :error uri not found
07-26 09:52:39.745 27575  4818 E Icing   : Failed to remove thing with error code :error uri not found
07-26 09:52:39.745 27575  4818 E Icing   : Failed to remove thing with error code :error uri not found
07-26 09:52:39.745 27575  4818 E Icing   : Failed to remove thing with error code :error uri not found
07-26 09:52:39.745 27575  4818 E Icing   : Failed to remove thing with error code :error uri not found
07-26 09:52:39.745 27575  4818 E Icing   : Failed to remove thing with error code :error uri not found
07-26 09:52:40.488 27575  4818 E Icing   : Failed to remove thing with error code :error uri not found
07-26 09:52:40.489 27575  4818 E Icing   : Failed to remove thing with error code :error uri not found
07-26 09:52:40.489 27575  4818 E Icing   : Failed to remove thing with error code :error uri not found
07-26 09:52:40.489 27575  4818 E Icing   : Failed to remove thing with error code :error uri not found
07-26 09:52:40.489 27575  4818 E Icing   : Failed to remove thing with error code :error uri not found
07-26 09:52:40.489 27575  4818 E Icing   : Failed to remove thing with error code :error uri not found
07-26 09:52:40.489 27575  4818 E Icing   : Failed to remove thing with error code :error uri not found
07-26 09:52:40.489 27575  4818 E Icing   : Failed to remove thing with error code :error uri not found
07-26 09:52:40.489 27575  4818 E Icing   : Failed to remove thing with error code :error uri not found
07-26 09:52:40.489 27575  4818 E Icing   : Failed to remove thing with error code :error uri not found
07-26 09:52:40.489 27575  4818 E Icing   : Failed to remove thing with error code :error uri not found
07-26 09:52:40.489 27575  4818 E Icing   : Failed to remove thing with error code :error uri not found
07-26 09:52:40.490 27575  4818 E Icing   : Failed to remove thing with error code :error uri not found
07-26 09:52:40.490 27575  4818 E Icing   : Failed to remove thing with error code :error uri not found
07-26 09:52:40.490 27575  4818 E Icing   : Failed to remove thing with error code :error uri not found
07-26 09:52:40.490 27575  4818 E Icing   : Failed to remove thing with error code :error uri not found
07-26 09:52:40.490 27575  4818 E Icing   : Failed to remove thing with error code :error uri not found
07-26 09:52:40.490 27575  4818 E Icing   : Failed to remove thing with error code :error uri not found
07-26 09:52:40.490 27575  4818 E Icing   : Failed to remove thing with error code :error uri not found
07-26 09:52:40.490 27575  4818 E Icing   : Failed to remove thing with error code :error uri not found
07-26 09:52:40.490 27575  4818 E Icing   : Failed to remove thing with error code :error uri not found
07-26 09:52:40.490 27575  4818 E Icing   : Failed to remove thing with error code :error uri not found
07-26 09:52:40.490 27575  4818 E Icing   : Failed to remove thing with error code :error uri not found
07-26 09:52:40.490 27575  4818 E Icing   : Failed to remove thing with error code :error uri not found
07-26 09:52:40.491 27575  4818 E Icing   : Failed to remove thing with error code :error uri not found
07-26 09:52:40.491 27575  4818 E Icing   : Failed to remove thing with error code :error uri not found
07-26 09:52:40.491 27575  4818 E Icing   : Failed to remove thing with error code :error uri not found
07-26 09:52:40.491 27575  4818 E Icing   : Failed to remove thing with error code :error uri not found
07-26 09:52:40.491 27575  4818 E Icing   : Failed to remove thing with error code :error uri not found
07-26 09:52:40.491 27575  4818 E Icing   : Failed to remove thing with error code :error uri not found
07-26 09:52:40.703 27575  4818 E Icing   : Failed to remove thing with error code :error uri not found
07-26 09:52:40.706 27575  4818 E Icing   : Failed to remove thing with error code :error uri not found
07-26 09:52:40.706 27575  4818 E Icing   : Failed to remove thing with error code :error uri not found
07-26 09:52:40.809 27575  4818 E Icing   : Failed to remove thing with error code :error uri not found
07-26 09:52:40.809 27575  4818 E Icing   : Failed to remove thing with error code :error uri not found
07-26 09:52:40.809 27575  4818 E Icing   : Failed to remove thing with error code :error uri not found
07-26 09:52:40.809 27575  4818 E Icing   : Failed to remove thing with error code :error uri not found
07-26 09:52:40.810 27575  4818 E Icing   : Failed to remove thing with error code :error uri not found
07-26 09:52:40.810 27575  4818 E Icing   : Failed to remove thing with error code :error uri not found
07-26 09:52:40.810 27575  4818 E Icing   : Failed to remove thing with error code :error uri not found
07-26 09:52:40.810 27575  4818 E Icing   : Failed to remove thing with error code :error uri not found
07-26 09:52:40.810 27575  4818 E Icing   : Failed to remove thing with error code :error uri not found
07-26 09:52:40.810 27575  4818 E Icing   : Failed to remove thing with error code :error uri not found
07-26 09:52:40.810 27575  4818 E Icing   : Failed to remove thing with error code :error uri not found
07-26 09:52:40.810 27575  4818 E Icing   : Failed to remove thing with error code :error uri not found
07-26 09:52:40.810 27575  4818 E Icing   : Failed to remove thing with error code :error uri not found
07-26 09:52:40.810 27575  4818 E Icing   : Failed to remove thing with error code :error uri not found
07-26 09:52:40.810 27575  4818 E Icing   : Failed to remove thing with error code :error uri not found
07-26 09:52:40.810 27575  4818 E Icing   : Failed to remove thing with error code :error uri not found
07-26 09:52:40.811 27575  4818 E Icing   : Failed to remove thing with error code :error uri not found
07-26 09:52:41.873 27575  4818 E Icing   : Failed to remove thing with error code :error uri not found
07-26 09:52:41.874 27575  4818 E Icing   : Failed to remove thing with error code :error uri not found
07-26 09:52:41.874 27575  4818 E Icing   : Failed to remove thing with error code :error uri not found
07-26 09:52:41.874 27575  4818 E Icing   : Failed to remove thing with error code :error uri not found
07-26 09:52:41.874 27575  4818 E Icing   : Failed to remove thing with error code :error uri not found
07-26 09:52:41.874 27575  4818 E Icing   : Failed to remove thing with error code :error uri not found
07-26 09:52:41.874 27575  4818 E Icing   : Failed to remove thing with error code :error uri not found
07-26 09:52:41.874 27575  4818 E Icing   : Failed to remove thing with error code :error uri not found
07-26 09:52:41.874 27575  4818 E Icing   : Failed to remove thing with error code :error uri not found
07-26 09:52:41.874 27575  4818 E Icing   : Failed to remove thing with error code :error uri not found
07-26 09:52:41.874 27575  4818 E Icing   : Failed to remove thing with error code :error uri not found
07-26 09:52:41.874 27575  4818 E Icing   : Failed to remove thing with error code :error uri not found
07-26 09:52:41.875 27575  4818 E Icing   : Failed to remove thing with error code :error uri not found
07-26 09:52:41.875 27575  4818 E Icing   : Failed to remove thing with error code :error uri not found
07-26 09:52:41.875 27575  4818 E Icing   : Failed to remove thing with error code :error uri not found
07-26 09:52:41.875 27575  4818 E Icing   : Failed to remove thing with error code :error uri not found
07-26 09:52:41.875 27575  4818 E Icing   : Failed to remove thing with error code :error uri not found
07-26 09:52:53.007 28375  5033 E RoleControllerServiceImpl: Default/fallback role holder package doesn't qualify for the role, package: com.google.android.gms.supervision, role: android.app.role.SYSTEM_SUPERVISION
07-26 09:52:53.225  5036  5036 E ANDR-VIVO-PERF: IVPerf::tryGetService failed!
07-26 09:52:53.226  5036  5036 E ANDR-VIVO-PERF: IVPerf::tryGetService failed!
07-26 09:52:53.230  5080  5080 E gle.android.gms: Not starting debugger since process cannot load thejdwp agent.
07-26 09:52:53.293  5036  5093 E RoleControllerServiceImpl: Default/fallback role holder package doesn't qualify for the role, package: com.google.android.gms.supervision, role: android.app.role.SYSTEM_SUPERVISION
07-26 09:52:53.324  5036  5093 E DocumentManagerRoleBehavior: There should be exactly one documenter;found 0: matches=[]
07-26 09:52:53.342  5036  5093 E RoleControllerServiceImpl: Default/fallback role holder package doesn't qualify for the role, package: com.android.shell, role: android.app.role.SYSTEM_SHELL
07-26 09:52:53.374 29523  5086 E .gms.persistent: hiddenapi: Accessing hidden method Landroid/net/ConnectivityManager;->isNetworkTypeMobile(I)Z (runtime_flags=0, domain=platform, api=max-target-p) from Lbqpp; (domain=app) using reflection: denied
07-26 09:52:53.375 29523  5086 E .gms.persistent: hiddenapi: Accessing hidden method Landroid/os/PowerManager;->isLightDeviceIdleMode()Z (runtime_flags=0, domain=platform, api=max-target-s) from Lbqpp; (domain=app) using reflection: denied
07-26 09:52:53.415  5036  5093 E RoleControllerServiceImpl: Default/fallback role holder package doesn't qualify for the role, package: com.google.android.dialer, role: android.app.role.DIALER
07-26 09:52:53.417  5036  5093 E RoleControllerServiceImpl: Default/fallback role holder package doesn't qualify for the role, package: com.google.android.tts, role: android.app.role.SYSTEM_SPEECH_RECOGNIZER
07-26 09:52:53.858  5199  5199 E com.whatsapp: Not starting debugger since process cannot load the jdwp agent.
07-26 09:52:54.401  5199  5199 E spk     : loading so archive library
07-26 09:52:54.780  5080  5080 E ANDR-VIVO-PERF: IVPerf::tryGetService failed!
07-26 09:52:54.785  5080  5080 E ANDR-VIVO-PERF: IVPerf::tryGetService failed!
07-26 09:52:55.265  5199  5256 E spk     : re-using previous load of so archive library
07-26 09:52:55.879  5376  5376 E com.whatsapp: Not starting debugger since process cannot load the jdwp agent.
07-26 09:52:57.104  5376  5376 E spk     : loading so archive library
07-26 09:52:57.766  5080  5282 E native  : E0000 00:00:1753503777.764234    5282 model-utils.cc:41] Not a valid Model flatbuffer
07-26 09:52:57.767  5080  5282 E native  : E0000 00:00:1753503777.767097    5282 model-provider-from-fb.cc:105] Unable to initialize ModelProviderFromFlatbuffer
07-26 09:52:58.975  5376  5454 E spk     : re-using previous load of so archive library
07-26 09:53:00.646  5376  5529 E com.whatsapp: hiddenapi: Accessing hidden method Lcom/android/org/conscrypt/OpenSSLSocketImpl;->setUseSessionTickets(Z)V (runtime_flags=CorePlatformApi, domain=core-platform, api=max-target-q,core-platform-api) from LX/18J; (domain=app) using reflection: denied
07-26 09:53:00.729  5376  5529 E com.whatsapp: hiddenapi: Accessing hidden method Lcom/android/org/conscrypt/AbstractConscryptSocket;->setUseSessionTickets(Z)V (runtime_flags=0, domain=core-platform, api=max-target-q) from LX/18J; (domain=app) using reflection: denied
07-26 09:53:02.778 28375  5033 E RoleControllerServiceImpl: Default/fallback role holder package doesn't qualify for the role, package: com.google.android.gms.supervision, role: android.app.role.SYSTEM_SUPERVISION
07-26 09:53:02.927  5036  5093 E RoleControllerServiceImpl: Default/fallback role holder package doesn't qualify for the role, package: com.google.android.gms.supervision, role: android.app.role.SYSTEM_SUPERVISION
07-26 09:53:03.039  5036  5093 E DocumentManagerRoleBehavior: There should be exactly one documenter;found 0: matches=[]
07-26 09:53:03.073  5036  5093 E RoleControllerServiceImpl: Default/fallback role holder package doesn't qualify for the role, package: com.android.shell, role: android.app.role.SYSTEM_SHELL
07-26 09:53:03.168  5036  5093 E RoleControllerServiceImpl: Default/fallback role holder package doesn't qualify for the role, package: com.google.android.dialer, role: android.app.role.DIALER
07-26 09:53:03.169  5036  5093 E RoleControllerServiceImpl: Default/fallback role holder package doesn't qualify for the role, package: com.google.android.tts, role: android.app.role.SYSTEM_SPEECH_RECOGNIZER
07-26 09:53:03.241 29523 29523 E GmsCoreLogger: Missing account for FACET_USAGE_GAIA_UNSAMPLED [CONTEXT service_id=299 ]
07-26 09:53:04.987 28375  5033 E RoleControllerServiceImpl: Default/fallback role holder package doesn't qualify for the role, package: com.google.android.gms.supervision, role: android.app.role.SYSTEM_SUPERVISION
07-26 09:53:07.521  6133  6133 E webview_service: Not starting debugger since process cannot load thejdwp agent.
07-26 09:53:08.294 28375  5033 E RoleControllerServiceImpl: Default/fallback role holder package doesn't qualify for the role, package: com.google.android.gms.supervision, role: android.app.role.SYSTEM_SUPERVISION
07-26 09:54:07.787 32468 32468 E cr_BkgrdTaskJS: Tried finishing non-current BackgroundTask.
07-26 09:54:09.081 29523 29523 E GmsCoreLogger: Missing account for FACET_USAGE_GAIA_UNSAMPLED [CONTEXT service_id=299 ]
07-26 10:02:37.286  5199  7009 E com.whatsapp: hiddenapi: Accessing hidden method Lcom/android/org/conscrypt/OpenSSLSocketImpl;->setUseSessionTickets(Z)V (runtime_flags=CorePlatformApi, domain=core-platform, api=max-target-q,core-platform-api) from LX/18J; (domain=app) using reflection: denied
07-26 10:02:37.287  5199  7009 E com.whatsapp: hiddenapi: Accessing hidden method Lcom/android/org/conscrypt/AbstractConscryptSocket;->setUseSessionTickets(Z)V (runtime_flags=0, domain=core-platform, api=max-target-q) from LX/18J; (domain=app) using reflection: denied
07-26 10:05:48.033  7396  7396 E DialerDialerBaseApplication: com.android.dialer.DialerBaseApplication.handleResourcesException:64 getResources() called before resources are initialized [CONTEXT disable_client_error_logging=true ]
07-26 10:05:48.033  7396  7396 E DialerDialerBaseApplication: suo: LARGE
07-26 10:05:48.033  7396  7396 E DialerDialerBaseApplication:   at bwh.getResources(PG:135)
07-26 10:05:48.033  7396  7396 E DialerDialerBaseApplication:   at nln.a(PG:1)
07-26 10:05:48.033  7396  7396 E DialerDialerBaseApplication:   at nkz.h(PG:1)
07-26 10:05:48.033  7396  7396 E DialerDialerBaseApplication:   at nnm.d(PG:103)
07-26 10:05:48.033  7396  7396 E DialerDialerBaseApplication:   at nnp.j(PG:36)
07-26 10:05:48.033  7396  7396 E DialerDialerBaseApplication:   at nnp.handleMessage(PG:609)
07-26 10:05:48.033  7396  7396 E DialerDialerBaseApplication:   at android.os.Handler.dispatchMessage(Handler.java:102)
07-26 10:05:48.033  7396  7396 E DialerDialerBaseApplication:   at nul.b(PG:1)
07-26 10:05:48.033  7396  7396 E DialerDialerBaseApplication:   at nul.dispatchMessage(PG:1)
07-26 10:05:48.033  7396  7396 E DialerDialerBaseApplication:   at android.os.Looper.loopOnce(Looper.java:223)
07-26 10:05:48.033  7396  7396 E DialerDialerBaseApplication:   at android.os.Looper.loop(Looper.java:324)
07-26 10:05:48.033  7396  7396 E DialerDialerBaseApplication:   at android.os.HandlerThread.run(HandlerThread.java:67)
07-26 10:05:48.033  7396  7396 E DialerDialerBaseApplication: Caused by: java.lang.IllegalStateException: Resources are not initialized yet. Do not call getResource() in constructors of injected classes
07-26 10:05:48.033  7396  7396 E DialerDialerBaseApplication:   at sbu.P(PG:8)
07-26 10:05:48.033  7396  7396 E DialerDialerBaseApplication:   at bwh.getResources(PG:9)
07-26 10:05:48.033  7396  7396 E DialerDialerBaseApplication:   ... 11 more
07-26 10:05:48.045  7396  7440 E DialerDialerBaseApplication: com.android.dialer.DialerBaseApplication.handleResourcesException:64 getResources() called before resources are initialized [CONTEXT disable_client_error_logging=true ]
07-26 10:05:48.045  7396  7440 E DialerDialerBaseApplication: suo: LARGE
07-26 10:05:48.045  7396  7440 E DialerDialerBaseApplication:   at bwh.getResources(PG:135)
07-26 10:05:48.045  7396  7440 E DialerDialerBaseApplication:   at android.telephony.TelephonyManager.isVoiceCapable(TelephonyManager.java:6725)
07-26 10:05:48.045  7396  7440 E DialerDialerBaseApplication:   at android.telephony.TelephonyManager.getPhoneType(TelephonyManager.java:2659)
07-26 10:05:48.045  7396  7440 E DialerDialerBaseApplication:   at cax.a(PG:130)
07-26 10:05:48.045  7396  7440 E DialerDialerBaseApplication:   at sit.a(PG:28)
07-26 10:05:48.045  7396  7440 E DialerDialerBaseApplication:   at dng.f(PG:1)
07-26 10:05:48.045  7396  7440 E DialerDialerBaseApplication:   at dng.b(PG:3)
07-26 10:05:48.045  7396  7440 E DialerDialerBaseApplication:   at dng.e(PG:1)
07-26 10:05:48.045  7396  7440 E DialerDialerBaseApplication:   at dmc.a(PG:61)
07-26 10:05:48.045  7396  7440 E DialerDialerBaseApplication:   at dnv.run(PG:186)
07-26 10:05:48.045  7396  7440 E DialerDialerBaseApplication:   at sar.run(PG:18)
07-26 10:05:48.045  7396  7440 E DialerDialerBaseApplication:   at java.util.concurrent.Executors$RunnableAdapter.call(Executors.java:524)
07-26 10:05:48.045  7396  7440 E DialerDialerBaseApplication:   at tio.a(PG:3)
07-26 10:05:48.045  7396  7440 E DialerDialerBaseApplication:   at tht.run(PG:21)
07-26 10:05:48.045  7396  7440 E DialerDialerBaseApplication:   at tip.run(PG:5)
07-26 10:05:48.045  7396  7440 E DialerDialerBaseApplication:   at ode.run(PG:3)
07-26 10:05:48.045  7396  7440 E DialerDialerBaseApplication:   at java.util.concurrent.ThreadPoolExecutor.runWorker(ThreadPoolExecutor.java:1156)
07-26 10:05:48.045  7396  7440 E DialerDialerBaseApplication:   at java.util.concurrent.ThreadPoolExecutor$Worker.run(ThreadPoolExecutor.java:651)
07-26 10:05:48.045  7396  7440 E DialerDialerBaseApplication:   at nxz.run(PG:128)
07-26 10:05:48.045  7396  7440 E DialerDialerBaseApplication:   at nxz.run(PG:385)
07-26 10:05:48.045  7396  7440 E DialerDialerBaseApplication:   at java.lang.Thread.run(Thread.java:1119)
07-26 10:05:48.045  7396  7440 E DialerDialerBaseApplication:   at odh.run(PG:51)
07-26 10:05:48.045  7396  7440 E DialerDialerBaseApplication: Caused by: java.lang.IllegalStateException: Resources are not initialized yet. Do not call getResource() in constructors of injected classes
07-26 10:05:48.045  7396  7440 E DialerDialerBaseApplication:   at sbu.P(PG:8)
07-26 10:05:48.045  7396  7440 E DialerDialerBaseApplication:   at bwh.getResources(PG:9)
07-26 10:05:48.045  7396  7440 E DialerDialerBaseApplication:   ... 21 more
07-26 10:05:48.064  7396  7440 E DialerDialerBaseApplication: com.android.dialer.DialerBaseApplication.handleResourcesException:64 getResources() called before resources are initialized [CONTEXT disable_client_error_logging=true ]
07-26 10:05:48.064  7396  7440 E DialerDialerBaseApplication: suo: LARGE
07-26 10:05:48.064  7396  7440 E DialerDialerBaseApplication:   at bwh.getResources(PG:135)
07-26 10:05:48.064  7396  7440 E DialerDialerBaseApplication:   at android.telephony.TelephonyManager.isVoiceCapable(TelephonyManager.java:6725)
07-26 10:05:48.064  7396  7440 E DialerDialerBaseApplication:   at android.telephony.TelephonyManager.getPhoneType(TelephonyManager.java:2659)
07-26 10:05:48.064  7396  7440 E DialerDialerBaseApplication:   at imm.e(PG:8)
07-26 10:05:48.064  7396  7440 E DialerDialerBaseApplication:   at imm.c(PG:15)
07-26 10:05:48.064  7396  7440 E DialerDialerBaseApplication:   at cax.a(PG:268)
07-26 10:05:48.064  7396  7440 E DialerDialerBaseApplication:   at sit.a(PG:28)
07-26 10:05:48.064  7396  7440 E DialerDialerBaseApplication:   at dng.f(PG:1)
07-26 10:05:48.064  7396  7440 E DialerDialerBaseApplication:   at dng.g(PG:11)
07-26 10:05:48.064  7396  7440 E DialerDialerBaseApplication:   at dng.e(PG:40)
07-26 10:05:48.064  7396  7440 E DialerDialerBaseApplication:   at dmc.a(PG:61)
07-26 10:05:48.064  7396  7440 E DialerDialerBaseApplication:   at dnv.run(PG:186)
07-26 10:05:48.064  7396  7440 E DialerDialerBaseApplication:   at sar.run(PG:18)
07-26 10:05:48.064  7396  7440 E DialerDialerBaseApplication:   at java.util.concurrent.Executors$RunnableAdapter.call(Executors.java:524)
07-26 10:05:48.064  7396  7440 E DialerDialerBaseApplication:   at tio.a(PG:3)
07-26 10:05:48.064  7396  7440 E DialerDialerBaseApplication:   at tht.run(PG:21)
07-26 10:05:48.064  7396  7440 E DialerDialerBaseApplication:   at tip.run(PG:5)
07-26 10:05:48.064  7396  7440 E DialerDialerBaseApplication:   at ode.run(PG:3)
07-26 10:05:48.064  7396  7440 E DialerDialerBaseApplication:   at java.util.concurrent.ThreadPoolExecutor.runWorker(ThreadPoolExecutor.java:1156)
07-26 10:05:48.064  7396  7440 E DialerDialerBaseApplication:   at java.util.concurrent.ThreadPoolExecutor$Worker.run(ThreadPoolExecutor.java:651)
07-26 10:05:48.064  7396  7440 E DialerDialerBaseApplication:   at nxz.run(PG:128)
07-26 10:05:48.064  7396  7440 E DialerDialerBaseApplication:   at nxz.run(PG:385)
07-26 10:05:48.064  7396  7440 E DialerDialerBaseApplication:   at java.lang.Thread.run(Thread.java:1119)
07-26 10:05:48.064  7396  7440 E DialerDialerBaseApplication:   at odh.run(PG:51)
07-26 10:05:48.064  7396  7440 E DialerDialerBaseApplication: Caused by: java.lang.IllegalStateException: Resources are not initialized yet. Do not call getResource() in constructors of injected classes
07-26 10:05:48.064  7396  7440 E DialerDialerBaseApplication:   at sbu.P(PG:8)
07-26 10:05:48.064  7396  7440 E DialerDialerBaseApplication:   at bwh.getResources(PG:9)
07-26 10:05:48.064  7396  7440 E DialerDialerBaseApplication:   ... 23 more
07-26 10:05:48.064  7396  7396 E DialerDialerBaseApplication: com.android.dialer.DialerBaseApplication.handleResourcesException:64 getResources() called before resources are initialized [CONTEXT disable_client_error_logging=true ]
07-26 10:05:48.064  7396  7396 E DialerDialerBaseApplication: suo: LARGE
07-26 10:05:48.064  7396  7396 E DialerDialerBaseApplication:   at bwh.getResources(PG:135)
07-26 10:05:48.064  7396  7396 E DialerDialerBaseApplication:   at jxh.H(PG:39)
07-26 10:05:48.064  7396  7396 E DialerDialerBaseApplication:   at jxh.J(PG:3)
07-26 10:05:48.064  7396  7396 E DialerDialerBaseApplication:   at jxh.I(PG:19)
07-26 10:05:48.064  7396  7396 E DialerDialerBaseApplication:   at jxh.E(PG:15)
07-26 10:05:48.064  7396  7396 E DialerDialerBaseApplication:   at jxu.a(PG:23)
07-26 10:05:48.064  7396  7396 E DialerDialerBaseApplication:   at qax.f(PG:49)
07-26 10:05:48.064  7396  7396 E DialerDialerBaseApplication:   at qij.a(PG:32)
07-26 10:05:48.064  7396  7396 E DialerDialerBaseApplication:   at wtt.k(PG:31)
07-26 10:05:48.064  7396  7396 E DialerDialerBaseApplication:   at rsp.onCreate(PG:176)
07-26 10:05:48.064  7396  7396 E DialerDialerBaseApplication:   at bwh.onCreate(PG:73)
07-26 10:05:48.064  7396  7396 E DialerDialerBaseApplication:   at bwy.onCreate(PG:31)
07-26 10:05:48.064  7396  7396 E DialerDialerBaseApplication:   at com.android.dialer.Dialer_Application.onCreate(PG:61)
07-26 10:05:48.064  7396  7396 E DialerDialerBaseApplication:   at android.app.Instrumentation.callApplicationOnCreate(Instrumentation.java:1266)
07-26 10:05:48.064  7396  7396 E DialerDialerBaseApplication:   at android.app.ActivityThread.handleBindApplication(ActivityThread.java:7177)
07-26 10:05:48.064  7396  7396 E DialerDialerBaseApplication:   at android.app.ActivityThread.-$$Nest$mhandleBindApplication(Unknown Source:0)
07-26 10:05:48.064  7396  7396 E DialerDialerBaseApplication:   at android.app.ActivityThread$H.handleMessage(ActivityThread.java:2302)
07-26 10:05:48.064  7396  7396 E DialerDialerBaseApplication:   at android.os.Handler.dispatchMessage(Handler.java:106)
07-26 10:05:48.064  7396  7396 E DialerDialerBaseApplication:   at android.os.Looper.loopOnce(Looper.java:223)
07-26 10:05:48.064  7396  7396 E DialerDialerBaseApplication:   at android.os.Looper.loop(Looper.java:324)
07-26 10:05:48.064  7396  7396 E DialerDialerBaseApplication:   at android.app.ActivityThread.main(ActivityThread.java:8346)
07-26 10:05:48.064  7396  7396 E DialerDialerBaseApplication:   at java.lang.reflect.Method.invoke(Native Method)
07-26 10:05:48.064  7396  7396 E DialerDialerBaseApplication:   at com.android.internal.os.RuntimeInit$MethodAndArgsCaller.run(RuntimeInit.java:582)
07-26 10:05:48.064  7396  7396 E DialerDialerBaseApplication:   at com.android.internal.os.ZygoteInit.main(ZygoteInit.java:1059)
07-26 10:05:48.064  7396  7396 E DialerDialerBaseApplication: Caused by: java.lang.IllegalStateException: Resources are not initialized yet. Do not call getResource() in constructors of injected classes
07-26 10:05:48.064  7396  7396 E DialerDialerBaseApplication:   at sbu.P(PG:8)
07-26 10:05:48.064  7396  7396 E DialerDialerBaseApplication:   at bwh.getResources(PG:9)
07-26 10:05:48.064  7396  7396 E DialerDialerBaseApplication:   ... 23 more
07-26 10:05:50.359 15332  7456 E tflite  : third_party/tensorflow/lite/core/subgraph.cc:970 tensor.data.raw != nullptr was not true.
07-26 10:05:50.800 29523 29921 E WorkSourceUtil: Could not find package: gms_cast_prober
07-26 10:05:50.802 29523 29921 E WorkSourceUtil: Could not find package: gms_cast_prober
07-26 10:05:50.803 29523 29921 E WorkSourceUtil: Could not find package: gms_cast_prober
07-26 10:05:50.804 29523 29921 E WorkSourceUtil: Could not find package: gms_cast_prober
07-26 10:05:50.804 29523 29921 E WorkSourceUtil: Could not find package: gms_cast_prober
07-26 10:05:50.804 29523 29921 E WorkSourceUtil: Could not find package: gms_cast_prober
07-26 10:05:50.805 29523 29921 E WorkSourceUtil: Could not find package: gms_cast_prober
07-26 10:05:50.805 29523 29921 E WorkSourceUtil: Could not find package: gms_cast_prober
07-26 10:05:51.077 29523  7630 E AuthPII : [RequestTokenManager] getToken() -> BAD_AUTHENTICATION. App: com.google.android.gms, Service: oauth2:**********************************************
07-26 10:05:51.077 29523  7630 E AuthPII : aymv: Long live credential not available.
07-26 10:05:51.077 29523  7630 E AuthPII :      at aciz.a(:com.google.android.gms@252635029@25.26.35 (190400-783060121):1277)
07-26 10:05:51.077 29523  7630 E AuthPII :      at acjf.b(:com.google.android.gms@252635029@25.26.35 (190400-783060121):30)
07-26 10:05:51.077 29523  7630 E AuthPII :      at acjd.a(:com.google.android.gms@252635029@25.26.35 (190400-783060121):552)
07-26 10:05:51.077 29523  7630 E AuthPII :      at acjc.b(:com.google.android.gms@252635029@25.26.35 (190400-783060121):115)
07-26 10:05:51.077 29523  7630 E AuthPII :      at vtb.h(:com.google.android.gms@252635029@25.26.35 (190400-783060121):497)
07-26 10:05:51.077 29523  7630 E AuthPII :      at vtb.d(:com.google.android.gms@252635029@25.26.35 (190400-783060121):145)
07-26 10:05:51.077 29523  7630 E AuthPII :      at abnb.a(:com.google.android.gms@252635029@25.26.35 (190400-783060121):33)
07-26 10:05:51.077 29523  7630 E AuthPII :      at abnh.l(:com.google.android.gms@252635029@25.26.35 (190400-783060121):34)
07-26 10:05:51.077 29523  7630 E AuthPII :      at abnh.n(:com.google.android.gms@252635029@25.26.35 (190400-783060121):64)
07-26 10:05:51.077 29523  7630 E AuthPII :      at abnh.g(:com.google.android.gms@252635029@25.26.35 (190400-783060121):4)
