07-25 19:42:45.132 15491 15847 E c       : 	at java.util.concurrent.ThreadPoolExecutor.runWorker(ThreadPoolExecutor.java:1156)
07-25 19:42:45.132 15491 15847 E c       : 	at java.util.concurrent.ThreadPoolExecutor$Worker.run(ThreadPoolExecutor.java:651)
07-25 19:42:45.132 15491 15847 E c       : 	at java.lang.Thread.run(Thread.java:1119)
07-25 19:42:45.132 15491 15847 E c       : Caused by: android.system.GaiException: android_getaddrinfo failed: EAI_NODATA (No address associated with hostname)
07-25 19:42:45.132 15491 15847 E c       : 	at libcore.io.Linux.android_getaddrinfo(Native Method)
07-25 19:42:45.132 15491 15847 E c       : 	at libcore.io.ForwardingOs.android_getaddrinfo(ForwardingOs.java:133)
07-25 19:42:45.132 15491 15847 E c       : 	at libcore.io.BlockGuardOs.android_getaddrinfo(BlockGuardOs.java:222)
07-25 19:42:45.132 15491 15847 E c       : 	at libcore.io.ForwardingOs.android_getaddrinfo(ForwardingOs.java:133)
07-25 19:42:45.132 15491 15847 E c       : 	at java.net.Inet6AddressImpl.lookupHostByName(Inet6AddressImpl.java:135)
07-25 19:42:45.132 15491 15847 E c       : 	... 24 more
07-25 19:43:09.608 18604 18777 E QTagParser: Error reading from /proc/net/xt_qtaguid/stats. Please check if this file exists.
07-25 19:43:09.622 18604 18777 E QTagParser: Error reading from /proc/net/xt_qtaguid/stats. Please check if this file exists.
07-25 19:44:09.602 18604 18777 E QTagParser: Error reading from /proc/net/xt_qtaguid/stats. Please check if this file exists.
07-25 19:44:09.616 18604 18777 E QTagParser: Error reading from /proc/net/xt_qtaguid/stats. Please check if this file exists.
07-25 19:44:43.668 18604 18777 E QTagParser: Error reading from /proc/net/xt_qtaguid/stats. Please check if this file exists.
07-25 19:44:43.692 18604 18777 E QTagParser: Error reading from /proc/net/xt_qtaguid/stats. Please check if this file exists.
07-25 19:45:09.602 18604 18777 E QTagParser: Error reading from /proc/net/xt_qtaguid/stats. Please check if this file exists.
07-25 19:45:09.617 18604 18777 E QTagParser: Error reading from /proc/net/xt_qtaguid/stats. Please check if this file exists.
07-25 19:45:26.459 15907 16029 E com.phonepe.app: No package ID 6a found for ID 0x6a0b000f.
07-25 19:46:09.598 18604 18777 E QTagParser: Error reading from /proc/net/xt_qtaguid/stats. Please check if this file exists.
07-25 19:46:09.610 18604 18777 E QTagParser: Error reading from /proc/net/xt_qtaguid/stats. Please check if this file exists.
07-25 19:47:09.604 18604 18777 E QTagParser: Error reading from /proc/net/xt_qtaguid/stats. Please check if this file exists.
07-25 19:47:09.618 18604 18777 E QTagParser: Error reading from /proc/net/xt_qtaguid/stats. Please check if this file exists.
07-25 19:48:09.608 18604 18777 E QTagParser: Error reading from /proc/net/xt_qtaguid/stats. Please check if this file exists.
07-25 19:48:09.626 18604 18777 E QTagParser: Error reading from /proc/net/xt_qtaguid/stats. Please check if this file exists.
07-25 19:49:09.604 18604 18777 E QTagParser: Error reading from /proc/net/xt_qtaguid/stats. Please check if this file exists.
07-25 19:49:09.619 18604 18777 E QTagParser: Error reading from /proc/net/xt_qtaguid/stats. Please check if this file exists.
07-25 19:50:09.598 18604 18777 E QTagParser: Error reading from /proc/net/xt_qtaguid/stats. Please check if this file exists.
07-25 19:50:09.616 18604 18777 E QTagParser: Error reading from /proc/net/xt_qtaguid/stats. Please check if this file exists.
07-25 19:50:58.007 18604 18777 E QTagParser: Error reading from /proc/net/xt_qtaguid/stats. Please check if this file exists.
07-25 19:50:58.028 18604 18777 E QTagParser: Error reading from /proc/net/xt_qtaguid/stats. Please check if this file exists.
07-25 19:51:09.602 18604 18777 E QTagParser: Error reading from /proc/net/xt_qtaguid/stats. Please check if this file exists.
07-25 19:51:09.619 18604 18777 E QTagParser: Error reading from /proc/net/xt_qtaguid/stats. Please check if this file exists.
07-25 19:52:09.601 18604 18777 E QTagParser: Error reading from /proc/net/xt_qtaguid/stats. Please check if this file exists.
07-25 19:52:09.617 18604 18777 E QTagParser: Error reading from /proc/net/xt_qtaguid/stats. Please check if this file exists.
07-25 19:52:46.728 16265 16265 E nk:link.monitor: Not starting debugger since process cannot load the jdwp agent.
07-25 19:52:46.958 16266 16328 E ogle.android.gm: hiddenapi: Accessing hidden field Ljava/util/Collections$SynchronizedCollection;->mutex:Ljava/lang/Object; (runtime_flags=0, domain=core-platform, api=max-target-o) from Lj$/util/DesugarCollections; (domain=app) using reflection: denied
07-25 19:52:46.959 16266 16328 E ogle.android.gm: hiddenapi: Accessing hidden method Ljava/util/Collections$SynchronizedSet;-><init>(Ljava/util/Set;Ljava/lang/Object;)V (runtime_flags=0, domain=core-platform, api=max-target-o) from Lj$/util/DesugarCollections; (domain=app) using reflection: denied
07-25 19:52:46.959 16266 16328 E ogle.android.gm: hiddenapi: Accessing hidden method Ljava/util/Collections$SynchronizedCollection;-><init>(Ljava/util/Collection;Ljava/lang/Object;)V (runtime_flags=0, domain=core-platform, api=max-target-o) from Lj$/util/DesugarCollections; (domain=app) using reflection: denied
07-25 19:52:47.570 16265 16479 E nk:link.monitor: No package ID 6a found for ID 0x6a0b000f.
07-25 19:52:47.726 16266 16490 E GoogleApiManager: Failed to get service from broker. 
07-25 19:52:47.726 16266 16490 E GoogleApiManager: java.lang.SecurityException: Unknown calling package name 'com.google.android.gms'.
07-25 19:52:47.726 16266 16490 E GoogleApiManager: 	at android.os.Parcel.createExceptionOrNull(Parcel.java:3025)
07-25 19:52:47.726 16266 16490 E GoogleApiManager: 	at android.os.Parcel.createException(Parcel.java:3009)
07-25 19:52:47.726 16266 16490 E GoogleApiManager: 	at android.os.Parcel.readException(Parcel.java:2992)
07-25 19:52:47.726 16266 16490 E GoogleApiManager: 	at android.os.Parcel.readException(Parcel.java:2934)
07-25 19:52:47.726 16266 16490 E GoogleApiManager: 	at ayzf.a(:com.google.android.gms@252635029@25.26.35 (190400-783060121):36)
07-25 19:52:47.726 16266 16490 E GoogleApiManager: 	at ayxm.z(:com.google.android.gms@252635029@25.26.35 (190400-783060121):143)
07-25 19:52:47.726 16266 16490 E GoogleApiManager: 	at ayej.run(:com.google.android.gms@252635029@25.26.35 (190400-783060121):42)
07-25 19:52:47.726 16266 16490 E GoogleApiManager: 	at android.os.Handler.handleCallback(Handler.java:942)
07-25 19:52:47.726 16266 16490 E GoogleApiManager: 	at android.os.Handler.dispatchMessage(Handler.java:99)
07-25 19:52:47.726 16266 16490 E GoogleApiManager: 	at civv.mw(:com.google.android.gms@252635029@25.26.35 (190400-783060121):1)
07-25 19:52:47.726 16266 16490 E GoogleApiManager: 	at civv.dispatchMessage(:com.google.android.gms@252635029@25.26.35 (190400-783060121):5)
07-25 19:52:47.726 16266 16490 E GoogleApiManager: 	at android.os.Looper.loopOnce(Looper.java:223)
07-25 19:52:47.726 16266 16490 E GoogleApiManager: 	at android.os.Looper.loop(Looper.java:324)
07-25 19:52:47.726 16266 16490 E GoogleApiManager: 	at android.os.HandlerThread.run(HandlerThread.java:67)
07-25 19:52:57.750 16266 16490 E GoogleApiManager: Failed to get service from broker. 
07-25 19:52:57.750 16266 16490 E GoogleApiManager: java.lang.SecurityException: Unknown calling package name 'com.google.android.gms'.
07-25 19:52:57.750 16266 16490 E GoogleApiManager: 	at android.os.Parcel.createExceptionOrNull(Parcel.java:3025)
07-25 19:52:57.750 16266 16490 E GoogleApiManager: 	at android.os.Parcel.createException(Parcel.java:3009)
07-25 19:52:57.750 16266 16490 E GoogleApiManager: 	at android.os.Parcel.readException(Parcel.java:2992)
07-25 19:52:57.750 16266 16490 E GoogleApiManager: 	at android.os.Parcel.readException(Parcel.java:2934)
07-25 19:52:57.750 16266 16490 E GoogleApiManager: 	at ayzf.a(:com.google.android.gms@252635029@25.26.35 (190400-783060121):36)
07-25 19:52:57.750 16266 16490 E GoogleApiManager: 	at ayxm.z(:com.google.android.gms@252635029@25.26.35 (190400-783060121):143)
07-25 19:52:57.750 16266 16490 E GoogleApiManager: 	at ayej.run(:com.google.android.gms@252635029@25.26.35 (190400-783060121):42)
07-25 19:52:57.750 16266 16490 E GoogleApiManager: 	at android.os.Handler.handleCallback(Handler.java:942)
07-25 19:52:57.750 16266 16490 E GoogleApiManager: 	at android.os.Handler.dispatchMessage(Handler.java:99)
07-25 19:52:57.750 16266 16490 E GoogleApiManager: 	at civv.mw(:com.google.android.gms@252635029@25.26.35 (190400-783060121):1)
07-25 19:52:57.750 16266 16490 E GoogleApiManager: 	at civv.dispatchMessage(:com.google.android.gms@252635029@25.26.35 (190400-783060121):5)
07-25 19:52:57.750 16266 16490 E GoogleApiManager: 	at android.os.Looper.loopOnce(Looper.java:223)
07-25 19:52:57.750 16266 16490 E GoogleApiManager: 	at android.os.Looper.loop(Looper.java:324)
07-25 19:52:57.750 16266 16490 E GoogleApiManager: 	at android.os.HandlerThread.run(HandlerThread.java:67)
07-25 19:53:09.638 18604 18777 E QTagParser: Error reading from /proc/net/xt_qtaguid/stats. Please check if this file exists.
07-25 19:53:09.672 18604 18777 E QTagParser: Error reading from /proc/net/xt_qtaguid/stats. Please check if this file exists.
07-25 19:54:09.608 18604 18777 E QTagParser: Error reading from /proc/net/xt_qtaguid/stats. Please check if this file exists.
07-25 19:54:09.624 18604 18777 E QTagParser: Error reading from /proc/net/xt_qtaguid/stats. Please check if this file exists.
07-25 19:55:09.608 18604 18777 E QTagParser: Error reading from /proc/net/xt_qtaguid/stats. Please check if this file exists.
07-25 19:55:09.622 18604 18777 E QTagParser: Error reading from /proc/net/xt_qtaguid/stats. Please check if this file exists.
07-25 19:56:09.610 18604 18777 E QTagParser: Error reading from /proc/net/xt_qtaguid/stats. Please check if this file exists.
07-25 19:56:09.625 18604 18777 E QTagParser: Error reading from /proc/net/xt_qtaguid/stats. Please check if this file exists.
07-25 19:56:24.518 18604 18777 E QTagParser: Error reading from /proc/net/xt_qtaguid/stats. Please check if this file exists.
07-25 19:56:24.542 18604 18777 E QTagParser: Error reading from /proc/net/xt_qtaguid/stats. Please check if this file exists.
07-25 19:57:09.601 18604 18777 E QTagParser: Error reading from /proc/net/xt_qtaguid/stats. Please check if this file exists.
07-25 19:57:09.613 18604 18777 E QTagParser: Error reading from /proc/net/xt_qtaguid/stats. Please check if this file exists.
07-25 19:57:47.194 16566 16566 E oid.apps.photos: Not starting debugger since process cannot load the jdwp agent.
07-25 19:57:47.284 16566 16566 E oid.apps.photos: hiddenapi: Accessing hidden field Ljava/util/Collections$SynchronizedCollection;->mutex:Ljava/lang/Object; (runtime_flags=0, domain=core-platform, api=max-target-o) from Lj$/util/DesugarCollections; (domain=app) using reflection: denied
07-25 19:57:47.285 16566 16566 E oid.apps.photos: hiddenapi: Accessing hidden method Ljava/util/Collections$SynchronizedSet;-><init>(Ljava/util/Set;Ljava/lang/Object;)V (runtime_flags=0, domain=core-platform, api=max-target-o) from Lj$/util/DesugarCollections; (domain=app) using reflection: denied
07-25 19:57:47.285 16566 16566 E oid.apps.photos: hiddenapi: Accessing hidden method Ljava/util/Collections$SynchronizedCollection;-><init>(Ljava/util/Collection;Ljava/lang/Object;)V (runtime_flags=0, domain=core-platform, api=max-target-o) from Lj$/util/DesugarCollections; (domain=app) using reflection: denied
07-25 19:58:09.605 18604 18777 E QTagParser: Error reading from /proc/net/xt_qtaguid/stats. Please check if this file exists.
07-25 19:58:09.619 18604 18777 E QTagParser: Error reading from /proc/net/xt_qtaguid/stats. Please check if this file exists.
07-25 19:59:09.595 18604 18777 E QTagParser: Error reading from /proc/net/xt_qtaguid/stats. Please check if this file exists.
07-25 19:59:09.617 18604 18777 E QTagParser: Error reading from /proc/net/xt_qtaguid/stats. Please check if this file exists.
07-25 19:59:09.659 18604 18777 E QTagParser: Error reading from /proc/net/xt_qtaguid/stats. Please check if this file exists.
07-25 19:59:09.665 18604 18777 E QTagParser: Error reading from /proc/net/xt_qtaguid/stats. Please check if this file exists.
07-25 20:00:09.664 18604 18777 E QTagParser: Error reading from /proc/net/xt_qtaguid/stats. Please check if this file exists.
07-25 20:00:09.687 18604 18777 E QTagParser: Error reading from /proc/net/xt_qtaguid/stats. Please check if this file exists.
07-25 20:00:22.748 16878 16878 E .android.videos: Not starting debugger since process cannot load the jdwp agent.
07-25 20:00:23.110 16878 16950 E .android.videos: hiddenapi: Accessing hidden field Ljava/util/Collections$SynchronizedCollection;->mutex:Ljava/lang/Object; (runtime_flags=0, domain=core-platform, api=max-target-o) from Lj$/util/DesugarCollections; (domain=app) using reflection: denied
07-25 20:00:23.110 16878 16950 E .android.videos: hiddenapi: Accessing hidden method Ljava/util/Collections$SynchronizedSet;-><init>(Ljava/util/Set;Ljava/lang/Object;)V (runtime_flags=0, domain=core-platform, api=max-target-o) from Lj$/util/DesugarCollections; (domain=app) using reflection: denied
07-25 20:00:23.110 16878 16950 E .android.videos: hiddenapi: Accessing hidden method Ljava/util/Collections$SynchronizedCollection;-><init>(Ljava/util/Collection;Ljava/lang/Object;)V (runtime_flags=0, domain=core-platform, api=max-target-o) from Lj$/util/DesugarCollections; (domain=app) using reflection: denied
07-25 20:00:23.141 18604 18777 E QTagParser: Error reading from /proc/net/xt_qtaguid/stats. Please check if this file exists.
07-25 20:00:23.155 18604 18777 E QTagParser: Error reading from /proc/net/xt_qtaguid/stats. Please check if this file exists.
07-25 20:00:23.269 16878 16994 E PlayMovies: hmx.a:9 No worker key associated with this task with tags: [com.google.android.libraries.locale.manager.SyncApplicationLocalesWorker]
07-25 20:00:23.269 16878 16994 E PlayMovies: 
07-25 20:00:23.271 16878 16994 E PlayMovies: gev.a:9 No worker key associated with this task with tags: [com.google.android.libraries.locale.manager.SyncApplicationLocalesWorker]
07-25 20:00:23.271 16878 16994 E PlayMovies: 
07-25 20:00:23.279 16878 17011 E PlayMovies: hmx.a:9 No worker key associated with this task with tags: [com.google.android.libraries.locale.manager.SyncApplicationLocalesWorker]
07-25 20:00:23.279 16878 17011 E PlayMovies: 
07-25 20:00:23.280 16878 17011 E PlayMovies: gev.a:9 No worker key associated with this task with tags: [com.google.android.libraries.locale.manager.SyncApplicationLocalesWorker]
07-25 20:00:23.280 16878 17011 E PlayMovies: 
07-25 20:00:23.282 16878 17009 E PlayMovies: hmx.a:9 No worker key associated with this task with tags: [com.google.android.libraries.locale.manager.SyncApplicationLocalesWorker]
07-25 20:00:23.282 16878 17009 E PlayMovies: 
07-25 20:00:23.282 16878 17009 E PlayMovies: gev.a:9 No worker key associated with this task with tags: [com.google.android.libraries.locale.manager.SyncApplicationLocalesWorker]
07-25 20:00:23.282 16878 17009 E PlayMovies: 
07-25 20:00:23.284 16878 17009 E PlayMovies: hmx.a:9 No worker key associated with this task with tags: [com.google.android.libraries.locale.manager.SyncApplicationLocalesWorker]
07-25 20:00:23.284 16878 17009 E PlayMovies: 
07-25 20:00:23.284 16878 17009 E PlayMovies: gev.a:9 No worker key associated with this task with tags: [com.google.android.libraries.locale.manager.SyncApplicationLocalesWorker]
07-25 20:00:23.284 16878 17009 E PlayMovies: 
07-25 20:00:23.286 16878 17009 E PlayMovies: hmx.a:9 No worker key associated with this task with tags: [com.google.android.libraries.locale.manager.SyncApplicationLocalesWorker]
07-25 20:00:23.286 16878 17009 E PlayMovies: 
07-25 20:00:23.286 16878 17009 E PlayMovies: gev.a:9 No worker key associated with this task with tags: [com.google.android.libraries.locale.manager.SyncApplicationLocalesWorker]
07-25 20:00:23.286 16878 17009 E PlayMovies: 
07-25 20:00:23.288 16878 17009 E PlayMovies: hmx.a:9 No worker key associated with this task with tags: [com.google.android.libraries.locale.manager.SyncApplicationLocalesWorker]
07-25 20:00:23.288 16878 17009 E PlayMovies: 
07-25 20:00:23.289 16878 17009 E PlayMovies: gev.a:9 No worker key associated with this task with tags: [com.google.android.libraries.locale.manager.SyncApplicationLocalesWorker]
07-25 20:00:23.289 16878 17009 E PlayMovies: 
07-25 20:00:25.894 17118 17118 E .android.camera: Not starting debugger since process cannot load the jdwp agent.
07-25 20:00:26.428 22590 22704 E WorkSourceUtil: Could not find package: gms_cast_prober
07-25 20:00:26.435 22590 22704 E WorkSourceUtil: Could not find package: gms_cast_prober
07-25 20:00:26.437 22590 22704 E WorkSourceUtil: Could not find package: gms_cast_prober
07-25 20:00:26.438 22590 22704 E WorkSourceUtil: Could not find package: gms_cast_prober
07-25 20:00:26.439 22590 22704 E WorkSourceUtil: Could not find package: gms_cast_prober
07-25 20:00:26.439 22590 22704 E WorkSourceUtil: Could not find package: gms_cast_prober
07-25 20:00:26.439 22590 22704 E WorkSourceUtil: Could not find package: gms_cast_prober
07-25 20:00:26.440 22590 22704 E WorkSourceUtil: Could not find package: gms_cast_prober
07-25 20:00:26.591 22590 17188 E AuthPII : [RequestTokenManager] getToken() -> BAD_AUTHENTICATION. App: com.google.android.gms, Service: oauth2:**********************************************
07-25 20:00:26.591 22590 17188 E AuthPII : aymv: Long live credential not available.
07-25 20:00:26.591 22590 17188 E AuthPII : 	at aciz.a(:com.google.android.gms@252635029@25.26.35 (190400-783060121):1277)
07-25 20:00:26.591 22590 17188 E AuthPII : 	at acjf.b(:com.google.android.gms@252635029@25.26.35 (190400-783060121):30)
07-25 20:00:26.591 22590 17188 E AuthPII : 	at acjd.a(:com.google.android.gms@252635029@25.26.35 (190400-783060121):552)
07-25 20:00:26.591 22590 17188 E AuthPII : 	at acjc.b(:com.google.android.gms@252635029@25.26.35 (190400-783060121):115)
07-25 20:00:26.591 22590 17188 E AuthPII : 	at vtb.h(:com.google.android.gms@252635029@25.26.35 (190400-783060121):497)
07-25 20:00:26.591 22590 17188 E AuthPII : 	at vtb.d(:com.google.android.gms@252635029@25.26.35 (190400-783060121):145)
07-25 20:00:26.591 22590 17188 E AuthPII : 	at abnb.a(:com.google.android.gms@252635029@25.26.35 (190400-783060121):33)
07-25 20:00:26.591 22590 17188 E AuthPII : 	at abnh.l(:com.google.android.gms@252635029@25.26.35 (190400-783060121):34)
07-25 20:00:26.591 22590 17188 E AuthPII : 	at abnh.n(:com.google.android.gms@252635029@25.26.35 (190400-783060121):64)
07-25 20:00:26.591 22590 17188 E AuthPII : 	at abnh.g(:com.google.android.gms@252635029@25.26.35 (190400-783060121):4)
07-25 20:00:26.591 22590 17188 E AuthPII : 	at acau.d(:com.google.android.gms@252635029@25.26.35 (190400-783060121):33)
07-25 20:00:26.591 22590 17188 E AuthPII : 	at acau.b(:com.google.android.gms@252635029@25.26.35 (190400-783060121):6)
07-25 20:00:26.591 22590 17188 E AuthPII : 	at fmrr.d(:com.google.android.gms@252635029@25.26.35 (190400-783060121):37)
07-25 20:00:26.591 22590 17188 E AuthPII : 	at fmrr.h(:com.google.android.gms@252635029@25.26.35 (190400-783060121):1)
07-25 20:00:26.591 22590 17188 E AuthPII : 	at fmrd.run(:com.google.android.gms@252635029@25.26.35 (190400-783060121):7)
07-25 20:00:26.591 22590 17188 E AuthPII : 	at java.util.concurrent.ThreadPoolExecutor.runWorker(ThreadPoolExecutor.java:1156)
07-25 20:00:26.591 22590 17188 E AuthPII : 	at java.util.concurrent.ThreadPoolExecutor$Worker.run(ThreadPoolExecutor.java:651)
07-25 20:00:26.591 22590 17188 E AuthPII : 	at java.lang.Thread.run(Thread.java:1119)
07-25 20:00:26.592 22590 17188 E AuthPII : Message is Long live credential not available.
07-25 20:00:26.592 22590 17188 E AuthPII : aymv: Long live credential not available.
07-25 20:00:26.592 22590 17188 E AuthPII : 	at aciz.a(:com.google.android.gms@252635029@25.26.35 (190400-783060121):1277)
07-25 20:00:26.592 22590 17188 E AuthPII : 	at acjf.b(:com.google.android.gms@252635029@25.26.35 (190400-783060121):30)
07-25 20:00:26.592 22590 17188 E AuthPII : 	at acjd.a(:com.google.android.gms@252635029@25.26.35 (190400-783060121):552)
07-25 20:00:26.592 22590 17188 E AuthPII : 	at acjc.b(:com.google.android.gms@252635029@25.26.35 (190400-783060121):115)
07-25 20:00:26.592 22590 17188 E AuthPII : 	at vtb.h(:com.google.android.gms@252635029@25.26.35 (190400-783060121):497)
07-25 20:00:26.592 22590 17188 E AuthPII : 	at vtb.d(:com.google.android.gms@252635029@25.26.35 (190400-783060121):145)
07-25 20:00:26.592 22590 17188 E AuthPII : 	at abnb.a(:com.google.android.gms@252635029@25.26.35 (190400-783060121):33)
07-25 20:00:26.592 22590 17188 E AuthPII : 	at abnh.l(:com.google.android.gms@252635029@25.26.35 (190400-783060121):34)
07-25 20:00:26.592 22590 17188 E AuthPII : 	at abnh.n(:com.google.android.gms@252635029@25.26.35 (190400-783060121):64)
07-25 20:00:26.592 22590 17188 E AuthPII : 	at abnh.g(:com.google.android.gms@252635029@25.26.35 (190400-783060121):4)
07-25 20:00:26.592 22590 17188 E AuthPII : 	at acau.d(:com.google.android.gms@252635029@25.26.35 (190400-783060121):33)
07-25 20:00:26.592 22590 17188 E AuthPII : 	at acau.b(:com.google.android.gms@252635029@25.26.35 (190400-783060121):6)
07-25 20:00:26.592 22590 17188 E AuthPII : 	at fmrr.d(:com.google.android.gms@252635029@25.26.35 (190400-783060121):37)
07-25 20:00:26.592 22590 17188 E AuthPII : 	at fmrr.h(:com.google.android.gms@252635029@25.26.35 (190400-783060121):1)
07-25 20:00:26.592 22590 17188 E AuthPII : 	at fmrd.run(:com.google.android.gms@252635029@25.26.35 (190400-783060121):7)
07-25 20:00:26.592 22590 17188 E AuthPII : 	at java.util.concurrent.ThreadPoolExecutor.runWorker(ThreadPoolExecutor.java:1156)
07-25 20:00:26.592 22590 17188 E AuthPII : 	at java.util.concurrent.ThreadPoolExecutor$Worker.run(ThreadPoolExecutor.java:651)
07-25 20:00:26.592 22590 17188 E AuthPII : 	at java.lang.Thread.run(Thread.java:1119)
07-25 20:00:26.710 22590 17188 E GoogleAuthProviderImpl: User recoverable exception happened while getting authentication token. You need to allowlist your application.
07-25 20:00:26.710 22590 17188 E GoogleAuthProviderImpl: com.google.android.gms.auth.UserRecoverableAuthException: BadAuthentication
07-25 20:00:26.710 22590 17188 E GoogleAuthProviderImpl: 	at abnh.k(:com.google.android.gms@252635029@25.26.35 (190400-783060121):34)
07-25 20:00:26.710 22590 17188 E GoogleAuthProviderImpl: 	at abnb.a(:com.google.android.gms@252635029@25.26.35 (190400-783060121):122)
07-25 20:00:26.710 22590 17188 E GoogleAuthProviderImpl: 	at abnh.l(:com.google.android.gms@252635029@25.26.35 (190400-783060121):34)
07-25 20:00:26.710 22590 17188 E GoogleAuthProviderImpl: 	at abnh.n(:com.google.android.gms@252635029@25.26.35 (190400-783060121):64)
07-25 20:00:26.710 22590 17188 E GoogleAuthProviderImpl: 	at abnh.g(:com.google.android.gms@252635029@25.26.35 (190400-783060121):4)
07-25 20:00:26.710 22590 17188 E GoogleAuthProviderImpl: 	at acau.d(:com.google.android.gms@252635029@25.26.35 (190400-783060121):33)
07-25 20:00:26.710 22590 17188 E GoogleAuthProviderImpl: 	at acau.b(:com.google.android.gms@252635029@25.26.35 (190400-783060121):6)
07-25 20:00:26.710 22590 17188 E GoogleAuthProviderImpl: 	at fmrr.d(:com.google.android.gms@252635029@25.26.35 (190400-783060121):37)
07-25 20:00:26.710 22590 17188 E GoogleAuthProviderImpl: 	at fmrr.h(:com.google.android.gms@252635029@25.26.35 (190400-783060121):1)
07-25 20:00:26.710 22590 17188 E GoogleAuthProviderImpl: 	at fmrd.run(:com.google.android.gms@252635029@25.26.35 (190400-783060121):7)
07-25 20:00:26.710 22590 17188 E GoogleAuthProviderImpl: 	at java.util.concurrent.ThreadPoolExecutor.runWorker(ThreadPoolExecutor.java:1156)
07-25 20:00:26.710 22590 17188 E GoogleAuthProviderImpl: 	at java.util.concurrent.ThreadPoolExecutor$Worker.run(ThreadPoolExecutor.java:651)
07-25 20:00:26.710 22590 17188 E GoogleAuthProviderImpl: 	at java.lang.Thread.run(Thread.java:1119)
07-25 20:00:27.004 22590 17188 E NetworkCallerGrpc: Failed to get survey startup config.
07-25 20:00:27.020 22590 17188 E AuthPII : [RequestTokenManager] getToken() -> BAD_AUTHENTICATION. App: com.google.android.gms, Service: oauth2:**********************************************
07-25 20:00:27.020 22590 17188 E AuthPII : aymv: Long live credential not available.
07-25 20:00:27.020 22590 17188 E AuthPII : 	at aciz.a(:com.google.android.gms@252635029@25.26.35 (190400-783060121):1277)
07-25 20:00:27.020 22590 17188 E AuthPII : 	at acjf.b(:com.google.android.gms@252635029@25.26.35 (190400-783060121):30)
07-25 20:00:27.020 22590 17188 E AuthPII : 	at acjd.a(:com.google.android.gms@252635029@25.26.35 (190400-783060121):552)
07-25 20:00:27.020 22590 17188 E AuthPII : 	at acjc.b(:com.google.android.gms@252635029@25.26.35 (190400-783060121):115)
07-25 20:00:27.020 22590 17188 E AuthPII : 	at vtb.h(:com.google.android.gms@252635029@25.26.35 (190400-783060121):497)
07-25 20:00:27.020 22590 17188 E AuthPII : 	at vtb.d(:com.google.android.gms@252635029@25.26.35 (190400-783060121):145)
07-25 20:00:27.020 22590 17188 E AuthPII : 	at abnb.a(:com.google.android.gms@252635029@25.26.35 (190400-783060121):33)
07-25 20:00:27.020 22590 17188 E AuthPII : 	at abnh.l(:com.google.android.gms@252635029@25.26.35 (190400-783060121):34)
07-25 20:00:27.020 22590 17188 E AuthPII : 	at abnh.n(:com.google.android.gms@252635029@25.26.35 (190400-783060121):64)
07-25 20:00:27.020 22590 17188 E AuthPII : 	at abnh.g(:com.google.android.gms@252635029@25.26.35 (190400-783060121):4)
07-25 20:00:27.020 22590 17188 E AuthPII : 	at acau.d(:com.google.android.gms@252635029@25.26.35 (190400-783060121):33)
07-25 20:00:27.020 22590 17188 E AuthPII : 	at acau.b(:com.google.android.gms@252635029@25.26.35 (190400-783060121):6)
07-25 20:00:27.020 22590 17188 E AuthPII : 	at fmrr.d(:com.google.android.gms@252635029@25.26.35 (190400-783060121):37)
07-25 20:00:27.020 22590 17188 E AuthPII : 	at fmrr.f(:com.google.android.gms@252635029@25.26.35 (190400-783060121):3)
07-25 20:00:27.020 22590 17188 E AuthPII : 	at fmre.run(:com.google.android.gms@252635029@25.26.35 (190400-783060121):7)
07-25 20:00:27.020 22590 17188 E AuthPII : 	at java.util.concurrent.ThreadPoolExecutor.runWorker(ThreadPoolExecutor.java:1156)
07-25 20:00:27.020 22590 17188 E AuthPII : 	at java.util.concurrent.ThreadPoolExecutor$Worker.run(ThreadPoolExecutor.java:651)
07-25 20:00:27.020 22590 17188 E AuthPII : 	at java.lang.Thread.run(Thread.java:1119)
07-25 20:00:27.020 22590 17188 E AuthPII : Message is Long live credential not available.
07-25 20:00:27.020 22590 17188 E AuthPII : aymv: Long live credential not available.
07-25 20:00:27.020 22590 17188 E AuthPII : 	at aciz.a(:com.google.android.gms@252635029@25.26.35 (190400-783060121):1277)
07-25 20:00:27.020 22590 17188 E AuthPII : 	at acjf.b(:com.google.android.gms@252635029@25.26.35 (190400-783060121):30)
07-25 20:00:27.020 22590 17188 E AuthPII : 	at acjd.a(:com.google.android.gms@252635029@25.26.35 (190400-783060121):552)
07-25 20:00:27.020 22590 17188 E AuthPII : 	at acjc.b(:com.google.android.gms@252635029@25.26.35 (190400-783060121):115)
07-25 20:00:27.020 22590 17188 E AuthPII : 	at vtb.h(:com.google.android.gms@252635029@25.26.35 (190400-783060121):497)
07-25 20:00:27.020 22590 17188 E AuthPII : 	at vtb.d(:com.google.android.gms@252635029@25.26.35 (190400-783060121):145)
07-25 20:00:27.020 22590 17188 E AuthPII : 	at abnb.a(:com.google.android.gms@252635029@25.26.35 (190400-783060121):33)
07-25 20:00:27.020 22590 17188 E AuthPII : 	at abnh.l(:com.google.android.gms@252635029@25.26.35 (190400-783060121):34)
07-25 20:00:27.020 22590 17188 E AuthPII : 	at abnh.n(:com.google.android.gms@252635029@25.26.35 (190400-783060121):64)
07-25 20:00:27.020 22590 17188 E AuthPII : 	at abnh.g(:com.google.android.gms@252635029@25.26.35 (190400-783060121):4)
07-25 20:00:27.020 22590 17188 E AuthPII : 	at acau.d(:com.google.android.gms@252635029@25.26.35 (190400-783060121):33)
07-25 20:00:27.020 22590 17188 E AuthPII : 	at acau.b(:com.google.android.gms@252635029@25.26.35 (190400-783060121):6)
07-25 20:00:27.020 22590 17188 E AuthPII : 	at fmrr.d(:com.google.android.gms@252635029@25.26.35 (190400-783060121):37)
07-25 20:00:27.020 22590 17188 E AuthPII : 	at fmrr.f(:com.google.android.gms@252635029@25.26.35 (190400-783060121):3)
07-25 20:00:27.020 22590 17188 E AuthPII : 	at fmre.run(:com.google.android.gms@252635029@25.26.35 (190400-783060121):7)
07-25 20:00:27.020 22590 17188 E AuthPII : 	at java.util.concurrent.ThreadPoolExecutor.runWorker(ThreadPoolExecutor.java:1156)
07-25 20:00:27.020 22590 17188 E AuthPII : 	at java.util.concurrent.ThreadPoolExecutor$Worker.run(ThreadPoolExecutor.java:651)
07-25 20:00:27.020 22590 17188 E AuthPII : 	at java.lang.Thread.run(Thread.java:1119)
07-25 20:00:27.047 22590 17188 E GoogleAuthProviderImpl: User recoverable exception happened while getting authentication token. You need to allowlist your application.
07-25 20:00:27.047 22590 17188 E GoogleAuthProviderImpl: com.google.android.gms.auth.UserRecoverableAuthException: BadAuthentication
07-25 20:00:27.047 22590 17188 E GoogleAuthProviderImpl: 	at abnh.k(:com.google.android.gms@252635029@25.26.35 (190400-783060121):34)
07-25 20:00:27.047 22590 17188 E GoogleAuthProviderImpl: 	at abnb.a(:com.google.android.gms@252635029@25.26.35 (190400-783060121):122)
07-25 20:00:27.047 22590 17188 E GoogleAuthProviderImpl: 	at abnh.l(:com.google.android.gms@252635029@25.26.35 (190400-783060121):34)
07-25 20:00:27.047 22590 17188 E GoogleAuthProviderImpl: 	at abnh.n(:com.google.android.gms@252635029@25.26.35 (190400-783060121):64)
07-25 20:00:27.047 22590 17188 E GoogleAuthProviderImpl: 	at abnh.g(:com.google.android.gms@252635029@25.26.35 (190400-783060121):4)
07-25 20:00:27.047 22590 17188 E GoogleAuthProviderImpl: 	at acau.d(:com.google.android.gms@252635029@25.26.35 (190400-783060121):33)
07-25 20:00:27.047 22590 17188 E GoogleAuthProviderImpl: 	at acau.b(:com.google.android.gms@252635029@25.26.35 (190400-783060121):6)
07-25 20:00:27.047 22590 17188 E GoogleAuthProviderImpl: 	at fmrr.d(:com.google.android.gms@252635029@25.26.35 (190400-783060121):37)
07-25 20:00:27.047 22590 17188 E GoogleAuthProviderImpl: 	at fmrr.f(:com.google.android.gms@252635029@25.26.35 (190400-783060121):3)
07-25 20:00:27.047 22590 17188 E GoogleAuthProviderImpl: 	at fmre.run(:com.google.android.gms@252635029@25.26.35 (190400-783060121):7)
07-25 20:00:27.047 22590 17188 E GoogleAuthProviderImpl: 	at java.util.concurrent.ThreadPoolExecutor.runWorker(ThreadPoolExecutor.java:1156)
07-25 20:00:27.047 22590 17188 E GoogleAuthProviderImpl: 	at java.util.concurrent.ThreadPoolExecutor$Worker.run(ThreadPoolExecutor.java:651)
07-25 20:00:27.047 22590 17188 E GoogleAuthProviderImpl: 	at java.lang.Thread.run(Thread.java:1119)
07-25 20:00:27.056 22590 17188 E NetworkCallerGrpc: Failed to fetch survey.
07-25 20:00:27.056 22590 22590 E CastHatsSurveyManager: Survey instance is not available for user anonymous! SurveyRequest.ErrorType: FAILED_TO_FETCH_SURVEY
07-25 20:04:57.738 18024 18024 E .nbu.paisa.user: Not starting debugger since process cannot load the jdwp agent.
07-25 20:04:57.988 18084 18084 E om.iqoo.website: Not starting debugger since process cannot load the jdwp agent.
07-25 20:04:58.366 18024 18155 E .nbu.paisa.user: No package ID 6a found for ID 0x6a0b000f.
07-25 20:04:58.373 18024 18024 E BLASTBufferQueue: Cannot find perfservice
07-25 20:04:58.457 18084 18084 E VgcSdkManager: VgcSdkManager init versionName:*******
07-25 20:04:58.514 18084 18211 E VivoPush.Client.Utility: (18084)client is null
07-25 20:04:58.518 18084 18211 E VivoPush.Client.Utility: (18084)queryContentResolver
07-25 20:04:58.518 18084 18211 E VivoPush.Client.Utility: java.lang.UnsupportedOperationException: Unknown URI content://com.vivo.push.sdk.service.SystemPushConfig/agreePrivacyStatement
07-25 20:04:58.518 18084 18211 E VivoPush.Client.Utility: 	at android.database.DatabaseUtils.readExceptionFromParcel(DatabaseUtils.java:174)
07-25 20:04:58.518 18084 18211 E VivoPush.Client.Utility: 	at android.database.DatabaseUtils.readExceptionFromParcel(DatabaseUtils.java:142)
07-25 20:04:58.518 18084 18211 E VivoPush.Client.Utility: 	at android.content.ContentProviderProxy.query(ContentProviderNative.java:481)
07-25 20:04:58.518 18084 18211 E VivoPush.Client.Utility: 	at android.content.ContentProviderClient.query(ContentProviderClient.java:196)
07-25 20:04:58.518 18084 18211 E VivoPush.Client.Utility: 	at android.content.ContentProviderClient.query(ContentProviderClient.java:178)
07-25 20:04:58.518 18084 18211 E VivoPush.Client.Utility: 	at android.content.ContentProviderClient.query(ContentProviderClient.java:168)
07-25 20:04:58.518 18084 18211 E VivoPush.Client.Utility: 	at com.vivo.push.util.ag.a(SourceFile:134)
07-25 20:04:58.518 18084 18211 E VivoPush.Client.Utility: 	at com.vivo.push.util.ag.a(SourceFile:114)
07-25 20:04:58.518 18084 18211 E VivoPush.Client.Utility: 	at com.vivo.push.restructure.b.e.run(SourceFile:1)
07-25 20:04:58.518 18084 18211 E VivoPush.Client.Utility: 	at java.util.concurrent.ThreadPoolExecutor.runWorker(ThreadPoolExecutor.java:1156)
07-25 20:04:58.518 18084 18211 E VivoPush.Client.Utility: 	at java.util.concurrent.ThreadPoolExecutor$Worker.run(ThreadPoolExecutor.java:651)
07-25 20:04:58.518 18084 18211 E VivoPush.Client.Utility: 	at java.lang.Thread.run(Thread.java:1119)
07-25 20:04:58.518 18084 18211 E VivoPush.Client.Utility: (18084)cursor is null
07-25 20:04:58.712 18024 18024 E SurfaceSyncer: Failed to find sync for id=0
07-25 20:04:58.712 18024 18024 E SurfaceSyncer: Failed to find sync for id=1
07-25 20:04:58.932 18306 18306 E i.poweroffalarm: Not starting debugger since process cannot load the jdwp agent.
07-25 20:04:59.051 16265 16475 E nk:link.monitor: hiddenapi: Accessing hidden method Landroid/net/SSLSessionCache;->install(Landroid/net/SSLSessionCache;Ljavax/net/ssl/SSLContext;)V (runtime_flags=0, domain=platform, api=max-target-o) from Lcom/oplus/nearx/track/internal/upload/net/SSLHelper; (domain=app) using reflection: denied
07-25 20:05:01.179 16878 16994 E PlayMovies: hmx.a:9 No worker key associated with this task with tags: [com.google.android.libraries.notifications.scheduled.impl.workmanager.ChimeScheduledTaskWorker]
07-25 20:05:01.179 16878 16994 E PlayMovies: 
07-25 20:05:01.180 16878 16994 E PlayMovies: gev.a:9 No worker key associated with this task with tags: [com.google.android.libraries.notifications.scheduled.impl.workmanager.ChimeScheduledTaskWorker]
07-25 20:05:01.180 16878 16994 E PlayMovies: 
07-25 20:05:01.265 18650 18650 E ndroid.calendar: Not starting debugger since process cannot load the jdwp agent.
07-25 20:05:01.365 21106 18683 E adservices.measurement: ImmediateAggregateReportingJobService.runWithLock(AGGREGATE_REPORTING) failed to acquire lock
07-25 20:05:01.545 18024 18692 E GoogleApiManager: Failed to get service from broker. 
07-25 20:05:01.545 18024 18692 E GoogleApiManager: java.lang.SecurityException: Unknown calling package name 'com.google.android.gms'.
07-25 20:05:01.545 18024 18692 E GoogleApiManager: 	at android.os.Parcel.createExceptionOrNull(Parcel.java:3025)
07-25 20:05:01.545 18024 18692 E GoogleApiManager: 	at android.os.Parcel.createException(Parcel.java:3009)
07-25 20:05:01.545 18024 18692 E GoogleApiManager: 	at android.os.Parcel.readException(Parcel.java:2992)
07-25 20:05:01.545 18024 18692 E GoogleApiManager: 	at android.os.Parcel.readException(Parcel.java:2934)
07-25 20:05:01.545 18024 18692 E GoogleApiManager: 	at ayzf.a(:com.google.android.gms@252635029@25.26.35 (190400-783060121):36)
07-25 20:05:01.545 18024 18692 E GoogleApiManager: 	at ayxm.z(:com.google.android.gms@252635029@25.26.35 (190400-783060121):143)
07-25 20:05:01.545 18024 18692 E GoogleApiManager: 	at ayej.run(:com.google.android.gms@252635029@25.26.35 (190400-783060121):42)
07-25 20:05:01.545 18024 18692 E GoogleApiManager: 	at android.os.Handler.handleCallback(Handler.java:942)
07-25 20:05:01.545 18024 18692 E GoogleApiManager: 	at android.os.Handler.dispatchMessage(Handler.java:99)
07-25 20:05:01.545 18024 18692 E GoogleApiManager: 	at civv.mw(:com.google.android.gms@252635029@25.26.35 (190400-783060121):1)
07-25 20:05:01.545 18024 18692 E GoogleApiManager: 	at civv.dispatchMessage(:com.google.android.gms@252635029@25.26.35 (190400-783060121):5)
07-25 20:05:01.545 18024 18692 E GoogleApiManager: 	at android.os.Looper.loopOnce(Looper.java:223)
07-25 20:05:01.545 18024 18692 E GoogleApiManager: 	at android.os.Looper.loop(Looper.java:324)
07-25 20:05:01.545 18024 18692 E GoogleApiManager: 	at android.os.HandlerThread.run(HandlerThread.java:67)
07-25 20:05:01.567 18650 18699 E ndroid.calendar: hiddenapi: Accessing hidden field Ljava/util/Collections$SynchronizedCollection;->mutex:Ljava/lang/Object; (runtime_flags=0, domain=core-platform, api=max-target-o) from Lj$/util/DesugarCollections; (domain=app) using reflection: denied
07-25 20:05:01.567 18650 18699 E ndroid.calendar: hiddenapi: Accessing hidden method Ljava/util/Collections$SynchronizedSet;-><init>(Ljava/util/Set;Ljava/lang/Object;)V (runtime_flags=0, domain=core-platform, api=max-target-o) from Lj$/util/DesugarCollections; (domain=app) using reflection: denied
07-25 20:05:01.567 18650 18699 E ndroid.calendar: hiddenapi: Accessing hidden method Ljava/util/Collections$SynchronizedCollection;-><init>(Ljava/util/Collection;Ljava/lang/Object;)V (runtime_flags=0, domain=core-platform, api=max-target-o) from Lj$/util/DesugarCollections; (domain=app) using reflection: denied
07-25 20:05:01.807 18024 18187 E Firebase-Installations: Firebase Installations can not communicate with Firebase server APIs due to invalid configuration. Please update your Firebase initialization process and set valid Firebase options (API key, Project ID, Application ID) when initializing Firebase.
07-25 20:05:02.823 27816 18078 E WakeLock: GCM_CONN_ALARM ** IS FORCE-RELEASED ON TIMEOUT **
07-25 20:05:03.298 18895 18895 E .android.chrome: Not starting debugger since process cannot load the jdwp agent.
07-25 20:05:03.387 27575 18913 E RequestContextBuilder: Could not get APN after (but including) LollipopMr1: 
07-25 20:05:03.387 27575 18913 E RequestContextBuilder: java.lang.SecurityException: No permission to access APN settings
07-25 20:05:03.387 27575 18913 E RequestContextBuilder: 	at android.os.Parcel.createExceptionOrNull(Parcel.java:3025)
07-25 20:05:03.387 27575 18913 E RequestContextBuilder: 	at android.os.Parcel.createException(Parcel.java:3009)
07-25 20:05:03.387 27575 18913 E RequestContextBuilder: 	at android.os.Parcel.readException(Parcel.java:2992)
07-25 20:05:03.387 27575 18913 E RequestContextBuilder: 	at android.database.DatabaseUtils.readExceptionFromParcel(DatabaseUtils.java:190)
07-25 20:05:03.387 27575 18913 E RequestContextBuilder: 	at android.database.DatabaseUtils.readExceptionFromParcel(DatabaseUtils.java:142)
07-25 20:05:03.387 27575 18913 E RequestContextBuilder: 	at android.content.ContentProviderProxy.query(ContentProviderNative.java:481)
07-25 20:05:03.387 27575 18913 E RequestContextBuilder: 	at android.content.ContentResolver.query(ContentResolver.java:1255)
07-25 20:05:03.387 27575 18913 E RequestContextBuilder: 	at android.content.ContentResolver.query(ContentResolver.java:1182)
07-25 20:05:03.387 27575 18913 E RequestContextBuilder: 	at android.content.ContentResolver.query(ContentResolver.java:1138)
07-25 20:05:03.387 27575 18913 E RequestContextBuilder: 	at fxjk.c(:com.google.android.gms@252635029@25.26.35 (190400-783060121):113)
07-25 20:05:03.387 27575 18913 E RequestContextBuilder: 	at fvyy.c(:com.google.android.gms@252635029@25.26.35 (190400-783060121):434)
07-25 20:05:03.387 27575 18913 E RequestContextBuilder: 	at fvxi.b(:com.google.android.gms@252635029@25.26.35 (190400-783060121):44)
07-25 20:05:03.387 27575 18913 E RequestContextBuilder: 	at hvjb.v(:com.google.android.gms@252635029@25.26.35 (190400-783060121):11)
07-25 20:05:03.387 27575 18913 E RequestContextBuilder: 	at hvtu.run(:com.google.android.gms@252635029@25.26.35 (190400-783060121):112)
07-25 20:05:03.387 27575 18913 E RequestContextBuilder: 	at azsg.c(:com.google.android.gms@252635029@25.26.35 (190400-783060121):50)
07-25 20:05:03.387 27575 18913 E RequestContextBuilder: 	at azsg.run(:com.google.android.gms@252635029@25.26.35 (190400-783060121):70)
07-25 20:05:03.387 27575 18913 E RequestContextBuilder: 	at java.util.concurrent.ThreadPoolExecutor.runWorker(ThreadPoolExecutor.java:1156)
07-25 20:05:03.387 27575 18913 E RequestContextBuilder: 	at java.util.concurrent.ThreadPoolExecutor$Worker.run(ThreadPoolExecutor.java:651)
07-25 20:05:03.387 27575 18913 E RequestContextBuilder: 	at azxy.run(:com.google.android.gms@252635029@25.26.35 (190400-783060121):8)
07-25 20:05:03.387 27575 18913 E RequestContextBuilder: 	at java.lang.Thread.run(Thread.java:1119)
07-25 20:05:04.196 18895 18978 E cr_Linker: blkio cgroup with unexpected name: '/bg'
07-25 20:05:04.446 18895 18978 E cr_Linker: blkio cgroup with unexpected name: '/bg'
07-25 20:05:04.924 18024 19057 E FirebaseInstanceId: Failed to get FIS auth token
07-25 20:05:04.924 18024 19057 E FirebaseInstanceId: java.util.concurrent.ExecutionException: jox: Firebase Installations Service is unavailable. Please try again later.
07-25 20:05:04.924 18024 19057 E FirebaseInstanceId: 	at bpn.q(PG:5)
07-25 20:05:04.924 18024 19057 E FirebaseInstanceId: 	at bpn.k(PG:5)
07-25 20:05:04.924 18024 19057 E FirebaseInstanceId: 	at jol.a(PG:11)
07-25 20:05:04.924 18024 19057 E FirebaseInstanceId: 	at jnk.d(PG:3)
07-25 20:05:04.924 18024 19057 E FirebaseInstanceId: 	at joi.a(PG:5)
07-25 20:05:04.924 18024 19057 E FirebaseInstanceId: 	at elh.run(PG:19)
07-25 20:05:04.924 18024 19057 E FirebaseInstanceId: 	at java.util.concurrent.ThreadPoolExecutor.runWorker(ThreadPoolExecutor.java:1156)
07-25 20:05:04.924 18024 19057 E FirebaseInstanceId: 	at java.util.concurrent.ThreadPoolExecutor$Worker.run(ThreadPoolExecutor.java:651)
07-25 20:05:04.924 18024 19057 E FirebaseInstanceId: 	at sn.run(PG:25)
07-25 20:05:04.924 18024 19057 E FirebaseInstanceId: 	at java.lang.Thread.run(Thread.java:1119)
07-25 20:05:04.924 18024 19057 E FirebaseInstanceId: Caused by: jox: Firebase Installations Service is unavailable. Please try again later.
07-25 20:05:04.924 18024 19057 E FirebaseInstanceId: 	at jpj.b(PG:2)
07-25 20:05:04.924 18024 19057 E FirebaseInstanceId: 	at jou.run(PG:19)
07-25 20:05:04.924 18024 19057 E FirebaseInstanceId: 	at java.util.concurrent.ThreadPoolExecutor.runWorker(ThreadPoolExecutor.java:1156)
07-25 20:05:04.924 18024 19057 E FirebaseInstanceId: 	at java.util.concurrent.ThreadPoolExecutor$Worker.run(ThreadPoolExecutor.java:651)
07-25 20:05:04.924 18024 19057 E FirebaseInstanceId: 	... 1 more
07-25 20:05:05.085 18650 19038 E GoogleApiManager: Failed to get service from broker. 
07-25 20:05:05.085 18650 19038 E GoogleApiManager: java.lang.SecurityException: Unknown calling package name 'com.google.android.gms'.
07-25 20:05:05.085 18650 19038 E GoogleApiManager: 	at android.os.Parcel.createExceptionOrNull(Parcel.java:3025)
07-25 20:05:05.085 18650 19038 E GoogleApiManager: 	at android.os.Parcel.createException(Parcel.java:3009)
07-25 20:05:05.085 18650 19038 E GoogleApiManager: 	at android.os.Parcel.readException(Parcel.java:2992)
07-25 20:05:05.085 18650 19038 E GoogleApiManager: 	at android.os.Parcel.readException(Parcel.java:2934)
07-25 20:05:05.085 18650 19038 E GoogleApiManager: 	at ayzf.a(:com.google.android.gms@252635029@25.26.35 (190400-783060121):36)
07-25 20:05:05.085 18650 19038 E GoogleApiManager: 	at ayxm.z(:com.google.android.gms@252635029@25.26.35 (190400-783060121):143)
07-25 20:05:05.085 18650 19038 E GoogleApiManager: 	at ayej.run(:com.google.android.gms@252635029@25.26.35 (190400-783060121):42)
07-25 20:05:05.085 18650 19038 E GoogleApiManager: 	at android.os.Handler.handleCallback(Handler.java:942)
07-25 20:05:05.085 18650 19038 E GoogleApiManager: 	at android.os.Handler.dispatchMessage(Handler.java:99)
07-25 20:05:05.085 18650 19038 E GoogleApiManager: 	at civv.mw(:com.google.android.gms@252635029@25.26.35 (190400-783060121):1)
07-25 20:05:05.085 18650 19038 E GoogleApiManager: 	at civv.dispatchMessage(:com.google.android.gms@252635029@25.26.35 (190400-783060121):5)
07-25 20:05:05.085 18650 19038 E GoogleApiManager: 	at android.os.Looper.loopOnce(Looper.java:223)
07-25 20:05:05.085 18650 19038 E GoogleApiManager: 	at android.os.Looper.loop(Looper.java:324)
07-25 20:05:05.085 18650 19038 E GoogleApiManager: 	at android.os.HandlerThread.run(HandlerThread.java:67)
07-25 20:05:06.755 18024 19056 E FirebaseInstanceId: Topic sync or token retrieval failed on hard failure exceptions: FIS_AUTH_ERROR. Won't retry the operation.
07-25 20:05:07.376 18024 19201 E chromium: [0725/200507.376568:ERROR:android_webview/browser/variations/variations_seed_loader.cc:39] Seed missing signature.
07-25 20:05:07.411 19204 19204 E com.jpl.jiomart: Not starting debugger since process cannot load the jdwp agent.
07-25 20:05:07.430 19218 19218 E libc    : SetHeapTaggingLevel: re-enabling tagging after it was disabled is not supported
07-25 20:05:07.445 19215 19215 E webview_service: Not starting debugger since process cannot load the jdwp agent.
07-25 20:05:07.451 19218 19218 E ocessService0:0: Not starting debugger since process cannot load the jdwp agent.
07-25 20:05:07.495 19240 19240 E iew:webview_apk: Not starting debugger since process cannot load the jdwp agent.
07-25 20:05:08.283 19204 19373 E com.jpl.jiomart: Invalid ID 0x00000000.
07-25 20:05:08.500 19422 19422 E eptoconsumerapp: Not starting debugger since process cannot load the jdwp agent.
07-25 20:05:08.523 19204 19329 E com.jpl.jiomart: No package ID 6a found for ID 0x6a0b000f.
07-25 20:05:08.630 18415 19435 E GoogleApiManager: Failed to get service from broker. 
07-25 20:05:08.630 18415 19435 E GoogleApiManager: java.lang.SecurityException: Unknown calling package name 'com.google.android.gms'.
07-25 20:05:08.630 18415 19435 E GoogleApiManager: 	at android.os.Parcel.createExceptionOrNull(Parcel.java:3025)
07-25 20:05:08.630 18415 19435 E GoogleApiManager: 	at android.os.Parcel.createException(Parcel.java:3009)
07-25 20:05:08.630 18415 19435 E GoogleApiManager: 	at android.os.Parcel.readException(Parcel.java:2992)
07-25 20:05:08.630 18415 19435 E GoogleApiManager: 	at android.os.Parcel.readException(Parcel.java:2934)
07-25 20:05:08.630 18415 19435 E GoogleApiManager: 	at ayzf.a(:com.google.android.gms@252635029@25.26.35 (190400-783060121):36)
07-25 20:05:08.630 18415 19435 E GoogleApiManager: 	at ayxm.z(:com.google.android.gms@252635029@25.26.35 (190400-783060121):143)
07-25 20:05:08.630 18415 19435 E GoogleApiManager: 	at ayej.run(:com.google.android.gms@252635029@25.26.35 (190400-783060121):42)
07-25 20:05:08.630 18415 19435 E GoogleApiManager: 	at android.os.Handler.handleCallback(Handler.java:942)
07-25 20:05:08.630 18415 19435 E GoogleApiManager: 	at android.os.Handler.dispatchMessage(Handler.java:99)
07-25 20:05:08.630 18415 19435 E GoogleApiManager: 	at civv.mw(:com.google.android.gms@252635029@25.26.35 (190400-783060121):1)
07-25 20:05:08.630 18415 19435 E GoogleApiManager: 	at civv.dispatchMessage(:com.google.android.gms@252635029@25.26.35 (190400-783060121):5)
07-25 20:05:08.630 18415 19435 E GoogleApiManager: 	at android.os.Looper.loopOnce(Looper.java:223)
07-25 20:05:08.630 18415 19435 E GoogleApiManager: 	at android.os.Looper.loop(Looper.java:324)
07-25 20:05:08.630 18415 19435 E GoogleApiManager: 	at android.os.HandlerThread.run(HandlerThread.java:67)
07-25 20:05:09.650 19422 19537 E eptoconsumerapp: No package ID 6a found for ID 0x6a0b000f.
07-25 20:05:09.763 19556 19647 E .apps.wellbeing: hiddenapi: Accessing hidden field Ljava/util/Collections$SynchronizedCollection;->mutex:Ljava/lang/Object; (runtime_flags=0, domain=core-platform, api=max-target-o) from Lj$/util/DesugarCollections; (domain=app) using reflection: denied
07-25 20:05:09.763 19556 19647 E .apps.wellbeing: hiddenapi: Accessing hidden method Ljava/util/Collections$SynchronizedSet;-><init>(Ljava/util/Set;Ljava/lang/Object;)V (runtime_flags=0, domain=core-platform, api=max-target-o) from Lj$/util/DesugarCollections; (domain=app) using reflection: denied
07-25 20:05:09.763 19556 19647 E .apps.wellbeing: hiddenapi: Accessing hidden method Ljava/util/Collections$SynchronizedCollection;-><init>(Ljava/util/Collection;Ljava/lang/Object;)V (runtime_flags=0, domain=core-platform, api=max-target-o) from Lj$/util/DesugarCollections; (domain=app) using reflection: denied
07-25 20:05:10.476 19558 19732 E BMP:CYFManager: AkamaiBMP SDK is not initialized
07-25 20:05:10.617 19558 19658 E com.makemytrip: No package ID 6a found for ID 0x6a0b000f.
07-25 20:05:11.230 19558 19735 E BMP:CYFManager: AkamaiBMP SDK is not initialized
07-25 20:05:11.497 18024 18692 E GoogleApiManager: Failed to get service from broker. 
07-25 20:05:11.497 18024 18692 E GoogleApiManager: java.lang.SecurityException: Unknown calling package name 'com.google.android.gms'.
07-25 20:05:11.497 18024 18692 E GoogleApiManager: 	at android.os.Parcel.createExceptionOrNull(Parcel.java:3025)
07-25 20:05:11.497 18024 18692 E GoogleApiManager: 	at android.os.Parcel.createException(Parcel.java:3009)
07-25 20:05:11.497 18024 18692 E GoogleApiManager: 	at android.os.Parcel.readException(Parcel.java:2992)
07-25 20:05:11.497 18024 18692 E GoogleApiManager: 	at android.os.Parcel.readException(Parcel.java:2934)
07-25 20:05:11.497 18024 18692 E GoogleApiManager: 	at ayzf.a(:com.google.android.gms@252635029@25.26.35 (190400-783060121):36)
07-25 20:05:11.497 18024 18692 E GoogleApiManager: 	at ayxm.z(:com.google.android.gms@252635029@25.26.35 (190400-783060121):143)
